Component: ARM Compiler 5.06 update 6 (build 750) Tool: armlink [4d35ed]

==============================================================================

Section Cross References

    main.o(i.main) refers to printf1.o(i.__0printf$1) for __2printf
    main.o(i.main) refers to main.o(i.delay) for delay
    main.o(i.main) refers to isp.o(.emb_text) for ISP_GoToResetHandler
    system_config.o(i.Error_Handler) refers to printf1.o(i.__0printf$1) for __2printf
    system_config.o(i.SystemClock_Config) refers to memseta.o(.text) for __aeabi_memclr4
    system_config.o(i.SystemClock_Config) refers to stm32f2xx_hal_rcc.o(i.HAL_RCC_OscConfig) for HAL_RCC_OscConfig
    system_config.o(i.SystemClock_Config) refers to system_config.o(i.Error_Handler) for Error_Handler
    system_config.o(i.SystemClock_Config) refers to stm32f2xx_hal_rcc.o(i.HAL_RCC_ClockConfig) for HAL_RCC_ClockConfig
    ivt_test.o(i.ADC_IRQHandler) refers to printf1.o(i.__0printf$1) for __2printf
    ivt_test.o(i.CAN1_RX0_IRQHandler) refers to printf1.o(i.__0printf$1) for __2printf
    ivt_test.o(i.CAN1_RX1_IRQHandler) refers to printf1.o(i.__0printf$1) for __2printf
    ivt_test.o(i.CAN1_SCE_IRQHandler) refers to printf1.o(i.__0printf$1) for __2printf
    ivt_test.o(i.CAN1_TX_IRQHandler) refers to printf1.o(i.__0printf$1) for __2printf
    ivt_test.o(i.CAN2_RX0_IRQHandler) refers to printf1.o(i.__0printf$1) for __2printf
    ivt_test.o(i.CAN2_RX1_IRQHandler) refers to printf1.o(i.__0printf$1) for __2printf
    ivt_test.o(i.CAN2_SCE_IRQHandler) refers to printf1.o(i.__0printf$1) for __2printf
    ivt_test.o(i.CAN2_TX_IRQHandler) refers to printf1.o(i.__0printf$1) for __2printf
    ivt_test.o(i.DCMI_IRQHandler) refers to printf1.o(i.__0printf$1) for __2printf
    ivt_test.o(i.DMA1_Stream0_IRQHandler) refers to printf1.o(i.__0printf$1) for __2printf
    ivt_test.o(i.DMA1_Stream1_IRQHandler) refers to printf1.o(i.__0printf$1) for __2printf
    ivt_test.o(i.DMA1_Stream2_IRQHandler) refers to printf1.o(i.__0printf$1) for __2printf
    ivt_test.o(i.DMA1_Stream3_IRQHandler) refers to printf1.o(i.__0printf$1) for __2printf
    ivt_test.o(i.DMA1_Stream4_IRQHandler) refers to printf1.o(i.__0printf$1) for __2printf
    ivt_test.o(i.DMA1_Stream5_IRQHandler) refers to printf1.o(i.__0printf$1) for __2printf
    ivt_test.o(i.DMA1_Stream6_IRQHandler) refers to printf1.o(i.__0printf$1) for __2printf
    ivt_test.o(i.DMA1_Stream7_IRQHandler) refers to printf1.o(i.__0printf$1) for __2printf
    ivt_test.o(i.DMA2_Stream0_IRQHandler) refers to printf1.o(i.__0printf$1) for __2printf
    ivt_test.o(i.DMA2_Stream1_IRQHandler) refers to printf1.o(i.__0printf$1) for __2printf
    ivt_test.o(i.DMA2_Stream2_IRQHandler) refers to printf1.o(i.__0printf$1) for __2printf
    ivt_test.o(i.DMA2_Stream3_IRQHandler) refers to printf1.o(i.__0printf$1) for __2printf
    ivt_test.o(i.DMA2_Stream4_IRQHandler) refers to printf1.o(i.__0printf$1) for __2printf
    ivt_test.o(i.DMA2_Stream5_IRQHandler) refers to printf1.o(i.__0printf$1) for __2printf
    ivt_test.o(i.DMA2_Stream6_IRQHandler) refers to printf1.o(i.__0printf$1) for __2printf
    ivt_test.o(i.DMA2_Stream7_IRQHandler) refers to printf1.o(i.__0printf$1) for __2printf
    ivt_test.o(i.ETH_IRQHandler) refers to printf1.o(i.__0printf$1) for __2printf
    ivt_test.o(i.ETH_WKUP_IRQHandler) refers to printf1.o(i.__0printf$1) for __2printf
    ivt_test.o(i.EXTI0_IRQHandler) refers to printf1.o(i.__0printf$1) for __2printf
    ivt_test.o(i.EXTI15_10_IRQHandler) refers to printf1.o(i.__0printf$1) for __2printf
    ivt_test.o(i.EXTI1_IRQHandler) refers to printf1.o(i.__0printf$1) for __2printf
    ivt_test.o(i.EXTI2_IRQHandler) refers to printf1.o(i.__0printf$1) for __2printf
    ivt_test.o(i.EXTI3_IRQHandler) refers to printf1.o(i.__0printf$1) for __2printf
    ivt_test.o(i.EXTI4_IRQHandler) refers to printf1.o(i.__0printf$1) for __2printf
    ivt_test.o(i.EXTI9_5_IRQHandler) refers to printf1.o(i.__0printf$1) for __2printf
    ivt_test.o(i.FLASH_IRQHandler) refers to printf1.o(i.__0printf$1) for __2printf
    ivt_test.o(i.FSMC_IRQHandler) refers to printf1.o(i.__0printf$1) for __2printf
    ivt_test.o(i.HASH_RNG_IRQHandler) refers to printf1.o(i.__0printf$1) for __2printf
    ivt_test.o(i.I2C1_ER_IRQHandler) refers to printf1.o(i.__0printf$1) for __2printf
    ivt_test.o(i.I2C1_EV_IRQHandler) refers to printf1.o(i.__0printf$1) for __2printf
    ivt_test.o(i.I2C2_ER_IRQHandler) refers to printf1.o(i.__0printf$1) for __2printf
    ivt_test.o(i.I2C2_EV_IRQHandler) refers to printf1.o(i.__0printf$1) for __2printf
    ivt_test.o(i.I2C3_ER_IRQHandler) refers to printf1.o(i.__0printf$1) for __2printf
    ivt_test.o(i.I2C3_EV_IRQHandler) refers to printf1.o(i.__0printf$1) for __2printf
    ivt_test.o(i.OTG_FS_IRQHandler) refers to printf1.o(i.__0printf$1) for __2printf
    ivt_test.o(i.OTG_FS_WKUP_IRQHandler) refers to printf1.o(i.__0printf$1) for __2printf
[...]
    startup_stm32f207xx_app.o(RESET) refers to ivt_test.o(i.DMA1_Stream3_IRQHandler) for DMA1_Stream3_IRQHandler
    startup_stm32f207xx_app.o(RESET) refers to ivt_test.o(i.DMA1_Stream4_IRQHandler) for DMA1_Stream4_IRQHandler
    startup_stm32f207xx_app.o(RESET) refers to ivt_test.o(i.DMA1_Stream5_IRQHandler) for DMA1_Stream5_IRQHandler
    startup_stm32f207xx_app.o(RESET) refers to ivt_test.o(i.DMA1_Stream6_IRQHandler) for DMA1_Stream6_IRQHandler
    startup_stm32f207xx_app.o(RESET) refers to ivt_test.o(i.ADC_IRQHandler) for ADC_IRQHandler
    startup_stm32f207xx_app.o(RESET) refers to ivt_test.o(i.CAN1_TX_IRQHandler) for CAN1_TX_IRQHandler
    startup_stm32f207xx_app.o(RESET) refers to ivt_test.o(i.CAN1_RX0_IRQHandler) for CAN1_RX0_IRQHandler
    startup_stm32f207xx_app.o(RESET) refers to ivt_test.o(i.CAN1_RX1_IRQHandler) for CAN1_RX1_IRQHandler
    startup_stm32f207xx_app.o(RESET) refers to ivt_test.o(i.CAN1_SCE_IRQHandler) for CAN1_SCE_IRQHandler
    startup_stm32f207xx_app.o(RESET) refers to ivt_test.o(i.EXTI9_5_IRQHandler) for EXTI9_5_IRQHandler
    startup_stm32f207xx_app.o(RESET) refers to ivt_test.o(i.TIM1_BRK_TIM9_IRQHandler) for TIM1_BRK_TIM9_IRQHandler
    startup_stm32f207xx_app.o(RESET) refers to ivt_test.o(i.TIM1_UP_TIM10_IRQHandler) for TIM1_UP_TIM10_IRQHandler
    startup_stm32f207xx_app.o(RESET) refers to ivt_test.o(i.TIM1_TRG_COM_TIM11_IRQHandler) for TIM1_TRG_COM_TIM11_IRQHandler
    startup_stm32f207xx_app.o(RESET) refers to ivt_test.o(i.TIM1_CC_IRQHandler) for TIM1_CC_IRQHandler
    startup_stm32f207xx_app.o(RESET) refers to ivt_test.o(i.TIM3_IRQHandler) for TIM3_IRQHandler
    startup_stm32f207xx_app.o(RESET) refers to ivt_test.o(i.TIM4_IRQHandler) for TIM4_IRQHandler
    startup_stm32f207xx_app.o(RESET) refers to ivt_test.o(i.I2C1_EV_IRQHandler) for I2C1_EV_IRQHandler
    startup_stm32f207xx_app.o(RESET) refers to ivt_test.o(i.I2C1_ER_IRQHandler) for I2C1_ER_IRQHandler
    startup_stm32f207xx_app.o(RESET) refers to ivt_test.o(i.I2C2_EV_IRQHandler) for I2C2_EV_IRQHandler
    startup_stm32f207xx_app.o(RESET) refers to ivt_test.o(i.I2C2_ER_IRQHandler) for I2C2_ER_IRQHandler
    startup_stm32f207xx_app.o(RESET) refers to ivt_test.o(i.SPI1_IRQHandler) for SPI1_IRQHandler
    startup_stm32f207xx_app.o(RESET) refers to ivt_test.o(i.SPI2_IRQHandler) for SPI2_IRQHandler
    startup_stm32f207xx_app.o(RESET) refers to ivt_test.o(i.USART1_IRQHandler) for USART1_IRQHandler
    startup_stm32f207xx_app.o(RESET) refers to ivt_test.o(i.USART2_IRQHandler) for USART2_IRQHandler
    startup_stm32f207xx_app.o(RESET) refers to ivt_test.o(i.USART3_IRQHandler) for USART3_IRQHandler
    startup_stm32f207xx_app.o(RESET) refers to ivt_test.o(i.EXTI15_10_IRQHandler) for EXTI15_10_IRQHandler
    startup_stm32f207xx_app.o(RESET) refers to ivt_test.o(i.RTC_Alarm_IRQHandler) for RTC_Alarm_IRQHandler
    startup_stm32f207xx_app.o(RESET) refers to ivt_test.o(i.OTG_FS_WKUP_IRQHandler) for OTG_FS_WKUP_IRQHandler
    startup_stm32f207xx_app.o(RESET) refers to ivt_test.o(i.TIM8_BRK_TIM12_IRQHandler) for TIM8_BRK_TIM12_IRQHandler
    startup_stm32f207xx_app.o(RESET) refers to ivt_test.o(i.TIM8_UP_TIM13_IRQHandler) for TIM8_UP_TIM13_IRQHandler
    startup_stm32f207xx_app.o(RESET) refers to ivt_test.o(i.TIM8_TRG_COM_TIM14_IRQHandler) for TIM8_TRG_COM_TIM14_IRQHandler
    startup_stm32f207xx_app.o(RESET) refers to ivt_test.o(i.TIM8_CC_IRQHandler) for TIM8_CC_IRQHandler
    startup_stm32f207xx_app.o(RESET) refers to ivt_test.o(i.DMA1_Stream7_IRQHandler) for DMA1_Stream7_IRQHandler
    startup_stm32f207xx_app.o(RESET) refers to ivt_test.o(i.FSMC_IRQHandler) for FSMC_IRQHandler
    startup_stm32f207xx_app.o(RESET) refers to ivt_test.o(i.SDIO_IRQHandler) for SDIO_IRQHandler
    startup_stm32f207xx_app.o(RESET) refers to ivt_test.o(i.TIM5_IRQHandler) for TIM5_IRQHandler
    startup_stm32f207xx_app.o(RESET) refers to ivt_test.o(i.SPI3_IRQHandler) for SPI3_IRQHandler
    startup_stm32f207xx_app.o(RESET) refers to ivt_test.o(i.UART4_IRQHandler) for UART4_IRQHandler
    startup_stm32f207xx_app.o(RESET) refers to ivt_test.o(i.UART5_IRQHandler) for UART5_IRQHandler
    startup_stm32f207xx_app.o(RESET) refers to ivt_test.o(i.TIM6_DAC_IRQHandler) for TIM6_DAC_IRQHandler
    startup_stm32f207xx_app.o(RESET) refers to ivt_test.o(i.TIM7_IRQHandler) for TIM7_IRQHandler
    startup_stm32f207xx_app.o(RESET) refers to ivt_test.o(i.DMA2_Stream0_IRQHandler) for DMA2_Stream0_IRQHandler
    startup_stm32f207xx_app.o(RESET) refers to ivt_test.o(i.DMA2_Stream1_IRQHandler) for DMA2_Stream1_IRQHandler
    startup_stm32f207xx_app.o(RESET) refers to ivt_test.o(i.DMA2_Stream2_IRQHandler) for DMA2_Stream2_IRQHandler
    startup_stm32f207xx_app.o(RESET) refers to ivt_test.o(i.DMA2_Stream3_IRQHandler) for DMA2_Stream3_IRQHandler
    startup_stm32f207xx_app.o(RESET) refers to ivt_test.o(i.DMA2_Stream4_IRQHandler) for DMA2_Stream4_IRQHandler
    startup_stm32f207xx_app.o(RESET) refers to ivt_test.o(i.ETH_IRQHandler) for ETH_IRQHandler
    startup_stm32f207xx_app.o(RESET) refers to ivt_test.o(i.ETH_WKUP_IRQHandler) for ETH_WKUP_IRQHandler
    startup_stm32f207xx_app.o(RESET) refers to ivt_test.o(i.CAN2_TX_IRQHandler) for CAN2_TX_IRQHandler
    startup_stm32f207xx_app.o(RESET) refers to ivt_test.o(i.CAN2_RX0_IRQHandler) for CAN2_RX0_IRQHandler
    startup_stm32f207xx_app.o(RESET) refers to ivt_test.o(i.CAN2_RX1_IRQHandler) for CAN2_RX1_IRQHandler
    startup_stm32f207xx_app.o(RESET) refers to ivt_test.o(i.CAN2_SCE_IRQHandler) for CAN2_SCE_IRQHandler
    startup_stm32f207xx_app.o(RESET) refers to ivt_test.o(i.OTG_FS_IRQHandler) for OTG_FS_IRQHandler
    startup_stm32f207xx_app.o(RESET) refers to ivt_test.o(i.DMA2_Stream5_IRQHandler) for DMA2_Stream5_IRQHandler
    startup_stm32f207xx_app.o(RESET) refers to ivt_test.o(i.DMA2_Stream6_IRQHandler) for DMA2_Stream6_IRQHandler
    startup_stm32f207xx_app.o(RESET) refers to ivt_test.o(i.DMA2_Stream7_IRQHandler) for DMA2_Stream7_IRQHandler
    startup_stm32f207xx_app.o(RESET) refers to ivt_test.o(i.USART6_IRQHandler) for USART6_IRQHandler
    startup_stm32f207xx_app.o(RESET) refers to ivt_test.o(i.I2C3_EV_IRQHandler) for I2C3_EV_IRQHandler
    startup_stm32f207xx_app.o(RESET) refers to ivt_test.o(i.I2C3_ER_IRQHandler) for I2C3_ER_IRQHandler
    startup_stm32f207xx_app.o(RESET) refers to ivt_test.o(i.OTG_HS_EP1_OUT_IRQHandler) for OTG_HS_EP1_OUT_IRQHandler
    startup_stm32f207xx_app.o(RESET) refers to ivt_test.o(i.OTG_HS_EP1_IN_IRQHandler) for OTG_HS_EP1_IN_IRQHandler
    startup_stm32f207xx_app.o(RESET) refers to ivt_test.o(i.OTG_HS_WKUP_IRQHandler) for OTG_HS_WKUP_IRQHandler
    startup_stm32f207xx_app.o(RESET) refers to ivt_test.o(i.OTG_HS_IRQHandler) for OTG_HS_IRQHandler
    startup_stm32f207xx_app.o(RESET) refers to ivt_test.o(i.DCMI_IRQHandler) for DCMI_IRQHandler
    startup_stm32f207xx_app.o(RESET) refers to ivt_test.o(i.HASH_RNG_IRQHandler) for HASH_RNG_IRQHandler
    startup_stm32f207xx_app.o(.text) refers to system_stm32f2xx_app.o(i.SystemInit) for SystemInit
    startup_stm32f207xx_app.o(.text) refers to entry.o(.ARM.Collect$$$$00000000) for __main
    system_stm32f2xx_app.o(i.SystemCoreClockUpdate) refers to system_stm32f2xx_app.o(.data) for SystemCoreClock
    system_stm32f2xx_app.o(i.SystemCoreClockUpdate) refers to system_stm32f2xx_app.o(.constdata) for AHBPrescTable
    stm32f2xx_hal.o(i.HAL_DeInit) refers to stm32f2xx_hal.o(i.HAL_MspDeInit) for HAL_MspDeInit
    stm32f2xx_hal.o(i.HAL_Delay) refers to stm32f2xx_hal.o(i.HAL_GetTick) for HAL_GetTick
    stm32f2xx_hal.o(i.HAL_Delay) refers to stm32f2xx_hal.o(.data) for uwTickFreq
    stm32f2xx_hal.o(i.HAL_GetTick) refers to stm32f2xx_hal.o(.data) for uwTick
    stm32f2xx_hal.o(i.HAL_GetTickFreq) refers to stm32f2xx_hal.o(.data) for uwTickFreq
    stm32f2xx_hal.o(i.HAL_GetTickPrio) refers to stm32f2xx_hal.o(.data) for uwTickPrio
    stm32f2xx_hal.o(i.HAL_IncTick) refers to stm32f2xx_hal.o(.data) for uwTick
    stm32f2xx_hal.o(i.HAL_Init) refers to stm32f2xx_hal_cortex.o(i.HAL_NVIC_SetPriorityGrouping) for HAL_NVIC_SetPriorityGrouping
    stm32f2xx_hal.o(i.HAL_Init) refers to stm32f2xx_hal.o(i.HAL_InitTick) for HAL_InitTick
    stm32f2xx_hal.o(i.HAL_Init) refers to stm32f2xx_hal.o(i.HAL_MspInit) for HAL_MspInit
    stm32f2xx_hal.o(i.HAL_InitTick) refers to stm32f2xx_hal_cortex.o(i.HAL_SYSTICK_Config) for HAL_SYSTICK_Config
    stm32f2xx_hal.o(i.HAL_InitTick) refers to stm32f2xx_hal_cortex.o(i.HAL_NVIC_SetPriority) for HAL_NVIC_SetPriority
    stm32f2xx_hal.o(i.HAL_InitTick) refers to stm32f2xx_hal.o(.data) for uwTickFreq
    stm32f2xx_hal.o(i.HAL_InitTick) refers to system_stm32f2xx_app.o(.data) for SystemCoreClock
    stm32f2xx_hal.o(i.HAL_SetTickFreq) refers to stm32f2xx_hal.o(i.HAL_InitTick) for HAL_InitTick
    stm32f2xx_hal.o(i.HAL_SetTickFreq) refers to stm32f2xx_hal.o(.data) for uwTickFreq
    stm32f2xx_hal_cortex.o(i.HAL_NVIC_GetPriorityGrouping) refers to stm32f2xx_hal_cortex.o(i.__NVIC_GetPriorityGrouping) for __NVIC_GetPriorityGrouping
    stm32f2xx_hal_cortex.o(i.HAL_NVIC_SetPriority) refers to stm32f2xx_hal_cortex.o(i.__NVIC_GetPriorityGrouping) for __NVIC_GetPriorityGrouping
    stm32f2xx_hal_cortex.o(i.HAL_NVIC_SetPriority) refers to stm32f2xx_hal_cortex.o(i.__NVIC_SetPriority) for __NVIC_SetPriority
    stm32f2xx_hal_cortex.o(i.HAL_SYSTICK_Config) refers to stm32f2xx_hal_cortex.o(i.__NVIC_SetPriority) for __NVIC_SetPriority
    stm32f2xx_hal_cortex.o(i.HAL_SYSTICK_IRQHandler) refers to stm32f2xx_hal_cortex.o(i.HAL_SYSTICK_Callback) for HAL_SYSTICK_Callback
    stm32f2xx_hal_gpio.o(i.HAL_GPIO_EXTI_IRQHandler) refers to stm32f2xx_hal_gpio.o(i.HAL_GPIO_EXTI_Callback) for HAL_GPIO_EXTI_Callback
    stm32f2xx_hal_rcc.o(i.HAL_RCC_ClockConfig) refers to stm32f2xx_hal.o(i.HAL_GetTick) for HAL_GetTick
    stm32f2xx_hal_rcc.o(i.HAL_RCC_ClockConfig) refers to stm32f2xx_hal_rcc.o(i.HAL_RCC_GetSysClockFreq) for HAL_RCC_GetSysClockFreq
    stm32f2xx_hal_rcc.o(i.HAL_RCC_ClockConfig) refers to stm32f2xx_hal.o(i.HAL_InitTick) for HAL_InitTick
    stm32f2xx_hal_rcc.o(i.HAL_RCC_ClockConfig) refers to system_stm32f2xx_app.o(.constdata) for AHBPrescTable
    stm32f2xx_hal_rcc.o(i.HAL_RCC_ClockConfig) refers to system_stm32f2xx_app.o(.data) for SystemCoreClock
    stm32f2xx_hal_rcc.o(i.HAL_RCC_ClockConfig) refers to stm32f2xx_hal.o(.data) for uwTickPrio
    stm32f2xx_hal_rcc.o(i.HAL_RCC_DeInit) refers to stm32f2xx_hal.o(i.HAL_GetTick) for HAL_GetTick
    stm32f2xx_hal_rcc.o(i.HAL_RCC_DeInit) refers to stm32f2xx_hal.o(i.HAL_InitTick) for HAL_InitTick
    stm32f2xx_hal_rcc.o(i.HAL_RCC_DeInit) refers to system_stm32f2xx_app.o(.data) for SystemCoreClock
    stm32f2xx_hal_rcc.o(i.HAL_RCC_DeInit) refers to stm32f2xx_hal.o(.data) for uwTickPrio
    stm32f2xx_hal_rcc.o(i.HAL_RCC_GetHCLKFreq) refers to system_stm32f2xx_app.o(.data) for SystemCoreClock
    stm32f2xx_hal_rcc.o(i.HAL_RCC_GetPCLK1Freq) refers to stm32f2xx_hal_rcc.o(i.HAL_RCC_GetHCLKFreq) for HAL_RCC_GetHCLKFreq
    stm32f2xx_hal_rcc.o(i.HAL_RCC_GetPCLK1Freq) refers to system_stm32f2xx_app.o(.constdata) for APBPrescTable
    stm32f2xx_hal_rcc.o(i.HAL_RCC_GetPCLK2Freq) refers to stm32f2xx_hal_rcc.o(i.HAL_RCC_GetHCLKFreq) for HAL_RCC_GetHCLKFreq
    stm32f2xx_hal_rcc.o(i.HAL_RCC_GetPCLK2Freq) refers to system_stm32f2xx_app.o(.constdata) for APBPrescTable
    stm32f2xx_hal_rcc.o(i.HAL_RCC_GetSysClockFreq) refers to uldiv.o(.text) for __aeabi_uldivmod
    stm32f2xx_hal_rcc.o(i.HAL_RCC_MCOConfig) refers to stm32f2xx_hal_gpio.o(i.HAL_GPIO_Init) for HAL_GPIO_Init
    stm32f2xx_hal_rcc.o(i.HAL_RCC_NMI_IRQHandler) refers to stm32f2xx_hal_rcc.o(i.HAL_RCC_CSSCallback) for HAL_RCC_CSSCallback
    stm32f2xx_hal_rcc.o(i.HAL_RCC_OscConfig) refers to stm32f2xx_hal.o(i.HAL_GetTick) for HAL_GetTick
    retarget_io.o(i.ITM_ReceiveChar) refers to retarget_io.o(.data) for ITM_RxBuffer
    retarget_io.o(i.__aeabi_assert) refers to fputs.o(i.fputs) for fputs
    retarget_io.o(i.__aeabi_assert) refers to retarget_io.o(i.abort) for abort
    retarget_io.o(i.__aeabi_assert) refers to stderr.o(.data) for __stderr
    retarget_io.o(i.__backspace) refers to stdin.o(.data) for __stdin
    retarget_io.o(i.__backspace) refers to retarget_io.o(.data) for getchar_ch
    retarget_io.o(i.fgetc) refers to retarget_io.o(i.stdin_getchar) for stdin_getchar
    retarget_io.o(i.fgetc) refers to stdin.o(.data) for __stdin
    retarget_io.o(i.fgetc) refers to retarget_io.o(.data) for getchar_undo
    retarget_io.o(i.fputc) refers to retarget_io.o(i.stdout_putchar) for stdout_putchar
    retarget_io.o(i.fputc) refers to retarget_io.o(i.stderr_putchar) for stderr_putchar
    retarget_io.o(i.fputc) refers to stdout.o(.data) for __stdout
    retarget_io.o(i.fputc) refers to stderr.o(.data) for __stderr
    retarget_io.o(i.stderr_putchar) refers to retarget_io.o(i.ITM_SendChar) for ITM_SendChar
    retarget_io.o(i.stdin_getchar) refers to retarget_io.o(i.ITM_ReceiveChar) for ITM_ReceiveChar
    retarget_io.o(i.stdout_putchar) refers to retarget_io.o(i.ITM_SendChar) for ITM_SendChar
    entry.o(.ARM.Collect$$$$00000000) refers (Special) to entry10a.o(.ARM.Collect$$$$0000000D) for __rt_final_cpp
    entry.o(.ARM.Collect$$$$00000000) refers (Special) to entry11a.o(.ARM.Collect$$$$0000000F) for __rt_final_exit
    entry.o(.ARM.Collect$$$$00000000) refers (Special) to entry7b.o(.ARM.Collect$$$$00000008) for _main_clock
    entry.o(.ARM.Collect$$$$00000000) refers (Special) to entry8b.o(.ARM.Collect$$$$0000000A) for _main_cpp_init
    entry.o(.ARM.Collect$$$$00000000) refers (Special) to entry9a.o(.ARM.Collect$$$$0000000B) for _main_init
    entry.o(.ARM.Collect$$$$00000000) refers (Special) to entry5.o(.ARM.Collect$$$$00000004) for _main_scatterload
    entry.o(.ARM.Collect$$$$00000000) refers (Special) to entry2.o(.ARM.Collect$$$$00000001) for _main_stk
    fputs.o(i.fputs) refers to retarget_io.o(i.fputc) for fputc
    fputs_e.o(.text) refers to retarget_io.o(i.fputc) for fputc
    uldiv.o(.text) refers to llushr.o(.text) for __aeabi_llsr
    uldiv.o(.text) refers to llshl.o(.text) for __aeabi_llsl
    printfb.o(i.__0fprintf$bare) refers to printfb.o(i._printf_core) for _printf_core
    printfb.o(i.__0fprintf$bare) refers to retarget_io.o(i.fputc) for fputc
    printfb.o(i.__0printf$bare) refers to printfb.o(i._printf_core) for _printf_core
    printfb.o(i.__0printf$bare) refers to retarget_io.o(i.fputc) for fputc
    printfb.o(i.__0printf$bare) refers to stdout.o(.data) for __stdout
    printfb.o(i.__0snprintf$bare) refers to printfb.o(i._printf_core) for _printf_core
    printfb.o(i.__0snprintf$bare) refers to printfb.o(i._snputc) for _snputc
    printfb.o(i.__0sprintf$bare) refers to printfb.o(i._printf_core) for _printf_core
    printfb.o(i.__0sprintf$bare) refers to printfb.o(i._sputc) for _sputc
    printfb.o(i.__0vfprintf$bare) refers to printfb.o(i._printf_core) for _printf_core
    printfb.o(i.__0vfprintf$bare) refers to retarget_io.o(i.fputc) for fputc
    printfb.o(i.__0vprintf$bare) refers to printfb.o(i._printf_core) for _printf_core
    printfb.o(i.__0vprintf$bare) refers to retarget_io.o(i.fputc) for fputc
    printfb.o(i.__0vprintf$bare) refers to stdout.o(.data) for __stdout
    printfb.o(i.__0vsnprintf$bare) refers to printfb.o(i._printf_core) for _printf_core
    printfb.o(i.__0vsnprintf$bare) refers to printfb.o(i._snputc) for _snputc
    printfb.o(i.__0vsprintf$bare) refers to printfb.o(i._printf_core) for _printf_core
    printfb.o(i.__0vsprintf$bare) refers to printfb.o(i._sputc) for _sputc
    printf0.o(i.__0fprintf$0) refers to printf0.o(i._printf_core) for _printf_core
    printf0.o(i.__0fprintf$0) refers to retarget_io.o(i.fputc) for fputc
    printf0.o(i.__0printf$0) refers to printf0.o(i._printf_core) for _printf_core
    printf0.o(i.__0printf$0) refers to retarget_io.o(i.fputc) for fputc
    printf0.o(i.__0printf$0) refers to stdout.o(.data) for __stdout
    printf0.o(i.__0snprintf$0) refers to printf0.o(i._printf_core) for _printf_core
    printf0.o(i.__0snprintf$0) refers to printf0.o(i._snputc) for _snputc
    printf0.o(i.__0sprintf$0) refers to printf0.o(i._printf_core) for _printf_core
    printf0.o(i.__0sprintf$0) refers to printf0.o(i._sputc) for _sputc
    printf0.o(i.__0vfprintf$0) refers to printf0.o(i._printf_core) for _printf_core
    printf0.o(i.__0vfprintf$0) refers to retarget_io.o(i.fputc) for fputc
    printf0.o(i.__0vprintf$0) refers to printf0.o(i._printf_core) for _printf_core
    printf0.o(i.__0vprintf$0) refers to retarget_io.o(i.fputc) for fputc
    printf0.o(i.__0vprintf$0) refers to stdout.o(.data) for __stdout
    printf0.o(i.__0vsnprintf$0) refers to printf0.o(i._printf_core) for _printf_core
    printf0.o(i.__0vsnprintf$0) refers to printf0.o(i._snputc) for _snputc
    printf0.o(i.__0vsprintf$0) refers to printf0.o(i._printf_core) for _printf_core
    printf0.o(i.__0vsprintf$0) refers to printf0.o(i._sputc) for _sputc
    printf1.o(i.__0fprintf$1) refers to printf1.o(i._printf_core) for _printf_core
    printf1.o(i.__0fprintf$1) refers to retarget_io.o(i.fputc) for fputc
    printf1.o(i.__0printf$1) refers to printf1.o(i._printf_core) for _printf_core
    printf1.o(i.__0printf$1) refers to retarget_io.o(i.fputc) for fputc
    printf1.o(i.__0printf$1) refers to stdout.o(.data) for __stdout
    printf1.o(i.__0snprintf$1) refers to printf1.o(i._printf_core) for _printf_core
    printf1.o(i.__0snprintf$1) refers to printf1.o(i._snputc) for _snputc
    printf1.o(i.__0sprintf$1) refers to printf1.o(i._printf_core) for _printf_core
    printf1.o(i.__0sprintf$1) refers to printf1.o(i._sputc) for _sputc
    printf1.o(i.__0vfprintf$1) refers to printf1.o(i._printf_core) for _printf_core
    printf1.o(i.__0vfprintf$1) refers to retarget_io.o(i.fputc) for fputc
    printf1.o(i.__0vprintf$1) refers to printf1.o(i._printf_core) for _printf_core
    printf1.o(i.__0vprintf$1) refers to retarget_io.o(i.fputc) for fputc
    printf1.o(i.__0vprintf$1) refers to stdout.o(.data) for __stdout
    printf1.o(i.__0vsnprintf$1) refers to printf1.o(i._printf_core) for _printf_core
    printf1.o(i.__0vsnprintf$1) refers to printf1.o(i._snputc) for _snputc
    printf1.o(i.__0vsprintf$1) refers to printf1.o(i._printf_core) for _printf_core
    printf1.o(i.__0vsprintf$1) refers to printf1.o(i._sputc) for _sputc
    printf1.o(i._printf_core) refers to uidiv.o(.text) for __aeabi_uidivmod
    printf2.o(i.__0fprintf$2) refers to printf2.o(i._printf_core) for _printf_core
    printf2.o(i.__0fprintf$2) refers to retarget_io.o(i.fputc) for fputc
    printf2.o(i.__0printf$2) refers to printf2.o(i._printf_core) for _printf_core
    printf2.o(i.__0printf$2) refers to retarget_io.o(i.fputc) for fputc
    printf2.o(i.__0printf$2) refers to stdout.o(.data) for __stdout
    printf2.o(i.__0snprintf$2) refers to printf2.o(i._printf_core) for _printf_core
    printf2.o(i.__0snprintf$2) refers to printf2.o(i._snputc) for _snputc
    printf2.o(i.__0sprintf$2) refers to printf2.o(i._printf_core) for _printf_core
    printf2.o(i.__0sprintf$2) refers to printf2.o(i._sputc) for _sputc
    printf2.o(i.__0vfprintf$2) refers to printf2.o(i._printf_core) for _printf_core
    printf2.o(i.__0vfprintf$2) refers to retarget_io.o(i.fputc) for fputc
    printf2.o(i.__0vprintf$2) refers to printf2.o(i._printf_core) for _printf_core
    printf2.o(i.__0vprintf$2) refers to retarget_io.o(i.fputc) for fputc
    printf2.o(i.__0vprintf$2) refers to stdout.o(.data) for __stdout
    printf2.o(i.__0vsnprintf$2) refers to printf2.o(i._printf_core) for _printf_core
    printf2.o(i.__0vsnprintf$2) refers to printf2.o(i._snputc) for _snputc
    printf2.o(i.__0vsprintf$2) refers to printf2.o(i._printf_core) for _printf_core
    printf2.o(i.__0vsprintf$2) refers to printf2.o(i._sputc) for _sputc
    printf3.o(i.__0fprintf$3) refers to printf3.o(i._printf_core) for _printf_core
    printf3.o(i.__0fprintf$3) refers to retarget_io.o(i.fputc) for fputc
    printf3.o(i.__0printf$3) refers to printf3.o(i._printf_core) for _printf_core
    printf3.o(i.__0printf$3) refers to retarget_io.o(i.fputc) for fputc
    printf3.o(i.__0printf$3) refers to stdout.o(.data) for __stdout
    printf3.o(i.__0snprintf$3) refers to printf3.o(i._printf_core) for _printf_core
    printf3.o(i.__0snprintf$3) refers to printf3.o(i._snputc) for _snputc
    printf3.o(i.__0sprintf$3) refers to printf3.o(i._printf_core) for _printf_core
    printf3.o(i.__0sprintf$3) refers to printf3.o(i._sputc) for _sputc
    printf3.o(i.__0vfprintf$3) refers to printf3.o(i._printf_core) for _printf_core
    printf3.o(i.__0vfprintf$3) refers to retarget_io.o(i.fputc) for fputc
    printf3.o(i.__0vprintf$3) refers to printf3.o(i._printf_core) for _printf_core
    printf3.o(i.__0vprintf$3) refers to retarget_io.o(i.fputc) for fputc
    printf3.o(i.__0vprintf$3) refers to stdout.o(.data) for __stdout
    printf3.o(i.__0vsnprintf$3) refers to printf3.o(i._printf_core) for _printf_core
    printf3.o(i.__0vsnprintf$3) refers to printf3.o(i._snputc) for _snputc
    printf3.o(i.__0vsprintf$3) refers to printf3.o(i._printf_core) for _printf_core
    printf3.o(i.__0vsprintf$3) refers to printf3.o(i._sputc) for _sputc
    printf3.o(i._printf_core) refers to uidiv.o(.text) for __aeabi_uidivmod
    printf4.o(i.__0fprintf$4) refers to printf4.o(i._printf_core) for _printf_core
    printf4.o(i.__0fprintf$4) refers to retarget_io.o(i.fputc) for fputc
    printf4.o(i.__0printf$4) refers to printf4.o(i._printf_core) for _printf_core
    printf4.o(i.__0printf$4) refers to retarget_io.o(i.fputc) for fputc
    printf4.o(i.__0printf$4) refers to stdout.o(.data) for __stdout
    printf4.o(i.__0snprintf$4) refers to printf4.o(i._printf_core) for _printf_core
    printf4.o(i.__0snprintf$4) refers to printf4.o(i._snputc) for _snputc
    printf4.o(i.__0sprintf$4) refers to printf4.o(i._printf_core) for _printf_core
    printf4.o(i.__0sprintf$4) refers to printf4.o(i._sputc) for _sputc
    printf4.o(i.__0vfprintf$4) refers to printf4.o(i._printf_core) for _printf_core
    printf4.o(i.__0vfprintf$4) refers to retarget_io.o(i.fputc) for fputc
    printf4.o(i.__0vprintf$4) refers to printf4.o(i._printf_core) for _printf_core
    printf4.o(i.__0vprintf$4) refers to retarget_io.o(i.fputc) for fputc
    printf4.o(i.__0vprintf$4) refers to stdout.o(.data) for __stdout
    printf4.o(i.__0vsnprintf$4) refers to printf4.o(i._printf_core) for _printf_core
    printf4.o(i.__0vsnprintf$4) refers to printf4.o(i._snputc) for _snputc
    printf4.o(i.__0vsprintf$4) refers to printf4.o(i._printf_core) for _printf_core
    printf4.o(i.__0vsprintf$4) refers to printf4.o(i._sputc) for _sputc
    printf4.o(i._printf_core) refers to uldiv.o(.text) for __aeabi_uldivmod
    printf5.o(i.__0fprintf$5) refers to printf5.o(i._printf_core) for _printf_core
    printf5.o(i.__0fprintf$5) refers to retarget_io.o(i.fputc) for fputc
    printf5.o(i.__0printf$5) refers to printf5.o(i._printf_core) for _printf_core
    printf5.o(i.__0printf$5) refers to retarget_io.o(i.fputc) for fputc
    printf5.o(i.__0printf$5) refers to stdout.o(.data) for __stdout
    printf5.o(i.__0snprintf$5) refers to printf5.o(i._printf_core) for _printf_core
    printf5.o(i.__0snprintf$5) refers to printf5.o(i._snputc) for _snputc
    printf5.o(i.__0sprintf$5) refers to printf5.o(i._printf_core) for _printf_core
    printf5.o(i.__0sprintf$5) refers to printf5.o(i._sputc) for _sputc
    printf5.o(i.__0vfprintf$5) refers to printf5.o(i._printf_core) for _printf_core
    printf5.o(i.__0vfprintf$5) refers to retarget_io.o(i.fputc) for fputc
    printf5.o(i.__0vprintf$5) refers to printf5.o(i._printf_core) for _printf_core
    printf5.o(i.__0vprintf$5) refers to retarget_io.o(i.fputc) for fputc
    printf5.o(i.__0vprintf$5) refers to stdout.o(.data) for __stdout
    printf5.o(i.__0vsnprintf$5) refers to printf5.o(i._printf_core) for _printf_core
    printf5.o(i.__0vsnprintf$5) refers to printf5.o(i._snputc) for _snputc
    printf5.o(i.__0vsprintf$5) refers to printf5.o(i._printf_core) for _printf_core
    printf5.o(i.__0vsprintf$5) refers to printf5.o(i._sputc) for _sputc
    printf5.o(i._printf_core) refers to uldiv.o(.text) for __aeabi_uldivmod
    printf6.o(i.__0fprintf$6) refers to printf6.o(i._printf_core) for _printf_core
    printf6.o(i.__0fprintf$6) refers to retarget_io.o(i.fputc) for fputc
    printf6.o(i.__0printf$6) refers to printf6.o(i._printf_core) for _printf_core
    printf6.o(i.__0printf$6) refers to retarget_io.o(i.fputc) for fputc
    printf6.o(i.__0printf$6) refers to stdout.o(.data) for __stdout
    printf6.o(i.__0snprintf$6) refers to printf6.o(i._printf_core) for _printf_core
    printf6.o(i.__0snprintf$6) refers to printf6.o(i._snputc) for _snputc
    printf6.o(i.__0sprintf$6) refers to printf6.o(i._printf_core) for _printf_core
    printf6.o(i.__0sprintf$6) refers to printf6.o(i._sputc) for _sputc
    printf6.o(i.__0vfprintf$6) refers to printf6.o(i._printf_core) for _printf_core
    printf6.o(i.__0vfprintf$6) refers to retarget_io.o(i.fputc) for fputc
    printf6.o(i.__0vprintf$6) refers to printf6.o(i._printf_core) for _printf_core
    printf6.o(i.__0vprintf$6) refers to retarget_io.o(i.fputc) for fputc
    printf6.o(i.__0vprintf$6) refers to stdout.o(.data) for __stdout
    printf6.o(i.__0vsnprintf$6) refers to printf6.o(i._printf_core) for _printf_core
    printf6.o(i.__0vsnprintf$6) refers to printf6.o(i._snputc) for _snputc
    printf6.o(i.__0vsprintf$6) refers to printf6.o(i._printf_core) for _printf_core
    printf6.o(i.__0vsprintf$6) refers to printf6.o(i._sputc) for _sputc
    printf6.o(i._printf_core) refers to printf6.o(i._printf_pre_padding) for _printf_pre_padding
    printf6.o(i._printf_core) refers to uidiv.o(.text) for __aeabi_uidivmod
    printf6.o(i._printf_core) refers to printf6.o(i._printf_post_padding) for _printf_post_padding
    printf7.o(i.__0fprintf$7) refers to printf7.o(i._printf_core) for _printf_core
    printf7.o(i.__0fprintf$7) refers to retarget_io.o(i.fputc) for fputc
    printf7.o(i.__0printf$7) refers to printf7.o(i._printf_core) for _printf_core
    printf7.o(i.__0printf$7) refers to retarget_io.o(i.fputc) for fputc
    printf7.o(i.__0printf$7) refers to stdout.o(.data) for __stdout
    printf7.o(i.__0snprintf$7) refers to printf7.o(i._printf_core) for _printf_core
    printf7.o(i.__0snprintf$7) refers to printf7.o(i._snputc) for _snputc
    printf7.o(i.__0sprintf$7) refers to printf7.o(i._printf_core) for _printf_core
    printf7.o(i.__0sprintf$7) refers to printf7.o(i._sputc) for _sputc
    printf7.o(i.__0vfprintf$7) refers to printf7.o(i._printf_core) for _printf_core
    printf7.o(i.__0vfprintf$7) refers to retarget_io.o(i.fputc) for fputc
    printf7.o(i.__0vprintf$7) refers to printf7.o(i._printf_core) for _printf_core
    printf7.o(i.__0vprintf$7) refers to retarget_io.o(i.fputc) for fputc
    printf7.o(i.__0vprintf$7) refers to stdout.o(.data) for __stdout
    printf7.o(i.__0vsnprintf$7) refers to printf7.o(i._printf_core) for _printf_core
    printf7.o(i.__0vsnprintf$7) refers to printf7.o(i._snputc) for _snputc
    printf7.o(i.__0vsprintf$7) refers to printf7.o(i._printf_core) for _printf_core
    printf7.o(i.__0vsprintf$7) refers to printf7.o(i._sputc) for _sputc
    printf7.o(i._printf_core) refers to printf7.o(i._printf_pre_padding) for _printf_pre_padding
    printf7.o(i._printf_core) refers to uldiv.o(.text) for __aeabi_uldivmod
    printf7.o(i._printf_core) refers to printf7.o(i._printf_post_padding) for _printf_post_padding
    printf8.o(i.__0fprintf$8) refers to printf8.o(i._printf_core) for _printf_core
    printf8.o(i.__0fprintf$8) refers to retarget_io.o(i.fputc) for fputc
    printf8.o(i.__0printf$8) refers to printf8.o(i._printf_core) for _printf_core
    printf8.o(i.__0printf$8) refers to retarget_io.o(i.fputc) for fputc
    printf8.o(i.__0printf$8) refers to stdout.o(.data) for __stdout
    printf8.o(i.__0snprintf$8) refers to printf8.o(i._printf_core) for _printf_core
    printf8.o(i.__0snprintf$8) refers to printf8.o(i._snputc) for _snputc
    printf8.o(i.__0sprintf$8) refers to printf8.o(i._printf_core) for _printf_core
    printf8.o(i.__0sprintf$8) refers to printf8.o(i._sputc) for _sputc
    printf8.o(i.__0vfprintf$8) refers to printf8.o(i._printf_core) for _printf_core
    printf8.o(i.__0vfprintf$8) refers to retarget_io.o(i.fputc) for fputc
    printf8.o(i.__0vprintf$8) refers to printf8.o(i._printf_core) for _printf_core
    printf8.o(i.__0vprintf$8) refers to retarget_io.o(i.fputc) for fputc
    printf8.o(i.__0vprintf$8) refers to stdout.o(.data) for __stdout
    printf8.o(i.__0vsnprintf$8) refers to printf8.o(i._printf_core) for _printf_core
    printf8.o(i.__0vsnprintf$8) refers to printf8.o(i._snputc) for _snputc
    printf8.o(i.__0vsprintf$8) refers to printf8.o(i._printf_core) for _printf_core
    printf8.o(i.__0vsprintf$8) refers to printf8.o(i._sputc) for _sputc
    printf8.o(i._printf_core) refers to printf8.o(i._printf_pre_padding) for _printf_pre_padding
    printf8.o(i._printf_core) refers to uldiv.o(.text) for __aeabi_uldivmod
    printf8.o(i._printf_core) refers to printf8.o(i._printf_post_padding) for _printf_post_padding
    printfa.o(i.__0fprintf) refers (Special) to iusefp.o(.text) for __I$use$fp
    printfa.o(i.__0fprintf) refers to printfa.o(i._printf_core) for _printf_core
    printfa.o(i.__0fprintf) refers to retarget_io.o(i.fputc) for fputc
    printfa.o(i.__0printf) refers (Special) to iusefp.o(.text) for __I$use$fp
    printfa.o(i.__0printf) refers to printfa.o(i._printf_core) for _printf_core
    printfa.o(i.__0printf) refers to retarget_io.o(i.fputc) for fputc
    printfa.o(i.__0printf) refers to stdout.o(.data) for __stdout
    printfa.o(i.__0snprintf) refers (Special) to iusefp.o(.text) for __I$use$fp
    printfa.o(i.__0snprintf) refers to printfa.o(i._printf_core) for _printf_core
    printfa.o(i.__0snprintf) refers to printfa.o(i._snputc) for _snputc
    printfa.o(i.__0sprintf) refers (Special) to iusefp.o(.text) for __I$use$fp
    printfa.o(i.__0sprintf) refers to printfa.o(i._printf_core) for _printf_core
    printfa.o(i.__0sprintf) refers to printfa.o(i._sputc) for _sputc
    printfa.o(i.__0vfprintf) refers (Special) to iusefp.o(.text) for __I$use$fp
    printfa.o(i.__0vfprintf) refers to printfa.o(i._printf_core) for _printf_core
    printfa.o(i.__0vfprintf) refers to retarget_io.o(i.fputc) for fputc
    printfa.o(i.__0vprintf) refers (Special) to iusefp.o(.text) for __I$use$fp
    printfa.o(i.__0vprintf) refers to printfa.o(i._printf_core) for _printf_core
    printfa.o(i.__0vprintf) refers to retarget_io.o(i.fputc) for fputc
    printfa.o(i.__0vprintf) refers to stdout.o(.data) for __stdout
    printfa.o(i.__0vsnprintf) refers (Special) to iusefp.o(.text) for __I$use$fp
    printfa.o(i.__0vsnprintf) refers to printfa.o(i._printf_core) for _printf_core
    printfa.o(i.__0vsnprintf) refers to printfa.o(i._snputc) for _snputc
    printfa.o(i.__0vsprintf) refers (Special) to iusefp.o(.text) for __I$use$fp
    printfa.o(i.__0vsprintf) refers to printfa.o(i._printf_core) for _printf_core
    printfa.o(i.__0vsprintf) refers to printfa.o(i._sputc) for _sputc
    printfa.o(i._fp_digits) refers (Special) to iusefp.o(.text) for __I$use$fp
    printfa.o(i._fp_digits) refers to dmul.o(.text) for __aeabi_dmul
    printfa.o(i._fp_digits) refers to ddiv.o(.text) for __aeabi_ddiv
    printfa.o(i._fp_digits) refers to cdrcmple.o(.text) for __aeabi_cdrcmple
    printfa.o(i._fp_digits) refers to dadd.o(.text) for __aeabi_dadd
    printfa.o(i._fp_digits) refers to dfixul.o(.text) for __aeabi_d2ulz
    printfa.o(i._fp_digits) refers to uldiv.o(.text) for __aeabi_uldivmod
    printfa.o(i._printf_core) refers (Special) to iusefp.o(.text) for __I$use$fp
    printfa.o(i._printf_core) refers to printfa.o(i._printf_pre_padding) for _printf_pre_padding
    printfa.o(i._printf_core) refers to uldiv.o(.text) for __aeabi_uldivmod
    printfa.o(i._printf_core) refers to printfa.o(i._printf_post_padding) for _printf_post_padding
    printfa.o(i._printf_core) refers to printfa.o(i._fp_digits) for _fp_digits
    printfa.o(i._printf_core) refers to uidiv.o(.text) for __aeabi_uidivmod
    printfa.o(i._printf_post_padding) refers (Special) to iusefp.o(.text) for __I$use$fp
    printfa.o(i._printf_pre_padding) refers (Special) to iusefp.o(.text) for __I$use$fp
    printfa.o(i._snputc) refers (Special) to iusefp.o(.text) for __I$use$fp
    printfa.o(i._sputc) refers (Special) to iusefp.o(.text) for __I$use$fp
    entry2.o(.ARM.Collect$$$$00000001) refers to entry2.o(.ARM.Collect$$$$00002712) for __lit__00000000
    entry2.o(.ARM.Collect$$$$00002712) refers to startup_stm32f207xx_app.o(STACK) for __initial_sp
    entry2.o(__vectab_stack_and_reset_area) refers to startup_stm32f207xx_app.o(STACK) for __initial_sp
    entry2.o(__vectab_stack_and_reset_area) refers to entry.o(.ARM.Collect$$$$00000000) for __main
    entry5.o(.ARM.Collect$$$$00000004) refers to init.o(.text) for __scatterload
    entry9a.o(.ARM.Collect$$$$0000000B) refers to main.o(i.main) for main
    entry9b.o(.ARM.Collect$$$$0000000C) refers to main.o(i.main) for main
    dadd.o(.text) refers to llshl.o(.text) for __aeabi_llsl
    dadd.o(.text) refers to llsshr.o(.text) for __aeabi_lasr
    dadd.o(.text) refers to depilogue.o(.text) for _double_epilogue
    dmul.o(.text) refers to depilogue.o(.text) for _double_epilogue
    ddiv.o(.text) refers to depilogue.o(.text) for _double_round
    dfixul.o(.text) refers to llushr.o(.text) for __aeabi_llsr
    dfixul.o(.text) refers to llshl.o(.text) for __aeabi_llsl
    init.o(.text) refers to entry5.o(.ARM.Collect$$$$00000004) for __main_after_scatterload
    depilogue.o(.text) refers to llshl.o(.text) for __aeabi_llsl
    depilogue.o(.text) refers to llushr.o(.text) for __aeabi_llsr


==============================================================================

Removing Unused input sections from the image.

    Removing main.o(.rev16_text), (4 bytes).
    Removing main.o(.revsh_text), (4 bytes).
    Removing main.o(.rrx_text), (6 bytes).
    Removing system_config.o(.rev16_text), (4 bytes).
    Removing system_config.o(.revsh_text), (4 bytes).
    Removing system_config.o(.rrx_text), (6 bytes).
    Removing system_config.o(i.Error_Handler), (24 bytes).
    Removing system_config.o(i.SystemClock_Config), (128 bytes).
    Removing startup_stm32f207xx_app.o(HEAP), (512 bytes).
    Removing system_stm32f2xx_app.o(.rev16_text), (4 bytes).
    Removing system_stm32f2xx_app.o(.revsh_text), (4 bytes).
    Removing system_stm32f2xx_app.o(.rrx_text), (6 bytes).
    Removing system_stm32f2xx_app.o(i.SystemCoreClockUpdate), (192 bytes).
    Removing system_stm32f2xx_app.o(.constdata), (24 bytes).
    Removing system_stm32f2xx_app.o(.data), (4 bytes).
    Removing stm32f2xx_hal.o(.rev16_text), (4 bytes).
    Removing stm32f2xx_hal.o(.revsh_text), (4 bytes).
    Removing stm32f2xx_hal.o(.rrx_text), (6 bytes).
    Removing stm32f2xx_hal.o(i.HAL_DBGMCU_DisableDBGSleepMode), (20 bytes).
    Removing stm32f2xx_hal.o(i.HAL_DBGMCU_DisableDBGStandbyMode), (20 bytes).
    Removing stm32f2xx_hal.o(i.HAL_DBGMCU_DisableDBGStopMode), (20 bytes).
    Removing stm32f2xx_hal.o(i.HAL_DBGMCU_EnableDBGSleepMode), (20 bytes).
    Removing stm32f2xx_hal.o(i.HAL_DBGMCU_EnableDBGStandbyMode), (20 bytes).
    Removing stm32f2xx_hal.o(i.HAL_DBGMCU_EnableDBGStopMode), (20 bytes).
    Removing stm32f2xx_hal.o(i.HAL_DeInit), (68 bytes).
    Removing stm32f2xx_hal.o(i.HAL_Delay), (40 bytes).
    Removing stm32f2xx_hal.o(i.HAL_DisableCompensationCell), (28 bytes).
    Removing stm32f2xx_hal.o(i.HAL_EnableCompensationCell), (28 bytes).
    Removing stm32f2xx_hal.o(i.HAL_GetDEVID), (16 bytes).
    Removing stm32f2xx_hal.o(i.HAL_GetHalVersion), (8 bytes).
    Removing stm32f2xx_hal.o(i.HAL_GetREVID), (12 bytes).
    Removing stm32f2xx_hal.o(i.HAL_GetTick), (12 bytes).
    Removing stm32f2xx_hal.o(i.HAL_GetTickFreq), (12 bytes).
    Removing stm32f2xx_hal.o(i.HAL_GetTickPrio), (12 bytes).
    Removing stm32f2xx_hal.o(i.HAL_GetUIDw0), (12 bytes).
    Removing stm32f2xx_hal.o(i.HAL_GetUIDw1), (12 bytes).
    Removing stm32f2xx_hal.o(i.HAL_GetUIDw2), (12 bytes).
    Removing stm32f2xx_hal.o(i.HAL_IncTick), (24 bytes).
    Removing stm32f2xx_hal.o(i.HAL_Init), (60 bytes).
    Removing stm32f2xx_hal.o(i.HAL_InitTick), (76 bytes).
    Removing stm32f2xx_hal.o(i.HAL_MspDeInit), (2 bytes).
    Removing stm32f2xx_hal.o(i.HAL_MspInit), (2 bytes).
    Removing stm32f2xx_hal.o(i.HAL_ResumeTick), (18 bytes).
    Removing stm32f2xx_hal.o(i.HAL_SetTickFreq), (48 bytes).
    Removing stm32f2xx_hal.o(i.HAL_SuspendTick), (18 bytes).
    Removing stm32f2xx_hal.o(.data), (9 bytes).
    Removing stm32f2xx_hal_cortex.o(.rev16_text), (4 bytes).
    Removing stm32f2xx_hal_cortex.o(.revsh_text), (4 bytes).
    Removing stm32f2xx_hal_cortex.o(.rrx_text), (6 bytes).
    Removing stm32f2xx_hal_cortex.o(i.HAL_MPU_ConfigRegion), (92 bytes).
    Removing stm32f2xx_hal_cortex.o(i.HAL_MPU_Disable), (44 bytes).
    Removing stm32f2xx_hal_cortex.o(i.HAL_MPU_Enable), (64 bytes).
    Removing stm32f2xx_hal_cortex.o(i.HAL_NVIC_ClearPendingIRQ), (36 bytes).
    Removing stm32f2xx_hal_cortex.o(i.HAL_NVIC_DisableIRQ), (68 bytes).
    Removing stm32f2xx_hal_cortex.o(i.HAL_NVIC_EnableIRQ), (32 bytes).
    Removing stm32f2xx_hal_cortex.o(i.HAL_NVIC_GetActive), (48 bytes).
    Removing stm32f2xx_hal_cortex.o(i.HAL_NVIC_GetPendingIRQ), (48 bytes).
    Removing stm32f2xx_hal_cortex.o(i.HAL_NVIC_GetPriority), (148 bytes).
    Removing stm32f2xx_hal_cortex.o(i.HAL_NVIC_GetPriorityGrouping), (8 bytes).
    Removing stm32f2xx_hal_cortex.o(i.HAL_NVIC_SetPendingIRQ), (36 bytes).
    Removing stm32f2xx_hal_cortex.o(i.HAL_NVIC_SetPriority), (124 bytes).
    Removing stm32f2xx_hal_cortex.o(i.HAL_NVIC_SetPriorityGrouping), (40 bytes).
    Removing stm32f2xx_hal_cortex.o(i.HAL_NVIC_SystemReset), (68 bytes).
    Removing stm32f2xx_hal_cortex.o(i.HAL_SYSTICK_CLKSourceConfig), (40 bytes).
    Removing stm32f2xx_hal_cortex.o(i.HAL_SYSTICK_Callback), (2 bytes).
    Removing stm32f2xx_hal_cortex.o(i.HAL_SYSTICK_Config), (52 bytes).
    Removing stm32f2xx_hal_cortex.o(i.HAL_SYSTICK_IRQHandler), (8 bytes).
    Removing stm32f2xx_hal_cortex.o(i.__NVIC_GetPriorityGrouping), (16 bytes).
    Removing stm32f2xx_hal_cortex.o(i.__NVIC_SetPriority), (40 bytes).
    Removing stm32f2xx_hal_gpio.o(.rev16_text), (4 bytes).
    Removing stm32f2xx_hal_gpio.o(.revsh_text), (4 bytes).
    Removing stm32f2xx_hal_gpio.o(.rrx_text), (6 bytes).
    Removing stm32f2xx_hal_gpio.o(i.HAL_GPIO_DeInit), (348 bytes).
    Removing stm32f2xx_hal_gpio.o(i.HAL_GPIO_EXTI_Callback), (2 bytes).
    Removing stm32f2xx_hal_gpio.o(i.HAL_GPIO_EXTI_IRQHandler), (28 bytes).
    Removing stm32f2xx_hal_gpio.o(i.HAL_GPIO_Init), (520 bytes).
    Removing stm32f2xx_hal_gpio.o(i.HAL_GPIO_LockPin), (46 bytes).
    Removing stm32f2xx_hal_gpio.o(i.HAL_GPIO_ReadPin), (16 bytes).
    Removing stm32f2xx_hal_gpio.o(i.HAL_GPIO_TogglePin), (20 bytes).
    Removing stm32f2xx_hal_gpio.o(i.HAL_GPIO_WritePin), (12 bytes).
    Removing stm32f2xx_hal_rcc.o(.rev16_text), (4 bytes).
    Removing stm32f2xx_hal_rcc.o(.revsh_text), (4 bytes).
    Removing stm32f2xx_hal_rcc.o(.rrx_text), (6 bytes).
    Removing stm32f2xx_hal_rcc.o(i.HAL_RCC_CSSCallback), (2 bytes).
    Removing stm32f2xx_hal_rcc.o(i.HAL_RCC_ClockConfig), (396 bytes).
    Removing stm32f2xx_hal_rcc.o(i.HAL_RCC_DeInit), (328 bytes).
    Removing stm32f2xx_hal_rcc.o(i.HAL_RCC_DisableCSS), (12 bytes).
    Removing stm32f2xx_hal_rcc.o(i.HAL_RCC_EnableCSS), (12 bytes).
    Removing stm32f2xx_hal_rcc.o(i.HAL_RCC_GetClockConfig), (68 bytes).
    Removing stm32f2xx_hal_rcc.o(i.HAL_RCC_GetHCLKFreq), (12 bytes).
    Removing stm32f2xx_hal_rcc.o(i.HAL_RCC_GetOscConfig), (292 bytes).
    Removing stm32f2xx_hal_rcc.o(i.HAL_RCC_GetPCLK1Freq), (44 bytes).
    Removing stm32f2xx_hal_rcc.o(i.HAL_RCC_GetPCLK2Freq), (44 bytes).
    Removing stm32f2xx_hal_rcc.o(i.HAL_RCC_GetSysClockFreq), (176 bytes).
    Removing stm32f2xx_hal_rcc.o(i.HAL_RCC_MCOConfig), (192 bytes).
    Removing stm32f2xx_hal_rcc.o(i.HAL_RCC_NMI_IRQHandler), (32 bytes).
    Removing stm32f2xx_hal_rcc.o(i.HAL_RCC_OscConfig), (1032 bytes).
    Removing retarget_io.o(i.ITM_ReceiveChar), (36 bytes).
    Removing retarget_io.o(i.__aeabi_assert), (156 bytes).
    Removing retarget_io.o(i.__backspace), (52 bytes).
    Removing retarget_io.o(i.abort), (4 bytes).
    Removing retarget_io.o(i.fgetc), (72 bytes).
    Removing retarget_io.o(i.stdin_getchar), (16 bytes).
    Removing retarget_io.o(.data), (12 bytes).
    Removing dadd.o(.text), (334 bytes).
    Removing dmul.o(.text), (228 bytes).
    Removing ddiv.o(.text), (222 bytes).
    Removing dfixul.o(.text), (48 bytes).
    Removing cdrcmple.o(.text), (48 bytes).
    Removing depilogue.o(.text), (186 bytes).

110 unused section(s) (total 7693 bytes) removed from the image.

==============================================================================

Image Symbol Table

    Local Symbols

    Symbol Name                              Value     Ov Type        Size  Object(Section)

    ../clib/microlib/division.c              0x00000000   Number         0  uldiv.o ABSOLUTE
    ../clib/microlib/division.c              0x00000000   Number         0  uidiv.o ABSOLUTE
    ../clib/microlib/init/entry.s            0x00000000   Number         0  entry9b.o ABSOLUTE
    ../clib/microlib/init/entry.s            0x00000000   Number         0  entry8a.o ABSOLUTE
    ../clib/microlib/init/entry.s            0x00000000   Number         0  entry8b.o ABSOLUTE
    ../clib/microlib/init/entry.s            0x00000000   Number         0  entry10a.o ABSOLUTE
    ../clib/microlib/init/entry.s            0x00000000   Number         0  entry9a.o ABSOLUTE
    ../clib/microlib/init/entry.s            0x00000000   Number         0  entry.o ABSOLUTE
    ../clib/microlib/init/entry.s            0x00000000   Number         0  entry10b.o ABSOLUTE
    ../clib/microlib/init/entry.s            0x00000000   Number         0  entry11a.o ABSOLUTE
    ../clib/microlib/init/entry.s            0x00000000   Number         0  entry2.o ABSOLUTE
    ../clib/microlib/init/entry.s            0x00000000   Number         0  entry11b.o ABSOLUTE
    ../clib/microlib/init/entry.s            0x00000000   Number         0  entry5.o ABSOLUTE
    ../clib/microlib/init/entry.s            0x00000000   Number         0  entry7a.o ABSOLUTE
    ../clib/microlib/init/entry.s            0x00000000   Number         0  entry7b.o ABSOLUTE
    ../clib/microlib/longlong.c              0x00000000   Number         0  llushr.o ABSOLUTE
    ../clib/microlib/longlong.c              0x00000000   Number         0  llsshr.o ABSOLUTE
    ../clib/microlib/longlong.c              0x00000000   Number         0  llshl.o ABSOLUTE
    ../clib/microlib/printf/printf.c         0x00000000   Number         0  printf4.o ABSOLUTE
    ../clib/microlib/printf/printf.c         0x00000000   Number         0  printf1.o ABSOLUTE
    ../clib/microlib/printf/printf.c         0x00000000   Number         0  printf5.o ABSOLUTE
    ../clib/microlib/printf/printf.c         0x00000000   Number         0  printf6.o ABSOLUTE
    ../clib/microlib/printf/printf.c         0x00000000   Number         0  printf3.o ABSOLUTE
    ../clib/microlib/printf/printf.c         0x00000000   Number         0  printf8.o ABSOLUTE
    ../clib/microlib/printf/printf.c         0x00000000   Number         0  printf0.o ABSOLUTE
    ../clib/microlib/printf/printf.c         0x00000000   Number         0  printfa.o ABSOLUTE
    ../clib/microlib/printf/printf.c         0x00000000   Number         0  printfb.o ABSOLUTE
    ../clib/microlib/printf/printf.c         0x00000000   Number         0  printf7.o ABSOLUTE
    ../clib/microlib/printf/printf.c         0x00000000   Number         0  printf2.o ABSOLUTE
    ../clib/microlib/printf/stubs.s          0x00000000   Number         0  stubs.o ABSOLUTE
    ../clib/microlib/stdio/fputs.c           0x00000000   Number         0  fputs.o ABSOLUTE
    ../clib/microlib/stdio/fputs.c           0x00000000   Number         0  fputs_e.o ABSOLUTE
    ../clib/microlib/stdio/streams.c         0x00000000   Number         0  stderr.o ABSOLUTE
    ../clib/microlib/stdio/streams.c         0x00000000   Number         0  stdout.o ABSOLUTE
    ../clib/microlib/stdio/streams.c         0x00000000   Number         0  stdin.o ABSOLUTE
    ../clib/microlib/string/memset.c         0x00000000   Number         0  memseta.o ABSOLUTE
    ../clib/microlib/stubs.s                 0x00000000   Number         0  iusefp.o ABSOLUTE
    ../fplib/microlib/fpadd.c                0x00000000   Number         0  dadd.o ABSOLUTE
    ../fplib/microlib/fpdiv.c                0x00000000   Number         0  ddiv.o ABSOLUTE
    ../fplib/microlib/fpepilogue.c           0x00000000   Number         0  depilogue.o ABSOLUTE
    ../fplib/microlib/fpfix.c                0x00000000   Number         0  dfixul.o ABSOLUTE
    ../fplib/microlib/fpmul.c                0x00000000   Number         0  dmul.o ABSOLUTE
    ..\..\..\APP_ISP_JUMP\20240313_3\APP_ISP_test\APP\Src\system_stm32f2xx_app.c 0x00000000   Number         0  system_stm32f2xx_app.o ABSOLUTE
    ..\\..\\..\\APP_ISP_JUMP\\20240313_3\\APP_ISP_test\\APP\\Src\\system_stm32f2xx_app.c 0x00000000   Number         0  system_stm32f2xx_app.o ABSOLUTE
    APP\Src\ISP.c                            0x00000000   Number         0  isp.o ABSOLUTE
    APP\Src\ISP2_bin.s                       0x00000000   Number         0  isp2_bin.o ABSOLUTE
    APP\Src\ISP_bin.s                        0x00000000   Number         0  isp_bin.o ABSOLUTE
    APP\Src\System_config.c                  0x00000000   Number         0  system_config.o ABSOLUTE
    APP\Src\main.c                           0x00000000   Number         0  main.o ABSOLUTE
    APP\Src\startup_stm32f207xx_app.s        0x00000000   Number         0  startup_stm32f207xx_app.o ABSOLUTE
    APP\\Src\\ISP.c                          0x00000000   Number         0  isp.o ABSOLUTE
    APP\\Src\\System_config.c                0x00000000   Number         0  system_config.o ABSOLUTE
    APP\\Src\\main.c                         0x00000000   Number         0  main.o ABSOLUTE
    C:\Keil_v5\ARM\PACK\Keil\ARM_Compiler\1.7.2\Source\retarget_io.c 0x00000000   Number         0  retarget_io.o ABSOLUTE
    ISP\Src\IVT_Test.c                       0x00000000   Number         0  ivt_test.o ABSOLUTE
    cdrcmple.s                               0x00000000   Number         0  cdrcmple.o ABSOLUTE
    dc.s                                     0x00000000   Number         0  dc.o ABSOLUTE
    handlers.s                               0x00000000   Number         0  handlers.o ABSOLUTE
    init.s                                   0x00000000   Number         0  init.o ABSOLUTE
    stm32f2xx_hal\Src\stm32f2xx_hal.c        0x00000000   Number         0  stm32f2xx_hal.o ABSOLUTE
    stm32f2xx_hal\Src\stm32f2xx_hal_cortex.c 0x00000000   Number         0  stm32f2xx_hal_cortex.o ABSOLUTE
    stm32f2xx_hal\Src\stm32f2xx_hal_gpio.c   0x00000000   Number         0  stm32f2xx_hal_gpio.o ABSOLUTE
    stm32f2xx_hal\Src\stm32f2xx_hal_rcc.c    0x00000000   Number         0  stm32f2xx_hal_rcc.o ABSOLUTE
    stm32f2xx_hal\\Src\\stm32f2xx_hal.c      0x00000000   Number         0  stm32f2xx_hal.o ABSOLUTE
    stm32f2xx_hal\\Src\\stm32f2xx_hal_cortex.c 0x00000000   Number         0  stm32f2xx_hal_cortex.o ABSOLUTE
    stm32f2xx_hal\\Src\\stm32f2xx_hal_gpio.c 0x00000000   Number         0  stm32f2xx_hal_gpio.o ABSOLUTE
    stm32f2xx_hal\\Src\\stm32f2xx_hal_rcc.c  0x00000000   Number         0  stm32f2xx_hal_rcc.o ABSOLUTE
    ISP_IROM1                                0x08000000   Section      536  isp_bin.o(ISP_IROM1)
    RESET                                    0x0800c000   Section      388  startup_stm32f207xx_app.o(RESET)
    .ARM.Collect$$$$00000000                 0x0800c184   Section        0  entry.o(.ARM.Collect$$$$00000000)
    .ARM.Collect$$$$00000001                 0x0800c184   Section        4  entry2.o(.ARM.Collect$$$$00000001)
    .ARM.Collect$$$$00000004                 0x0800c188   Section        4  entry5.o(.ARM.Collect$$$$00000004)
    .ARM.Collect$$$$00000008                 0x0800c18c   Section        0  entry7b.o(.ARM.Collect$$$$00000008)
    .ARM.Collect$$$$0000000A                 0x0800c18c   Section        0  entry8b.o(.ARM.Collect$$$$0000000A)
    .ARM.Collect$$$$0000000B                 0x0800c18c   Section        8  entry9a.o(.ARM.Collect$$$$0000000B)
    .ARM.Collect$$$$0000000D                 0x0800c194   Section        0  entry10a.o(.ARM.Collect$$$$0000000D)
    .ARM.Collect$$$$0000000F                 0x0800c194   Section        0  entry11a.o(.ARM.Collect$$$$0000000F)
    .ARM.Collect$$$$00002712                 0x0800c194   Section        4  entry2.o(.ARM.Collect$$$$00002712)
    __lit__00000000                          0x0800c194   Data           4  entry2.o(.ARM.Collect$$$$00002712)
    .emb_text                                0x0800c198   Section        8  isp.o(.emb_text)
    .text                                    0x0800c1a0   Section       36  startup_stm32f207xx_app.o(.text)
    .text                                    0x0800c1c4   Section        0  uidiv.o(.text)
    .text                                    0x0800c1f0   Section       36  init.o(.text)
    i.ADC_IRQHandler                         0x0800c214   Section        0  ivt_test.o(i.ADC_IRQHandler)
    i.CAN1_RX0_IRQHandler                    0x0800c230   Section        0  ivt_test.o(i.CAN1_RX0_IRQHandler)
    i.CAN1_RX1_IRQHandler                    0x0800c250   Section        0  ivt_test.o(i.CAN1_RX1_IRQHandler)
    i.CAN1_SCE_IRQHandler                    0x0800c270   Section        0  ivt_test.o(i.CAN1_SCE_IRQHandler)
    i.CAN1_TX_IRQHandler                     0x0800c290   Section        0  ivt_test.o(i.CAN1_TX_IRQHandler)
    i.CAN2_RX0_IRQHandler                    0x0800c2b0   Section        0  ivt_test.o(i.CAN2_RX0_IRQHandler)
    i.CAN2_RX1_IRQHandler                    0x0800c2d0   Section        0  ivt_test.o(i.CAN2_RX1_IRQHandler)
    i.CAN2_SCE_IRQHandler                    0x0800c2f0   Section        0  ivt_test.o(i.CAN2_SCE_IRQHandler)
    i.CAN2_TX_IRQHandler                     0x0800c310   Section        0  ivt_test.o(i.CAN2_TX_IRQHandler)
    i.DCMI_IRQHandler                        0x0800c330   Section        0  ivt_test.o(i.DCMI_IRQHandler)
    i.DMA1_Stream0_IRQHandler                0x0800c34c   Section        0  ivt_test.o(i.DMA1_Stream0_IRQHandler)
    i.DMA1_Stream1_IRQHandler                0x0800c370   Section        0  ivt_test.o(i.DMA1_Stream1_IRQHandler)
    i.DMA1_Stream2_IRQHandler                0x0800c394   Section        0  ivt_test.o(i.DMA1_Stream2_IRQHandler)
    i.DMA1_Stream3_IRQHandler                0x0800c3b8   Section        0  ivt_test.o(i.DMA1_Stream3_IRQHandler)
    i.DMA1_Stream4_IRQHandler                0x0800c3dc   Section        0  ivt_test.o(i.DMA1_Stream4_IRQHandler)
    i.DMA1_Stream5_IRQHandler                0x0800c400   Section        0  ivt_test.o(i.DMA1_Stream5_IRQHandler)
    i.DMA1_Stream6_IRQHandler                0x0800c424   Section        0  ivt_test.o(i.DMA1_Stream6_IRQHandler)
    i.DMA1_Stream7_IRQHandler                0x0800c448   Section        0  ivt_test.o(i.DMA1_Stream7_IRQHandler)
    i.DMA2_Stream0_IRQHandler                0x0800c46c   Section        0  ivt_test.o(i.DMA2_Stream0_IRQHandler)
    i.DMA2_Stream1_IRQHandler                0x0800c490   Section        0  ivt_test.o(i.DMA2_Stream1_IRQHandler)
    i.DMA2_Stream2_IRQHandler                0x0800c4b4   Section        0  ivt_test.o(i.DMA2_Stream2_IRQHandler)
    i.DMA2_Stream3_IRQHandler                0x0800c4d8   Section        0  ivt_test.o(i.DMA2_Stream3_IRQHandler)
    i.DMA2_Stream4_IRQHandler                0x0800c4fc   Section        0  ivt_test.o(i.DMA2_Stream4_IRQHandler)
    i.DMA2_Stream5_IRQHandler                0x0800c520   Section        0  ivt_test.o(i.DMA2_Stream5_IRQHandler)
    i.DMA2_Stream6_IRQHandler                0x0800c544   Section        0  ivt_test.o(i.DMA2_Stream6_IRQHandler)
    i.DMA2_Stream7_IRQHandler                0x0800c568   Section        0  ivt_test.o(i.DMA2_Stream7_IRQHandler)
    i.ETH_IRQHandler                         0x0800c58c   Section        0  ivt_test.o(i.ETH_IRQHandler)
    i.ETH_WKUP_IRQHandler                    0x0800c5a8   Section        0  ivt_test.o(i.ETH_WKUP_IRQHandler)
    i.EXTI0_IRQHandler                       0x0800c5c8   Section        0  ivt_test.o(i.EXTI0_IRQHandler)
    i.EXTI15_10_IRQHandler                   0x0800c5e8   Section        0  ivt_test.o(i.EXTI15_10_IRQHandler)
    i.EXTI1_IRQHandler                       0x0800c60c   Section        0  ivt_test.o(i.EXTI1_IRQHandler)
    i.EXTI2_IRQHandler                       0x0800c62c   Section        0  ivt_test.o(i.EXTI2_IRQHandler)
    i.EXTI3_IRQHandler                       0x0800c64c   Section        0  ivt_test.o(i.EXTI3_IRQHandler)
    i.EXTI4_IRQHandler                       0x0800c66c   Section        0  ivt_test.o(i.EXTI4_IRQHandler)
    i.EXTI9_5_IRQHandler                     0x0800c68c   Section        0  ivt_test.o(i.EXTI9_5_IRQHandler)
    i.FLASH_IRQHandler                       0x0800c6ac   Section        0  ivt_test.o(i.FLASH_IRQHandler)
    i.FSMC_IRQHandler                        0x0800c6cc   Section        0  ivt_test.o(i.FSMC_IRQHandler)
    i.HASH_RNG_IRQHandler                    0x0800c6e8   Section        0  ivt_test.o(i.HASH_RNG_IRQHandler)
    i.I2C1_ER_IRQHandler                     0x0800c708   Section        0  ivt_test.o(i.I2C1_ER_IRQHandler)
    i.I2C1_EV_IRQHandler                     0x0800c728   Section        0  ivt_test.o(i.I2C1_EV_IRQHandler)
    i.I2C2_ER_IRQHandler                     0x0800c748   Section        0  ivt_test.o(i.I2C2_ER_IRQHandler)
    i.I2C2_EV_IRQHandler                     0x0800c768   Section        0  ivt_test.o(i.I2C2_EV_IRQHandler)
    i.I2C3_ER_IRQHandler                     0x0800c788   Section        0  ivt_test.o(i.I2C3_ER_IRQHandler)
    i.I2C3_EV_IRQHandler                     0x0800c7a8   Section        0  ivt_test.o(i.I2C3_EV_IRQHandler)
    i.ITM_SendChar                           0x0800c7c8   Section        0  retarget_io.o(i.ITM_SendChar)
    i.OTG_FS_IRQHandler                      0x0800c7f8   Section        0  ivt_test.o(i.OTG_FS_IRQHandler)
    i.OTG_FS_WKUP_IRQHandler                 0x0800c818   Section        0  ivt_test.o(i.OTG_FS_WKUP_IRQHandler)
    i.OTG_HS_EP1_IN_IRQHandler               0x0800c83c   Section        0  ivt_test.o(i.OTG_HS_EP1_IN_IRQHandler)
    i.OTG_HS_EP1_OUT_IRQHandler              0x0800c864   Section        0  ivt_test.o(i.OTG_HS_EP1_OUT_IRQHandler)
    i.OTG_HS_IRQHandler                      0x0800c88c   Section        0  ivt_test.o(i.OTG_HS_IRQHandler)
    i.OTG_HS_WKUP_IRQHandler                 0x0800c8ac   Section        0  ivt_test.o(i.OTG_HS_WKUP_IRQHandler)
    i.PVD_IRQHandler                         0x0800c8d0   Section        0  ivt_test.o(i.PVD_IRQHandler)
    i.RCC_IRQHandler                         0x0800c8ec   Section        0  ivt_test.o(i.RCC_IRQHandler)
    i.RTC_Alarm_IRQHandler                   0x0800c908   Section        0  ivt_test.o(i.RTC_Alarm_IRQHandler)
    i.RTC_WKUP_IRQHandler                    0x0800c92c   Section        0  ivt_test.o(i.RTC_WKUP_IRQHandler)
    i.SDIO_IRQHandler                        0x0800c94c   Section        0  ivt_test.o(i.SDIO_IRQHandler)
    i.SPI1_IRQHandler                        0x0800c968   Section        0  ivt_test.o(i.SPI1_IRQHandler)
    i.SPI2_IRQHandler                        0x0800c988   Section        0  ivt_test.o(i.SPI2_IRQHandler)
    i.SPI3_IRQHandler                        0x0800c9a4   Section        0  ivt_test.o(i.SPI3_IRQHandler)
    i.SysTick_Handler                        0x0800c9c0   Section        0  main.o(i.SysTick_Handler)
    i.SystemInit                             0x0800c9c2   Section        0  system_stm32f2xx_app.o(i.SystemInit)
    i.TAMP_STAMP_IRQHandler                  0x0800c9c4   Section        0  ivt_test.o(i.TAMP_STAMP_IRQHandler)
    i.TIM1_BRK_TIM9_IRQHandler               0x0800c9e8   Section        0  ivt_test.o(i.TIM1_BRK_TIM9_IRQHandler)
    i.TIM1_CC_IRQHandler                     0x0800ca10   Section        0  ivt_test.o(i.TIM1_CC_IRQHandler)
    i.TIM1_TRG_COM_TIM11_IRQHandler          0x0800ca30   Section        0  ivt_test.o(i.TIM1_TRG_COM_TIM11_IRQHandler)
    i.TIM1_UP_TIM10_IRQHandler               0x0800ca5c   Section        0  ivt_test.o(i.TIM1_UP_TIM10_IRQHandler)
    i.TIM3_IRQHandler                        0x0800ca84   Section        0  ivt_test.o(i.TIM3_IRQHandler)
    i.TIM4_IRQHandler                        0x0800caa0   Section        0  ivt_test.o(i.TIM4_IRQHandler)
    i.TIM5_IRQHandler                        0x0800cabc   Section        0  ivt_test.o(i.TIM5_IRQHandler)
    i.TIM6_DAC_IRQHandler                    0x0800cad8   Section        0  ivt_test.o(i.TIM6_DAC_IRQHandler)
    i.TIM7_IRQHandler                        0x0800caf8   Section        0  ivt_test.o(i.TIM7_IRQHandler)
    i.TIM8_BRK_TIM12_IRQHandler              0x0800cb14   Section        0  ivt_test.o(i.TIM8_BRK_TIM12_IRQHandler)
    i.TIM8_CC_IRQHandler                     0x0800cb3c   Section        0  ivt_test.o(i.TIM8_CC_IRQHandler)
    i.TIM8_TRG_COM_TIM14_IRQHandler          0x0800cb5c   Section        0  ivt_test.o(i.TIM8_TRG_COM_TIM14_IRQHandler)
    i.TIM8_UP_TIM13_IRQHandler               0x0800cb88   Section        0  ivt_test.o(i.TIM8_UP_TIM13_IRQHandler)
    i.UART4_IRQHandler                       0x0800cbb0   Section        0  ivt_test.o(i.UART4_IRQHandler)
    i.UART5_IRQHandler                       0x0800cbd0   Section        0  ivt_test.o(i.UART5_IRQHandler)
    i.USART1_IRQHandler                      0x0800cbf0   Section        0  ivt_test.o(i.USART1_IRQHandler)
    i.USART2_IRQHandler                      0x0800cc10   Section        0  ivt_test.o(i.USART2_IRQHandler)
    i.USART3_IRQHandler                      0x0800cc30   Section        0  ivt_test.o(i.USART3_IRQHandler)
    i.USART6_IRQHandler                      0x0800cc50   Section        0  ivt_test.o(i.USART6_IRQHandler)
    i.WWDG_IRQHandler                        0x0800cc70   Section        0  ivt_test.o(i.WWDG_IRQHandler)
    i.__0printf$1                            0x0800cc8c   Section        0  printf1.o(i.__0printf$1)
    i.__scatterload_copy                     0x0800ccac   Section       14  handlers.o(i.__scatterload_copy)
    i.__scatterload_null                     0x0800ccba   Section        2  handlers.o(i.__scatterload_null)
    i.__scatterload_zeroinit                 0x0800ccbc   Section       14  handlers.o(i.__scatterload_zeroinit)
    i._printf_core                           0x0800cccc   Section        0  printf1.o(i._printf_core)
    _printf_core                             0x0800cccd   Thumb Code   336  printf1.o(i._printf_core)
    i.delay                                  0x0800ce20   Section        0  main.o(i.delay)
    i.fputc                                  0x0800ce3c   Section        0  retarget_io.o(i.fputc)
    i.main                                   0x0800ce6c   Section        0  main.o(i.main)
    i.stderr_putchar                         0x0800cedc   Section        0  retarget_io.o(i.stderr_putchar)
    stderr_putchar                           0x0800cedd   Thumb Code    12  retarget_io.o(i.stderr_putchar)
    i.stdout_putchar                         0x0800cee8   Section        0  retarget_io.o(i.stdout_putchar)
    stdout_putchar                           0x0800cee9   Thumb Code    12  retarget_io.o(i.stdout_putchar)
    ISP_IROM2                                0x08060000   Section     9100  isp2_bin.o(ISP_IROM2)
    .data                                    0x20000000   Section        4  stdout.o(.data)
    .data                                    0x20000004   Section        4  stderr.o(.data)
    STACK                                    0x20000008   Section     1024  startup_stm32f207xx_app.o(STACK)

    Global Symbols

    Symbol Name                              Value     Ov Type        Size  Object(Section)

    BuildAttributes$$THM_ISAv4$P$D$K$B$S$PE$A:L22UL41UL21$X:L11$S22US41US21$IEEE1$IW$USESV6$~STKCKD$USESV7$~SHL$OSPACE$ROPI$EBA8$MICROLIB$REQ8$EABIv2 0x00000000   Number         0  anon$$obj.o ABSOLUTE
    __ARM_use_no_argv                        0x00000000   Number         0  main.o ABSOLUTE
    _printf_a                                0x00000000   Number         0  stubs.o ABSOLUTE
    _printf_c                                0x00000000   Number         0  stubs.o ABSOLUTE
    _printf_charcount                        0x00000000   Number         0  stubs.o ABSOLUTE
    _printf_d                                0x00000000   Number         0  stubs.o ABSOLUTE
    _printf_e                                0x00000000   Number         0  stubs.o ABSOLUTE
    _printf_f                                0x00000000   Number         0  stubs.o ABSOLUTE
    _printf_flags                            0x00000000   Number         0  stubs.o ABSOLUTE
    _printf_fp_dec                           0x00000000   Number         0  stubs.o ABSOLUTE
    _printf_fp_hex                           0x00000000   Number         0  stubs.o ABSOLUTE
    _printf_g                                0x00000000   Number         0  stubs.o ABSOLUTE
    _printf_i                                0x00000000   Number         0  stubs.o ABSOLUTE
    _printf_int_dec                          0x00000000   Number         0  stubs.o ABSOLUTE
    _printf_l                                0x00000000   Number         0  stubs.o ABSOLUTE
    _printf_lc                               0x00000000   Number         0  stubs.o ABSOLUTE
    _printf_ll                               0x00000000   Number         0  stubs.o ABSOLUTE
    _printf_lld                              0x00000000   Number         0  stubs.o ABSOLUTE
    _printf_lli                              0x00000000   Number         0  stubs.o ABSOLUTE
    _printf_llo                              0x00000000   Number         0  stubs.o ABSOLUTE
    _printf_llu                              0x00000000   Number         0  stubs.o ABSOLUTE
    _printf_llx                              0x00000000   Number         0  stubs.o ABSOLUTE
    _printf_longlong_dec                     0x00000000   Number         0  stubs.o ABSOLUTE
    _printf_longlong_hex                     0x00000000   Number         0  stubs.o ABSOLUTE
    _printf_longlong_oct                     0x00000000   Number         0  stubs.o ABSOLUTE
    _printf_ls                               0x00000000   Number         0  stubs.o ABSOLUTE
    _printf_mbtowc                           0x00000000   Number         0  stubs.o ABSOLUTE
    _printf_n                                0x00000000   Number         0  stubs.o ABSOLUTE
    _printf_o                                0x00000000   Number         0  stubs.o ABSOLUTE
    _printf_p                                0x00000000   Number         0  stubs.o ABSOLUTE
    _printf_percent                          0x00000000   Number         0  stubs.o ABSOLUTE
    _printf_pre_padding                      0x00000000   Number         0  stubs.o ABSOLUTE
    _printf_return_value                     0x00000000   Number         0  stubs.o ABSOLUTE
    _printf_s                                0x00000000   Number         0  stubs.o ABSOLUTE
    _printf_sizespec                         0x00000000   Number         0  stubs.o ABSOLUTE
    _printf_str                              0x00000000   Number         0  stubs.o ABSOLUTE
    _printf_truncate_signed                  0x00000000   Number         0  stubs.o ABSOLUTE
    _printf_truncate_unsigned                0x00000000   Number         0  stubs.o ABSOLUTE
    _printf_u                                0x00000000   Number         0  stubs.o ABSOLUTE
    _printf_wc                               0x00000000   Number         0  stubs.o ABSOLUTE
    _printf_wctomb                           0x00000000   Number         0  stubs.o ABSOLUTE
    _printf_widthprec                        0x00000000   Number         0  stubs.o ABSOLUTE
    _printf_x                                0x00000000   Number         0  stubs.o ABSOLUTE
    __cpp_initialize__aeabi_                  - Undefined Weak Reference
    __cxa_finalize                            - Undefined Weak Reference
    __decompress                              - Undefined Weak Reference
    _clock_init                               - Undefined Weak Reference
    _microlib_exit                            - Undefined Weak Reference
    __Vectors_Size                           0x00000184   Number         0  startup_stm32f207xx_app.o ABSOLUTE
    __Vectors                                0x0800c000   Data           4  startup_stm32f207xx_app.o(RESET)
    __Vectors_End                            0x0800c184   Data           0  startup_stm32f207xx_app.o(RESET)
    __main                                   0x0800c185   Thumb Code     0  entry.o(.ARM.Collect$$$$00000000)
    _main_stk                                0x0800c185   Thumb Code     0  entry2.o(.ARM.Collect$$$$00000001)
    _main_scatterload                        0x0800c189   Thumb Code     0  entry5.o(.ARM.Collect$$$$00000004)
    __main_after_scatterload                 0x0800c18d   Thumb Code     0  entry5.o(.ARM.Collect$$$$00000004)
    _main_clock                              0x0800c18d   Thumb Code     0  entry7b.o(.ARM.Collect$$$$00000008)
    _main_cpp_init                           0x0800c18d   Thumb Code     0  entry8b.o(.ARM.Collect$$$$0000000A)
    _main_init                               0x0800c18d   Thumb Code     0  entry9a.o(.ARM.Collect$$$$0000000B)
    __rt_final_cpp                           0x0800c195   Thumb Code     0  entry10a.o(.ARM.Collect$$$$0000000D)
    __rt_final_exit                          0x0800c195   Thumb Code     0  entry11a.o(.ARM.Collect$$$$0000000F)
    ISP_GoToResetHandler                     0x0800c199   Thumb Code     8  isp.o(.emb_text)
    Reset_Handler                            0x0800c1a1   Thumb Code     8  startup_stm32f207xx_app.o(.text)
    NMI_Handler                              0x0800c1a9   Thumb Code     2  startup_stm32f207xx_app.o(.text)
    HardFault_Handler                        0x0800c1ab   Thumb Code     2  startup_stm32f207xx_app.o(.text)
    MemManage_Handler                        0x0800c1ad   Thumb Code     2  startup_stm32f207xx_app.o(.text)
    BusFault_Handler                         0x0800c1af   Thumb Code     2  startup_stm32f207xx_app.o(.text)
    UsageFault_Handler                       0x0800c1b1   Thumb Code     2  startup_stm32f207xx_app.o(.text)
    SVC_Handler                              0x0800c1b3   Thumb Code     2  startup_stm32f207xx_app.o(.text)
    DebugMon_Handler                         0x0800c1b5   Thumb Code     2  startup_stm32f207xx_app.o(.text)
    PendSV_Handler                           0x0800c1b7   Thumb Code     2  startup_stm32f207xx_app.o(.text)
    TIM2_IRQHandler                          0x0800c1bb   Thumb Code     0  startup_stm32f207xx_app.o(.text)
    __aeabi_uidiv                            0x0800c1c5   Thumb Code     0  uidiv.o(.text)
    __aeabi_uidivmod                         0x0800c1c5   Thumb Code    44  uidiv.o(.text)
    __scatterload                            0x0800c1f1   Thumb Code    28  init.o(.text)
    __scatterload_rt2                        0x0800c1f1   Thumb Code     0  init.o(.text)
    ADC_IRQHandler                           0x0800c215   Thumb Code    10  ivt_test.o(i.ADC_IRQHandler)
    CAN1_RX0_IRQHandler                      0x0800c231   Thumb Code    10  ivt_test.o(i.CAN1_RX0_IRQHandler)
    CAN1_RX1_IRQHandler                      0x0800c251   Thumb Code    10  ivt_test.o(i.CAN1_RX1_IRQHandler)
    CAN1_SCE_IRQHandler                      0x0800c271   Thumb Code    10  ivt_test.o(i.CAN1_SCE_IRQHandler)
    CAN1_TX_IRQHandler                       0x0800c291   Thumb Code    10  ivt_test.o(i.CAN1_TX_IRQHandler)
    CAN2_RX0_IRQHandler                      0x0800c2b1   Thumb Code    10  ivt_test.o(i.CAN2_RX0_IRQHandler)
    CAN2_RX1_IRQHandler                      0x0800c2d1   Thumb Code    10  ivt_test.o(i.CAN2_RX1_IRQHandler)
    CAN2_SCE_IRQHandler                      0x0800c2f1   Thumb Code    10  ivt_test.o(i.CAN2_SCE_IRQHandler)
    CAN2_TX_IRQHandler                       0x0800c311   Thumb Code    10  ivt_test.o(i.CAN2_TX_IRQHandler)
    DCMI_IRQHandler                          0x0800c331   Thumb Code    10  ivt_test.o(i.DCMI_IRQHandler)
    DMA1_Stream0_IRQHandler                  0x0800c34d   Thumb Code    10  ivt_test.o(i.DMA1_Stream0_IRQHandler)
    DMA1_Stream1_IRQHandler                  0x0800c371   Thumb Code    10  ivt_test.o(i.DMA1_Stream1_IRQHandler)
    DMA1_Stream2_IRQHandler                  0x0800c395   Thumb Code    10  ivt_test.o(i.DMA1_Stream2_IRQHandler)
    DMA1_Stream3_IRQHandler                  0x0800c3b9   Thumb Code    10  ivt_test.o(i.DMA1_Stream3_IRQHandler)
    DMA1_Stream4_IRQHandler                  0x0800c3dd   Thumb Code    10  ivt_test.o(i.DMA1_Stream4_IRQHandler)
    DMA1_Stream5_IRQHandler                  0x0800c401   Thumb Code    10  ivt_test.o(i.DMA1_Stream5_IRQHandler)
    DMA1_Stream6_IRQHandler                  0x0800c425   Thumb Code    10  ivt_test.o(i.DMA1_Stream6_IRQHandler)
    DMA1_Stream7_IRQHandler                  0x0800c449   Thumb Code    10  ivt_test.o(i.DMA1_Stream7_IRQHandler)
    DMA2_Stream0_IRQHandler                  0x0800c46d   Thumb Code    10  ivt_test.o(i.DMA2_Stream0_IRQHandler)
    DMA2_Stream1_IRQHandler                  0x0800c491   Thumb Code    10  ivt_test.o(i.DMA2_Stream1_IRQHandler)
    DMA2_Stream2_IRQHandler                  0x0800c4b5   Thumb Code    10  ivt_test.o(i.DMA2_Stream2_IRQHandler)
    DMA2_Stream3_IRQHandler                  0x0800c4d9   Thumb Code    10  ivt_test.o(i.DMA2_Stream3_IRQHandler)
    DMA2_Stream4_IRQHandler                  0x0800c4fd   Thumb Code    10  ivt_test.o(i.DMA2_Stream4_IRQHandler)
    DMA2_Stream5_IRQHandler                  0x0800c521   Thumb Code    10  ivt_test.o(i.DMA2_Stream5_IRQHandler)
    DMA2_Stream6_IRQHandler                  0x0800c545   Thumb Code    10  ivt_test.o(i.DMA2_Stream6_IRQHandler)
    DMA2_Stream7_IRQHandler                  0x0800c569   Thumb Code    10  ivt_test.o(i.DMA2_Stream7_IRQHandler)
    ETH_IRQHandler                           0x0800c58d   Thumb Code    10  ivt_test.o(i.ETH_IRQHandler)
    ETH_WKUP_IRQHandler                      0x0800c5a9   Thumb Code    10  ivt_test.o(i.ETH_WKUP_IRQHandler)
    EXTI0_IRQHandler                         0x0800c5c9   Thumb Code    10  ivt_test.o(i.EXTI0_IRQHandler)
    EXTI15_10_IRQHandler                     0x0800c5e9   Thumb Code    10  ivt_test.o(i.EXTI15_10_IRQHandler)
    EXTI1_IRQHandler                         0x0800c60d   Thumb Code    10  ivt_test.o(i.EXTI1_IRQHandler)
    EXTI2_IRQHandler                         0x0800c62d   Thumb Code    10  ivt_test.o(i.EXTI2_IRQHandler)
    EXTI3_IRQHandler                         0x0800c64d   Thumb Code    10  ivt_test.o(i.EXTI3_IRQHandler)
    EXTI4_IRQHandler                         0x0800c66d   Thumb Code    10  ivt_test.o(i.EXTI4_IRQHandler)
    EXTI9_5_IRQHandler                       0x0800c68d   Thumb Code    10  ivt_test.o(i.EXTI9_5_IRQHandler)
    FLASH_IRQHandler                         0x0800c6ad   Thumb Code    10  ivt_test.o(i.FLASH_IRQHandler)
    FSMC_IRQHandler                          0x0800c6cd   Thumb Code    10  ivt_test.o(i.FSMC_IRQHandler)
    HASH_RNG_IRQHandler                      0x0800c6e9   Thumb Code    10  ivt_test.o(i.HASH_RNG_IRQHandler)
    I2C1_ER_IRQHandler                       0x0800c709   Thumb Code    10  ivt_test.o(i.I2C1_ER_IRQHandler)
    I2C1_EV_IRQHandler                       0x0800c729   Thumb Code    10  ivt_test.o(i.I2C1_EV_IRQHandler)
    I2C2_ER_IRQHandler                       0x0800c749   Thumb Code    10  ivt_test.o(i.I2C2_ER_IRQHandler)
    I2C2_EV_IRQHandler                       0x0800c769   Thumb Code    10  ivt_test.o(i.I2C2_EV_IRQHandler)
    I2C3_ER_IRQHandler                       0x0800c789   Thumb Code    10  ivt_test.o(i.I2C3_ER_IRQHandler)
    I2C3_EV_IRQHandler                       0x0800c7a9   Thumb Code    10  ivt_test.o(i.I2C3_EV_IRQHandler)
    ITM_SendChar                             0x0800c7c9   Thumb Code    42  retarget_io.o(i.ITM_SendChar)
    OTG_FS_IRQHandler                        0x0800c7f9   Thumb Code    10  ivt_test.o(i.OTG_FS_IRQHandler)
    OTG_FS_WKUP_IRQHandler                   0x0800c819   Thumb Code    10  ivt_test.o(i.OTG_FS_WKUP_IRQHandler)
    OTG_HS_EP1_IN_IRQHandler                 0x0800c83d   Thumb Code    10  ivt_test.o(i.OTG_HS_EP1_IN_IRQHandler)
    OTG_HS_EP1_OUT_IRQHandler                0x0800c865   Thumb Code    10  ivt_test.o(i.OTG_HS_EP1_OUT_IRQHandler)
    OTG_HS_IRQHandler                        0x0800c88d   Thumb Code    10  ivt_test.o(i.OTG_HS_IRQHandler)
    OTG_HS_WKUP_IRQHandler                   0x0800c8ad   Thumb Code    10  ivt_test.o(i.OTG_HS_WKUP_IRQHandler)
    PVD_IRQHandler                           0x0800c8d1   Thumb Code    10  ivt_test.o(i.PVD_IRQHandler)
    RCC_IRQHandler                           0x0800c8ed   Thumb Code    10  ivt_test.o(i.RCC_IRQHandler)
    RTC_Alarm_IRQHandler                     0x0800c909   Thumb Code    10  ivt_test.o(i.RTC_Alarm_IRQHandler)
    RTC_WKUP_IRQHandler                      0x0800c92d   Thumb Code    10  ivt_test.o(i.RTC_WKUP_IRQHandler)
    SDIO_IRQHandler                          0x0800c94d   Thumb Code    10  ivt_test.o(i.SDIO_IRQHandler)
    SPI1_IRQHandler                          0x0800c969   Thumb Code    10  ivt_test.o(i.SPI1_IRQHandler)
    SPI2_IRQHandler                          0x0800c989   Thumb Code    10  ivt_test.o(i.SPI2_IRQHandler)
    SPI3_IRQHandler                          0x0800c9a5   Thumb Code    10  ivt_test.o(i.SPI3_IRQHandler)
    SysTick_Handler                          0x0800c9c1   Thumb Code     2  main.o(i.SysTick_Handler)
    SystemInit                               0x0800c9c3   Thumb Code     2  system_stm32f2xx_app.o(i.SystemInit)
    TAMP_STAMP_IRQHandler                    0x0800c9c5   Thumb Code    10  ivt_test.o(i.TAMP_STAMP_IRQHandler)
    TIM1_BRK_TIM9_IRQHandler                 0x0800c9e9   Thumb Code    10  ivt_test.o(i.TIM1_BRK_TIM9_IRQHandler)
    TIM1_CC_IRQHandler                       0x0800ca11   Thumb Code    10  ivt_test.o(i.TIM1_CC_IRQHandler)
    TIM1_TRG_COM_TIM11_IRQHandler            0x0800ca31   Thumb Code    10  ivt_test.o(i.TIM1_TRG_COM_TIM11_IRQHandler)
    TIM1_UP_TIM10_IRQHandler                 0x0800ca5d   Thumb Code    10  ivt_test.o(i.TIM1_UP_TIM10_IRQHandler)
    TIM3_IRQHandler                          0x0800ca85   Thumb Code    10  ivt_test.o(i.TIM3_IRQHandler)
    TIM4_IRQHandler                          0x0800caa1   Thumb Code    10  ivt_test.o(i.TIM4_IRQHandler)
    TIM5_IRQHandler                          0x0800cabd   Thumb Code    10  ivt_test.o(i.TIM5_IRQHandler)
    TIM6_DAC_IRQHandler                      0x0800cad9   Thumb Code    10  ivt_test.o(i.TIM6_DAC_IRQHandler)
    TIM7_IRQHandler                          0x0800caf9   Thumb Code    10  ivt_test.o(i.TIM7_IRQHandler)
    TIM8_BRK_TIM12_IRQHandler                0x0800cb15   Thumb Code    10  ivt_test.o(i.TIM8_BRK_TIM12_IRQHandler)
    TIM8_CC_IRQHandler                       0x0800cb3d   Thumb Code    10  ivt_test.o(i.TIM8_CC_IRQHandler)
    TIM8_TRG_COM_TIM14_IRQHandler            0x0800cb5d   Thumb Code    10  ivt_test.o(i.TIM8_TRG_COM_TIM14_IRQHandler)
    TIM8_UP_TIM13_IRQHandler                 0x0800cb89   Thumb Code    10  ivt_test.o(i.TIM8_UP_TIM13_IRQHandler)
    UART4_IRQHandler                         0x0800cbb1   Thumb Code    10  ivt_test.o(i.UART4_IRQHandler)
    UART5_IRQHandler                         0x0800cbd1   Thumb Code    10  ivt_test.o(i.UART5_IRQHandler)
    USART1_IRQHandler                        0x0800cbf1   Thumb Code    10  ivt_test.o(i.USART1_IRQHandler)
    USART2_IRQHandler                        0x0800cc11   Thumb Code    10  ivt_test.o(i.USART2_IRQHandler)
    USART3_IRQHandler                        0x0800cc31   Thumb Code    10  ivt_test.o(i.USART3_IRQHandler)
    USART6_IRQHandler                        0x0800cc51   Thumb Code    10  ivt_test.o(i.USART6_IRQHandler)
    WWDG_IRQHandler                          0x0800cc71   Thumb Code    10  ivt_test.o(i.WWDG_IRQHandler)
    __0printf$1                              0x0800cc8d   Thumb Code    22  printf1.o(i.__0printf$1)
    __1printf$1                              0x0800cc8d   Thumb Code     0  printf1.o(i.__0printf$1)
    __2printf                                0x0800cc8d   Thumb Code     0  printf1.o(i.__0printf$1)
    __scatterload_copy                       0x0800ccad   Thumb Code    14  handlers.o(i.__scatterload_copy)
    __scatterload_null                       0x0800ccbb   Thumb Code     2  handlers.o(i.__scatterload_null)
    __scatterload_zeroinit                   0x0800ccbd   Thumb Code    14  handlers.o(i.__scatterload_zeroinit)
    delay                                    0x0800ce21   Thumb Code    26  main.o(i.delay)
    fputc                                    0x0800ce3d   Thumb Code    40  retarget_io.o(i.fputc)
    main                                     0x0800ce6d   Thumb Code    62  main.o(i.main)
    Region$$Table$$Base                      0x0800cef4   Number         0  anon$$obj.o(Region$$Table)
    Region$$Table$$Limit                     0x0800cf14   Number         0  anon$$obj.o(Region$$Table)
    __stdout                                 0x20000000   Data           4  stdout.o(.data)
    __stderr                                 0x20000004   Data           4  stderr.o(.data)
    __initial_sp                             0x20000408   Data           0  startup_stm32f207xx_app.o(STACK)



==============================================================================

Memory Map of the image

  Image Entry point : 0x0800c1a1

  Load Region ISP_IROM1 (Base: 0x08000000, Size: 0x00000218, Max: 0x00004000, ABSOLUTE)

    Execution Region ISP_ER_IROM1 (Exec base: 0x08000000, Load base: 0x08000000, Size: 0x00000218, Max: 0x00004000, ABSOLUTE)

    Exec Addr    Load Addr    Size         Type   Attr      Idx    E Section Name        Object

    0x08000000   0x08000000   0x00000218   Code   RO          691    ISP_IROM1           isp_bin.o



  Load Region APP_IROM (Base: 0x0800c000, Size: 0x00000f1c, Max: 0x00054000, ABSOLUTE)

    Execution Region APP_ER_IROM (Exec base: 0x0800c000, Load base: 0x0800c000, Size: 0x00000f14, Max: 0x00054000, ABSOLUTE)

    Exec Addr    Load Addr    Size         Type   Attr      Idx    E Section Name        Object

    0x0800c000   0x0800c000   0x00000184   Data   RO          699    RESET               startup_stm32f207xx_app.o
    0x0800c184   0x0800c184   0x00000000   Code   RO         1324  * .ARM.Collect$$$$00000000  mc_w.l(entry.o)
    0x0800c184   0x0800c184   0x00000004   Code   RO         1599    .ARM.Collect$$$$00000001  mc_w.l(entry2.o)
    0x0800c188   0x0800c188   0x00000004   Code   RO         1602    .ARM.Collect$$$$00000004  mc_w.l(entry5.o)
    0x0800c18c   0x0800c18c   0x00000000   Code   RO         1604    .ARM.Collect$$$$00000008  mc_w.l(entry7b.o)
    0x0800c18c   0x0800c18c   0x00000000   Code   RO         1606    .ARM.Collect$$$$0000000A  mc_w.l(entry8b.o)
    0x0800c18c   0x0800c18c   0x00000008   Code   RO         1607    .ARM.Collect$$$$0000000B  mc_w.l(entry9a.o)
    0x0800c194   0x0800c194   0x00000000   Code   RO         1609    .ARM.Collect$$$$0000000D  mc_w.l(entry10a.o)
    0x0800c194   0x0800c194   0x00000000   Code   RO         1611    .ARM.Collect$$$$0000000F  mc_w.l(entry11a.o)
    0x0800c194   0x0800c194   0x00000004   Code   RO         1600    .ARM.Collect$$$$00002712  mc_w.l(entry2.o)
    0x0800c198   0x0800c198   0x00000008   Code   RO           82    .emb_text           isp.o
    0x0800c1a0   0x0800c1a0   0x00000024   Code   RO          700  * .text               startup_stm32f207xx_app.o
    0x0800c1c4   0x0800c1c4   0x0000002c   Code   RO         1613    .text               mc_w.l(uidiv.o)
    0x0800c1f0   0x0800c1f0   0x00000024   Code   RO         1630    .text               mc_w.l(init.o)
    0x0800c214   0x0800c214   0x0000001c   Code   RO          204    i.ADC_IRQHandler    ivt_test.o
    0x0800c230   0x0800c230   0x00000020   Code   RO          205    i.CAN1_RX0_IRQHandler  ivt_test.o
    0x0800c250   0x0800c250   0x00000020   Code   RO          206    i.CAN1_RX1_IRQHandler  ivt_test.o
    0x0800c270   0x0800c270   0x00000020   Code   RO          207    i.CAN1_SCE_IRQHandler  ivt_test.o
    0x0800c290   0x0800c290   0x00000020   Code   RO          208    i.CAN1_TX_IRQHandler  ivt_test.o
    0x0800c2b0   0x0800c2b0   0x00000020   Code   RO          209    i.CAN2_RX0_IRQHandler  ivt_test.o
    0x0800c2d0   0x0800c2d0   0x00000020   Code   RO          210    i.CAN2_RX1_IRQHandler  ivt_test.o
    0x0800c2f0   0x0800c2f0   0x00000020   Code   RO          211    i.CAN2_SCE_IRQHandler  ivt_test.o
    0x0800c310   0x0800c310   0x00000020   Code   RO          212    i.CAN2_TX_IRQHandler  ivt_test.o
    0x0800c330   0x0800c330   0x0000001c   Code   RO          213    i.DCMI_IRQHandler   ivt_test.o
    0x0800c34c   0x0800c34c   0x00000024   Code   RO          214    i.DMA1_Stream0_IRQHandler  ivt_test.o
    0x0800c370   0x0800c370   0x00000024   Code   RO          215    i.DMA1_Stream1_IRQHandler  ivt_test.o
    0x0800c394   0x0800c394   0x00000024   Code   RO          216    i.DMA1_Stream2_IRQHandler  ivt_test.o
    0x0800c3b8   0x0800c3b8   0x00000024   Code   RO          217    i.DMA1_Stream3_IRQHandler  ivt_test.o
    0x0800c3dc   0x0800c3dc   0x00000024   Code   RO          218    i.DMA1_Stream4_IRQHandler  ivt_test.o
    0x0800c400   0x0800c400   0x00000024   Code   RO          219    i.DMA1_Stream5_IRQHandler  ivt_test.o
    0x0800c424   0x0800c424   0x00000024   Code   RO          220    i.DMA1_Stream6_IRQHandler  ivt_test.o
    0x0800c448   0x0800c448   0x00000024   Code   RO          221    i.DMA1_Stream7_IRQHandler  ivt_test.o
    0x0800c46c   0x0800c46c   0x00000024   Code   RO          222    i.DMA2_Stream0_IRQHandler  ivt_test.o
    0x0800c490   0x0800c490   0x00000024   Code   RO          223    i.DMA2_Stream1_IRQHandler  ivt_test.o
    0x0800c4b4   0x0800c4b4   0x00000024   Code   RO          224    i.DMA2_Stream2_IRQHandler  ivt_test.o
    0x0800c4d8   0x0800c4d8   0x00000024   Code   RO          225    i.DMA2_Stream3_IRQHandler  ivt_test.o
    0x0800c4fc   0x0800c4fc   0x00000024   Code   RO          226    i.DMA2_Stream4_IRQHandler  ivt_test.o
    0x0800c520   0x0800c520   0x00000024   Code   RO          227    i.DMA2_Stream5_IRQHandler  ivt_test.o
    0x0800c544   0x0800c544   0x00000024   Code   RO          228    i.DMA2_Stream6_IRQHandler  ivt_test.o
    0x0800c568   0x0800c568   0x00000024   Code   RO          229    i.DMA2_Stream7_IRQHandler  ivt_test.o
    0x0800c58c   0x0800c58c   0x0000001c   Code   RO          230    i.ETH_IRQHandler    ivt_test.o
    0x0800c5a8   0x0800c5a8   0x00000020   Code   RO          231    i.ETH_WKUP_IRQHandler  ivt_test.o
    0x0800c5c8   0x0800c5c8   0x00000020   Code   RO          232    i.EXTI0_IRQHandler  ivt_test.o
    0x0800c5e8   0x0800c5e8   0x00000024   Code   RO          233    i.EXTI15_10_IRQHandler  ivt_test.o
    0x0800c60c   0x0800c60c   0x00000020   Code   RO          234    i.EXTI1_IRQHandler  ivt_test.o
    0x0800c62c   0x0800c62c   0x00000020   Code   RO          235    i.EXTI2_IRQHandler  ivt_test.o
    0x0800c64c   0x0800c64c   0x00000020   Code   RO          236    i.EXTI3_IRQHandler  ivt_test.o
    0x0800c66c   0x0800c66c   0x00000020   Code   RO          237    i.EXTI4_IRQHandler  ivt_test.o
    0x0800c68c   0x0800c68c   0x00000020   Code   RO          238    i.EXTI9_5_IRQHandler  ivt_test.o
    0x0800c6ac   0x0800c6ac   0x00000020   Code   RO          239    i.FLASH_IRQHandler  ivt_test.o
    0x0800c6cc   0x0800c6cc   0x0000001c   Code   RO          240    i.FSMC_IRQHandler   ivt_test.o
    0x0800c6e8   0x0800c6e8   0x00000020   Code   RO          241    i.HASH_RNG_IRQHandler  ivt_test.o
    0x0800c708   0x0800c708   0x00000020   Code   RO          242    i.I2C1_ER_IRQHandler  ivt_test.o
    0x0800c728   0x0800c728   0x00000020   Code   RO          243    i.I2C1_EV_IRQHandler  ivt_test.o
    0x0800c748   0x0800c748   0x00000020   Code   RO          244    i.I2C2_ER_IRQHandler  ivt_test.o
    0x0800c768   0x0800c768   0x00000020   Code   RO          245    i.I2C2_EV_IRQHandler  ivt_test.o
    0x0800c788   0x0800c788   0x00000020   Code   RO          246    i.I2C3_ER_IRQHandler  ivt_test.o
    0x0800c7a8   0x0800c7a8   0x00000020   Code   RO          247    i.I2C3_EV_IRQHandler  ivt_test.o
    0x0800c7c8   0x0800c7c8   0x00000030   Code   RO         1239    i.ITM_SendChar      retarget_io.o
    0x0800c7f8   0x0800c7f8   0x00000020   Code   RO          248    i.OTG_FS_IRQHandler  ivt_test.o
    0x0800c818   0x0800c818   0x00000024   Code   RO          249    i.OTG_FS_WKUP_IRQHandler  ivt_test.o
    0x0800c83c   0x0800c83c   0x00000028   Code   RO          250    i.OTG_HS_EP1_IN_IRQHandler  ivt_test.o
    0x0800c864   0x0800c864   0x00000028   Code   RO          251    i.OTG_HS_EP1_OUT_IRQHandler  ivt_test.o
    0x0800c88c   0x0800c88c   0x00000020   Code   RO          252    i.OTG_HS_IRQHandler  ivt_test.o
    0x0800c8ac   0x0800c8ac   0x00000024   Code   RO          253    i.OTG_HS_WKUP_IRQHandler  ivt_test.o
    0x0800c8d0   0x0800c8d0   0x0000001c   Code   RO          254    i.PVD_IRQHandler    ivt_test.o
    0x0800c8ec   0x0800c8ec   0x0000001c   Code   RO          255    i.RCC_IRQHandler    ivt_test.o
    0x0800c908   0x0800c908   0x00000024   Code   RO          256    i.RTC_Alarm_IRQHandler  ivt_test.o
    0x0800c92c   0x0800c92c   0x00000020   Code   RO          257    i.RTC_WKUP_IRQHandler  ivt_test.o
    0x0800c94c   0x0800c94c   0x0000001c   Code   RO          258    i.SDIO_IRQHandler   ivt_test.o
    0x0800c968   0x0800c968   0x00000020   Code   RO          259    i.SPI1_IRQHandler   ivt_test.o
    0x0800c988   0x0800c988   0x0000001c   Code   RO          260    i.SPI2_IRQHandler   ivt_test.o
    0x0800c9a4   0x0800c9a4   0x0000001c   Code   RO          261    i.SPI3_IRQHandler   ivt_test.o
    0x0800c9c0   0x0800c9c0   0x00000002   Code   RO            4    i.SysTick_Handler   main.o
    0x0800c9c2   0x0800c9c2   0x00000002   Code   RO          708    i.SystemInit        system_stm32f2xx_app.o
    0x0800c9c4   0x0800c9c4   0x00000024   Code   RO          262    i.TAMP_STAMP_IRQHandler  ivt_test.o
    0x0800c9e8   0x0800c9e8   0x00000028   Code   RO          263    i.TIM1_BRK_TIM9_IRQHandler  ivt_test.o
    0x0800ca10   0x0800ca10   0x00000020   Code   RO          264    i.TIM1_CC_IRQHandler  ivt_test.o
    0x0800ca30   0x0800ca30   0x0000002c   Code   RO          265    i.TIM1_TRG_COM_TIM11_IRQHandler  ivt_test.o
    0x0800ca5c   0x0800ca5c   0x00000028   Code   RO          266    i.TIM1_UP_TIM10_IRQHandler  ivt_test.o
    0x0800ca84   0x0800ca84   0x0000001c   Code   RO          267    i.TIM3_IRQHandler   ivt_test.o
    0x0800caa0   0x0800caa0   0x0000001c   Code   RO          268    i.TIM4_IRQHandler   ivt_test.o
    0x0800cabc   0x0800cabc   0x0000001c   Code   RO          269    i.TIM5_IRQHandler   ivt_test.o
    0x0800cad8   0x0800cad8   0x00000020   Code   RO          270    i.TIM6_DAC_IRQHandler  ivt_test.o
    0x0800caf8   0x0800caf8   0x0000001c   Code   RO          271    i.TIM7_IRQHandler   ivt_test.o
    0x0800cb14   0x0800cb14   0x00000028   Code   RO          272    i.TIM8_BRK_TIM12_IRQHandler  ivt_test.o
    0x0800cb3c   0x0800cb3c   0x00000020   Code   RO          273    i.TIM8_CC_IRQHandler  ivt_test.o
    0x0800cb5c   0x0800cb5c   0x0000002c   Code   RO          274    i.TIM8_TRG_COM_TIM14_IRQHandler  ivt_test.o
    0x0800cb88   0x0800cb88   0x00000028   Code   RO          275    i.TIM8_UP_TIM13_IRQHandler  ivt_test.o
    0x0800cbb0   0x0800cbb0   0x00000020   Code   RO          276    i.UART4_IRQHandler  ivt_test.o
    0x0800cbd0   0x0800cbd0   0x00000020   Code   RO          277    i.UART5_IRQHandler  ivt_test.o
    0x0800cbf0   0x0800cbf0   0x00000020   Code   RO          278    i.USART1_IRQHandler  ivt_test.o
    0x0800cc10   0x0800cc10   0x00000020   Code   RO          279    i.USART2_IRQHandler  ivt_test.o
    0x0800cc30   0x0800cc30   0x00000020   Code   RO          280    i.USART3_IRQHandler  ivt_test.o
    0x0800cc50   0x0800cc50   0x00000020   Code   RO          281    i.USART6_IRQHandler  ivt_test.o
    0x0800cc70   0x0800cc70   0x0000001c   Code   RO          282    i.WWDG_IRQHandler   ivt_test.o
    0x0800cc8c   0x0800cc8c   0x00000020   Code   RO         1383    i.__0printf$1       mc_w.l(printf1.o)
    0x0800ccac   0x0800ccac   0x0000000e   Code   RO         1638    i.__scatterload_copy  mc_w.l(handlers.o)
    0x0800ccba   0x0800ccba   0x00000002   Code   RO         1639    i.__scatterload_null  mc_w.l(handlers.o)
    0x0800ccbc   0x0800ccbc   0x0000000e   Code   RO         1640    i.__scatterload_zeroinit  mc_w.l(handlers.o)
    0x0800ccca   0x0800ccca   0x00000002   PAD
    0x0800cccc   0x0800cccc   0x00000154   Code   RO         1390    i._printf_core      mc_w.l(printf1.o)
    0x0800ce20   0x0800ce20   0x0000001a   Code   RO            5    i.delay             main.o
    0x0800ce3a   0x0800ce3a   0x00000002   PAD
    0x0800ce3c   0x0800ce3c   0x00000030   Code   RO         1244    i.fputc             retarget_io.o
    0x0800ce6c   0x0800ce6c   0x00000070   Code   RO            6    i.main              main.o
    0x0800cedc   0x0800cedc   0x0000000c   Code   RO         1245    i.stderr_putchar    retarget_io.o
    0x0800cee8   0x0800cee8   0x0000000c   Code   RO         1247    i.stdout_putchar    retarget_io.o
    0x0800cef4   0x0800cef4   0x00000020   Data   RO         1636    Region$$Table       anon$$obj.o


    Execution Region RW_IRAM1 (Exec base: 0x20000000, Load base: 0x0800cf14, Size: 0x00000408, Max: 0x00020000, ABSOLUTE)

    Exec Addr    Load Addr    Size         Type   Attr      Idx    E Section Name        Object

    0x20000000   0x0800cf14   0x00000004   Data   RW         1332    .data               mc_w.l(stdout.o)
    0x20000004   0x0800cf18   0x00000004   Data   RW         1333    .data               mc_w.l(stderr.o)
    0x20000008        -       0x00000400   Zero   RW          697    STACK               startup_stm32f207xx_app.o



  Load Region ISP_IROM2 (Base: 0x08060000, Size: 0x0000238c, Max: 0x00020000, ABSOLUTE)

    Execution Region ISP_ER_IROM2 (Exec base: 0x08060000, Load base: 0x08060000, Size: 0x0000238c, Max: 0x00020000, ABSOLUTE)

    Exec Addr    Load Addr    Size         Type   Attr      Idx    E Section Name        Object

    0x08060000   0x08060000   0x0000238c   Code   RO          694    ISP_IROM2           isp2_bin.o


==============================================================================

Image component sizes


      Code (inc. data)   RO Data    RW Data    ZI Data      Debug   Object Name

         8          0          0          0          0        340   isp.o
      9100       9100          0          0          0        208   isp2_bin.o
       536        536          0          0          0        208   isp_bin.o
      2628       1838          0          0          0      35313   ivt_test.o
       140         50          0          0          0       5933   main.o
       120         14          0          0          0       4299   retarget_io.o
        36          8        388          0       1024        796   startup_stm32f207xx_app.o
         2          0          0          0          0        517   system_stm32f2xx_app.o

    ----------------------------------------------------------------------
     12572      11546        420          0       1024      47614   Object Totals
         0          0         32          0          0          0   (incl. Generated)
         2          0          0          0          0          0   (incl. Padding)

    ----------------------------------------------------------------------

      Code (inc. data)   RO Data    RW Data    ZI Data      Debug   Library Member Name

         0          0          0          0          0          0   entry.o
         0          0          0          0          0          0   entry10a.o
         0          0          0          0          0          0   entry11a.o
         8          4          0          0          0          0   entry2.o
         4          0          0          0          0          0   entry5.o
         0          0          0          0          0          0   entry7b.o
         0          0          0          0          0          0   entry8b.o
         8          4          0          0          0          0   entry9a.o
        30          0          0          0          0          0   handlers.o
        36          8          0          0          0         68   init.o
       372         14          0          0          0        184   printf1.o
         0          0          0          4          0          0   stderr.o
         0          0          0          4          0          0   stdout.o
        44          0          0          0          0         80   uidiv.o

    ----------------------------------------------------------------------
       504         30          0          8          0        332   Library Totals
         2          0          0          0          0          0   (incl. Padding)

    ----------------------------------------------------------------------

      Code (inc. data)   RO Data    RW Data    ZI Data      Debug   Library Name

       502         30          0          8          0        332   mc_w.l

    ----------------------------------------------------------------------
       504         30          0          8          0        332   Library Totals

    ----------------------------------------------------------------------

==============================================================================


      Code (inc. data)   RO Data    RW Data    ZI Data      Debug   

     13076      11576        420          8       1024      43574   Grand Totals
     13076      11576        420          8       1024      43574   ELF Image Totals
     13076      11576        420          8          0          0   ROM Totals

==============================================================================

    Total RO  Size (Code + RO Data)                13496 (  13.18kB)
    Total RW  Size (RW Data + ZI Data)              1032 (   1.01kB)
    Total ROM Size (Code + RO Data + RW Data)      13504 (  13.19kB)

==============================================================================

