Component: ARM Compiler 5.06 update 6 (build 750) Tool: armlink [4d35ed]

==============================================================================

Section Cross References

    main.o(i.ISP_Handler) refers to _printf_percent.o(.ARM.Collect$$_printf_percent$$00000000) for _printf_percent
    main.o(i.ISP_Handler) refers to _printf_d.o(.ARM.Collect$$_printf_percent$$00000009) for _printf_d
    main.o(i.ISP_Handler) refers to _printf_dec.o(.text) for _printf_int_dec
    main.o(i.ISP_Handler) refers to noretval__2printf.o(.text) for __2printf
    main.o(i.ISP_Handler) refers to main.o(i.delay) for delay
    main.o(i.ISP_Handler) refers to isp.o(.emb_text) for ISP_GoToResetHandler
    main.o(i.main) refers to _printf_percent.o(.ARM.Collect$$_printf_percent$$00000000) for _printf_percent
    main.o(i.main) refers to _printf_d.o(.ARM.Collect$$_printf_percent$$00000009) for _printf_d
    main.o(i.main) refers to _printf_dec.o(.text) for _printf_int_dec
    main.o(i.main) refers to main.o(i.ISP_Handler) for ISP_Handler
    main.o(i.main) refers to system_config.o(i.SystemClock_Config) for SystemClock_Config
    main.o(i.main) refers to noretval__2printf.o(.text) for __2printf
    main.o(i.main) refers to main.o(i.delay) for delay
    system_config.o(i.Error_Handler) refers to noretval__2printf.o(.text) for __2printf
    system_config.o(i.SystemClock_Config) refers to rt_memclr_w.o(.text) for __aeabi_memclr4
    system_config.o(i.SystemClock_Config) refers to stm32f2xx_hal_rcc.o(i.HAL_RCC_OscConfig) for HAL_RCC_OscConfig
    system_config.o(i.SystemClock_Config) refers to system_config.o(i.Error_Handler) for Error_Handler
    system_config.o(i.SystemClock_Config) refers to stm32f2xx_hal_rcc.o(i.HAL_RCC_ClockConfig) for HAL_RCC_ClockConfig
    ivt_test.o(i.ADC_IRQHandler) refers to noretval__2printf.o(.text) for __2printf
    ivt_test.o(i.CAN1_RX0_IRQHandler) refers to noretval__2printf.o(.text) for __2printf
    ivt_test.o(i.CAN1_RX1_IRQHandler) refers to noretval__2printf.o(.text) for __2printf
    ivt_test.o(i.CAN1_SCE_IRQHandler) refers to noretval__2printf.o(.text) for __2printf
    ivt_test.o(i.CAN1_TX_IRQHandler) refers to noretval__2printf.o(.text) for __2printf
    ivt_test.o(i.CAN2_RX0_IRQHandler) refers to noretval__2printf.o(.text) for __2printf
    ivt_test.o(i.CAN2_RX1_IRQHandler) refers to noretval__2printf.o(.text) for __2printf
    ivt_test.o(i.CAN2_SCE_IRQHandler) refers to noretval__2printf.o(.text) for __2printf
    ivt_test.o(i.CAN2_TX_IRQHandler) refers to noretval__2printf.o(.text) for __2printf
    ivt_test.o(i.DCMI_IRQHandler) refers to noretval__2printf.o(.text) for __2printf
    ivt_test.o(i.DMA1_Stream0_IRQHandler) refers to noretval__2printf.o(.text) for __2printf
    ivt_test.o(i.DMA1_Stream1_IRQHandler) refers to noretval__2printf.o(.text) for __2printf
    ivt_test.o(i.DMA1_Stream2_IRQHandler) refers to noretval__2printf.o(.text) for __2printf
    ivt_test.o(i.DMA1_Stream3_IRQHandler) refers to noretval__2printf.o(.text) for __2printf
    ivt_test.o(i.DMA1_Stream4_IRQHandler) refers to noretval__2printf.o(.text) for __2printf
    ivt_test.o(i.DMA1_Stream5_IRQHandler) refers to noretval__2printf.o(.text) for __2printf
    ivt_test.o(i.DMA1_Stream6_IRQHandler) refers to noretval__2printf.o(.text) for __2printf
    ivt_test.o(i.DMA1_Stream7_IRQHandler) refers to noretval__2printf.o(.text) for __2printf
    ivt_test.o(i.DMA2_Stream0_IRQHandler) refers to noretval__2printf.o(.text) for __2printf
    ivt_test.o(i.DMA2_Stream1_IRQHandler) refers to noretval__2printf.o(.text) for __2printf
    ivt_test.o(i.DMA2_Stream2_IRQHandler) refers to noretval__2printf.o(.text) for __2printf
    ivt_test.o(i.DMA2_Stream3_IRQHandler) refers to noretval__2printf.o(.text) for __2printf
    ivt_test.o(i.DMA2_Stream4_IRQHandler) refers to noretval__2printf.o(.text) for __2printf
    ivt_test.o(i.DMA2_Stream5_IRQHandler) refers to noretval__2printf.o(.text) for __2printf
    ivt_test.o(i.DMA2_Stream6_IRQHandler) refers to noretval__2printf.o(.text) for __2printf
    ivt_test.o(i.DMA2_Stream7_IRQHandler) refers to noretval__2printf.o(.text) for __2printf
    ivt_test.o(i.ETH_IRQHandler) refers to noretval__2printf.o(.text) for __2printf
    ivt_test.o(i.ETH_WKUP_IRQHandler) refers to noretval__2printf.o(.text) for __2printf
    ivt_test.o(i.EXTI0_IRQHandler) refers to noretval__2printf.o(.text) for __2printf
    ivt_test.o(i.EXTI15_10_IRQHandler) refers to noretval__2printf.o(.text) for __2printf
    ivt_test.o(i.EXTI1_IRQHandler) refers to noretval__2printf.o(.text) for __2printf
    ivt_test.o(i.EXTI2_IRQHandler) refers to noretval__2printf.o(.text) for __2printf
    ivt_test.o(i.EXTI3_IRQHandler) refers to noretval__2printf.o(.text) for __2printf
    ivt_test.o(i.EXTI4_IRQHandler) refers to noretval__2printf.o(.text) for __2printf
    ivt_test.o(i.EXTI9_5_IRQHandler) refers to noretval__2printf.o(.text) for __2printf
    ivt_test.o(i.FLASH_IRQHandler) refers to noretval__2printf.o(.text) for __2printf
[...]
    ../clib/printf_percent.s                 0x00000000   Number         0  _printf_d.o ABSOLUTE
    ../clib/printf_percent.s                 0x00000000   Number         0  _printf_percent.o ABSOLUTE
    ../clib/printf_percent.s                 0x00000000   Number         0  _printf_percent_end.o ABSOLUTE
    ../clib/signal.c                         0x00000000   Number         0  defsig_cppl_inner.o ABSOLUTE
    ../clib/signal.c                         0x00000000   Number         0  defsig_pvfn_inner.o ABSOLUTE
    ../clib/signal.c                         0x00000000   Number         0  defsig_stak_inner.o ABSOLUTE
    ../clib/signal.c                         0x00000000   Number         0  defsig_abrt_inner.o ABSOLUTE
    ../clib/signal.c                         0x00000000   Number         0  defsig_general.o ABSOLUTE
    ../clib/signal.c                         0x00000000   Number         0  defsig_rtred_formal.o ABSOLUTE
    ../clib/signal.c                         0x00000000   Number         0  defsig_fpe_outer.o ABSOLUTE
    ../clib/signal.c                         0x00000000   Number         0  defsig_rtred_inner.o ABSOLUTE
    ../clib/signal.c                         0x00000000   Number         0  defsig_rtmem_outer.o ABSOLUTE
    ../clib/signal.c                         0x00000000   Number         0  defsig_rtmem_formal.o ABSOLUTE
    ../clib/signal.c                         0x00000000   Number         0  defsig_rtmem_inner.o ABSOLUTE
    ../clib/signal.c                         0x00000000   Number         0  defsig_fpe_inner.o ABSOLUTE
    ../clib/signal.c                         0x00000000   Number         0  defsig_rtred_outer.o ABSOLUTE
    ../clib/signal.c                         0x00000000   Number         0  defsig_fpe_formal.o ABSOLUTE
    ../clib/signal.c                         0x00000000   Number         0  defsig_exit.o ABSOLUTE
    ../clib/signal.c                         0x00000000   Number         0  defsig_segv_inner.o ABSOLUTE
    ../clib/signal.c                         0x00000000   Number         0  defsig_other.o ABSOLUTE
    ../clib/signal.c                         0x00000000   Number         0  __raise.o ABSOLUTE
    ../clib/signal.s                         0x00000000   Number         0  defsig.o ABSOLUTE
    ../clib/stdio.c                          0x00000000   Number         0  fseek.o ABSOLUTE
    ../clib/stdio.c                          0x00000000   Number         0  fclose.o ABSOLUTE
    ../clib/stdio.c                          0x00000000   Number         0  fopen.o ABSOLUTE
    ../clib/stdio.c                          0x00000000   Number         0  streamlock.o ABSOLUTE
    ../clib/stdio.c                          0x00000000   Number         0  fopen_locked.o ABSOLUTE
    ../clib/stdio.c                          0x00000000   Number         0  fputs.o ABSOLUTE
    ../clib/stdio.c                          0x00000000   Number         0  setvbuf.o ABSOLUTE
    ../clib/stdio.c                          0x00000000   Number         0  ferror_locked.o ABSOLUTE
    ../clib/stdio.c                          0x00000000   Number         0  flsbuf.o ABSOLUTE
    ../clib/stdio.c                          0x00000000   Number         0  fputc_locked.o ABSOLUTE
    ../clib/stdio.c                          0x00000000   Number         0  stdio.o ABSOLUTE
    ../clib/stdio.c                          0x00000000   Number         0  stdio_streams.o ABSOLUTE
    ../clib/stdio.c                          0x00000000   Number         0  fputc.o ABSOLUTE
    ../clib/stdio.c                          0x00000000   Number         0  ferror.o ABSOLUTE
    ../clib/stdio.c                          0x00000000   Number         0  fwritefast.o ABSOLUTE
    ../clib/stdio.c                          0x00000000   Number         0  fflush.o ABSOLUTE
    ../clib/stdio.c                          0x00000000   Number         0  ftell.o ABSOLUTE
    ../clib/stdio.c                          0x00000000   Number         0  fputs_locked.o ABSOLUTE
    ../clib/stdio.c                          0x00000000   Number         0  initio_locked.o ABSOLUTE
    ../clib/stdio.c                          0x00000000   Number         0  setvbuf_locked.o ABSOLUTE
    ../clib/stdio.c                          0x00000000   Number         0  fflush_locked.o ABSOLUTE
    ../clib/stdio.c                          0x00000000   Number         0  fwritefast_locked.o ABSOLUTE
    ../clib/stdio.c                          0x00000000   Number         0  initio.o ABSOLUTE
    ../clib/stdlib.c                         0x00000000   Number         0  exit.o ABSOLUTE
    ../clib/wchar.c                          0x00000000   Number         0  flsbuf_fwide.o ABSOLUTE
    ../fplib/fpinit.s                        0x00000000   Number         0  fpinit.o ABSOLUTE
    C:\Keil_v5\ARM\PACK\Keil\ARM_Compiler\1.7.2\Source\retarget_io.c 0x00000000   Number         0  retarget_io.o ABSOLUTE
    ISP\Src\APP_bin.s                        0x00000000   Number         0  app_bin.o ABSOLUTE
    ISP\Src\ISP.c                            0x00000000   Number         0  isp.o ABSOLUTE
    ISP\Src\IVT_Test.c                       0x00000000   Number         0  ivt_test.o ABSOLUTE
    ISP\Src\System_config.c                  0x00000000   Number         0  system_config.o ABSOLUTE
    ISP\Src\main.c                           0x00000000   Number         0  main.o ABSOLUTE
    ISP\Src\startup_stm32f207xx_isp.s        0x00000000   Number         0  startup_stm32f207xx_isp.o ABSOLUTE
    ISP\Src\system_stm32f2xx_isp.c           0x00000000   Number         0  system_stm32f2xx_isp.o ABSOLUTE
    ISP\\Src\\ISP.c                          0x00000000   Number         0  isp.o ABSOLUTE
    ISP\\Src\\System_config.c                0x00000000   Number         0  system_config.o ABSOLUTE
    ISP\\Src\\main.c                         0x00000000   Number         0  main.o ABSOLUTE
    ISP\\Src\\system_stm32f2xx_isp.c         0x00000000   Number         0  system_stm32f2xx_isp.o ABSOLUTE
    dc.s                                     0x00000000   Number         0  dc.o ABSOLUTE
    stm32f2xx_hal\Src\stm32f2xx_hal.c        0x00000000   Number         0  stm32f2xx_hal.o ABSOLUTE
    stm32f2xx_hal\Src\stm32f2xx_hal_cortex.c 0x00000000   Number         0  stm32f2xx_hal_cortex.o ABSOLUTE
    stm32f2xx_hal\Src\stm32f2xx_hal_gpio.c   0x00000000   Number         0  stm32f2xx_hal_gpio.o ABSOLUTE
    stm32f2xx_hal\Src\stm32f2xx_hal_rcc.c    0x00000000   Number         0  stm32f2xx_hal_rcc.o ABSOLUTE
    stm32f2xx_hal\\Src\\stm32f2xx_hal.c      0x00000000   Number         0  stm32f2xx_hal.o ABSOLUTE
    stm32f2xx_hal\\Src\\stm32f2xx_hal_cortex.c 0x00000000   Number         0  stm32f2xx_hal_cortex.o ABSOLUTE
    stm32f2xx_hal\\Src\\stm32f2xx_hal_gpio.c 0x00000000   Number         0  stm32f2xx_hal_gpio.o ABSOLUTE
    stm32f2xx_hal\\Src\\stm32f2xx_hal_rcc.c  0x00000000   Number         0  stm32f2xx_hal_rcc.o ABSOLUTE
    RESET                                    0x08000000   Section      388  startup_stm32f207xx_isp.o(RESET)
    !!!main                                  0x08000184   Section        8  __main.o(!!!main)
    !!!scatter                               0x0800018c   Section       52  __scatter.o(!!!scatter)
    !!handler_copy                           0x080001c0   Section       26  __scatter_copy.o(!!handler_copy)
    !!handler_zi                             0x080001dc   Section       28  __scatter_zi.o(!!handler_zi)
    APP_IROM                                 0x0800c000   Section     3868  app_bin.o(APP_IROM)
    .ARM.Collect$$_printf_percent$$00000000  0x08060000   Section        0  _printf_percent.o(.ARM.Collect$$_printf_percent$$00000000)
    .ARM.Collect$$_printf_percent$$00000009  0x08060000   Section        6  _printf_d.o(.ARM.Collect$$_printf_percent$$00000009)
    .ARM.Collect$$_printf_percent$$00000017  0x08060006   Section        4  _printf_percent_end.o(.ARM.Collect$$_printf_percent$$00000017)
    .ARM.Collect$$libinit$$00000000          0x0806000a   Section        2  libinit.o(.ARM.Collect$$libinit$$00000000)
    .ARM.Collect$$libinit$$00000002          0x0806000c   Section        0  libinit2.o(.ARM.Collect$$libinit$$00000002)
    .ARM.Collect$$libinit$$00000004          0x0806000c   Section        0  libinit2.o(.ARM.Collect$$libinit$$00000004)
    .ARM.Collect$$libinit$$00000005          0x0806000c   Section        8  libinit2.o(.ARM.Collect$$libinit$$00000005)
    .ARM.Collect$$libinit$$0000000A          0x08060014   Section        0  libinit2.o(.ARM.Collect$$libinit$$0000000A)
    .ARM.Collect$$libinit$$0000000C          0x08060014   Section        0  libinit2.o(.ARM.Collect$$libinit$$0000000C)
    .ARM.Collect$$libinit$$0000000E          0x08060014   Section        0  libinit2.o(.ARM.Collect$$libinit$$0000000E)
    .ARM.Collect$$libinit$$00000011          0x08060014   Section        0  libinit2.o(.ARM.Collect$$libinit$$00000011)
    .ARM.Collect$$libinit$$00000013          0x08060014   Section        0  libinit2.o(.ARM.Collect$$libinit$$00000013)
    .ARM.Collect$$libinit$$00000015          0x08060014   Section        0  libinit2.o(.ARM.Collect$$libinit$$00000015)
    .ARM.Collect$$libinit$$00000017          0x08060014   Section        0  libinit2.o(.ARM.Collect$$libinit$$00000017)
    .ARM.Collect$$libinit$$00000019          0x08060014   Section        0  libinit2.o(.ARM.Collect$$libinit$$00000019)
    .ARM.Collect$$libinit$$0000001B          0x08060014   Section        0  libinit2.o(.ARM.Collect$$libinit$$0000001B)
    .ARM.Collect$$libinit$$0000001D          0x08060014   Section        0  libinit2.o(.ARM.Collect$$libinit$$0000001D)
    .ARM.Collect$$libinit$$0000001F          0x08060014   Section        0  libinit2.o(.ARM.Collect$$libinit$$0000001F)
    .ARM.Collect$$libinit$$00000021          0x08060014   Section        0  libinit2.o(.ARM.Collect$$libinit$$00000021)
    .ARM.Collect$$libinit$$00000023          0x08060014   Section        0  libinit2.o(.ARM.Collect$$libinit$$00000023)
    .ARM.Collect$$libinit$$00000024          0x08060014   Section        4  libinit2.o(.ARM.Collect$$libinit$$00000024)
    .ARM.Collect$$libinit$$00000025          0x08060018   Section        0  libinit2.o(.ARM.Collect$$libinit$$00000025)
    .ARM.Collect$$libinit$$0000002C          0x08060018   Section        0  libinit2.o(.ARM.Collect$$libinit$$0000002C)
    .ARM.Collect$$libinit$$0000002E          0x08060018   Section        0  libinit2.o(.ARM.Collect$$libinit$$0000002E)
    .ARM.Collect$$libinit$$00000030          0x08060018   Section        0  libinit2.o(.ARM.Collect$$libinit$$00000030)
    .ARM.Collect$$libinit$$00000032          0x08060018   Section        0  libinit2.o(.ARM.Collect$$libinit$$00000032)
    .ARM.Collect$$libinit$$00000033          0x08060018   Section        2  libinit2.o(.ARM.Collect$$libinit$$00000033)
    .ARM.Collect$$libshutdown$$00000000      0x0806001a   Section        2  libshutdown.o(.ARM.Collect$$libshutdown$$00000000)
    .ARM.Collect$$libshutdown$$00000002      0x0806001c   Section        0  libshutdown2.o(.ARM.Collect$$libshutdown$$00000002)
    .ARM.Collect$$libshutdown$$00000003      0x0806001c   Section        4  libshutdown2.o(.ARM.Collect$$libshutdown$$00000003)
    .ARM.Collect$$libshutdown$$00000004      0x08060020   Section        0  libshutdown2.o(.ARM.Collect$$libshutdown$$00000004)
    .ARM.Collect$$libshutdown$$00000007      0x08060020   Section        0  libshutdown2.o(.ARM.Collect$$libshutdown$$00000007)
    .ARM.Collect$$libshutdown$$0000000A      0x08060020   Section        0  libshutdown2.o(.ARM.Collect$$libshutdown$$0000000A)
    .ARM.Collect$$libshutdown$$0000000C      0x08060020   Section        0  libshutdown2.o(.ARM.Collect$$libshutdown$$0000000C)
    .ARM.Collect$$libshutdown$$0000000F      0x08060020   Section        0  libshutdown2.o(.ARM.Collect$$libshutdown$$0000000F)
    .ARM.Collect$$libshutdown$$00000010      0x08060020   Section        2  libshutdown2.o(.ARM.Collect$$libshutdown$$00000010)
    .ARM.Collect$$rtentry$$00000000          0x08060022   Section        0  __rtentry.o(.ARM.Collect$$rtentry$$00000000)
    .ARM.Collect$$rtentry$$00000002          0x08060022   Section        0  __rtentry2.o(.ARM.Collect$$rtentry$$00000002)
    .ARM.Collect$$rtentry$$00000004          0x08060022   Section        6  __rtentry4.o(.ARM.Collect$$rtentry$$00000004)
    .ARM.Collect$$rtentry$$00000009          0x08060028   Section        0  __rtentry2.o(.ARM.Collect$$rtentry$$00000009)
    .ARM.Collect$$rtentry$$0000000A          0x08060028   Section        4  __rtentry2.o(.ARM.Collect$$rtentry$$0000000A)
    .ARM.Collect$$rtentry$$0000000C          0x0806002c   Section        0  __rtentry2.o(.ARM.Collect$$rtentry$$0000000C)
    .ARM.Collect$$rtentry$$0000000D          0x0806002c   Section        8  __rtentry2.o(.ARM.Collect$$rtentry$$0000000D)
    .ARM.Collect$$rtexit$$00000000           0x08060034   Section        2  rtexit.o(.ARM.Collect$$rtexit$$00000000)
    .ARM.Collect$$rtexit$$00000002           0x08060036   Section        0  rtexit2.o(.ARM.Collect$$rtexit$$00000002)
    .ARM.Collect$$rtexit$$00000003           0x08060036   Section        4  rtexit2.o(.ARM.Collect$$rtexit$$00000003)
    .ARM.Collect$$rtexit$$00000004           0x0806003a   Section        6  rtexit2.o(.ARM.Collect$$rtexit$$00000004)
    .emb_text                                0x08060040   Section        8  isp.o(.emb_text)
    .emb_text                                0x08060048   Section        0  maybetermalloc1.o(.emb_text)
    .text                                    0x08060048   Section       64  startup_stm32f207xx_isp.o(.text)
    .text                                    0x08060088   Section      238  lludivv7m.o(.text)
    .text                                    0x08060178   Section        0  noretval__2printf.o(.text)
    .text                                    0x08060190   Section        0  __printf.o(.text)
    .text                                    0x080601f8   Section        0  _printf_dec.o(.text)
    .text                                    0x08060270   Section       78  rt_memclr_w.o(.text)
    .text                                    0x080602c0   Section      128  strcmpv7m.o(.text)
    .text                                    0x08060340   Section        0  heapauxi.o(.text)
    .text                                    0x08060346   Section        0  _printf_intcommon.o(.text)
    .text                                    0x080603f8   Section        0  _printf_char_file.o(.text)
    .text                                    0x0806041c   Section        0  _printf_char_common.o(.text)
    _printf_input_char                       0x0806041d   Thumb Code    10  _printf_char_common.o(.text)
    .text                                    0x0806044c   Section        0  ferror.o(.text)
    .text                                    0x08060454   Section        0  initio.o(.text)
    .text                                    0x0806058c   Section       74  sys_stackheap_outer.o(.text)
    .text                                    0x080605d6   Section        0  h1_free.o(.text)
    .text                                    0x08060624   Section        0  flsbuf.o(.text)
    .text                                    0x080607fa   Section        0  setvbuf.o(.text)
    .text                                    0x08060840   Section        0  fopen.o(.text)
    _freopen_locked                          0x08060841   Thumb Code     0  fopen.o(.text)
    .text                                    0x0806092c   Section        0  fclose.o(.text)
    .text                                    0x08060978   Section        0  exit.o(.text)
    .text                                    0x0806098a   Section        0  defsig_rtred_outer.o(.text)
    .text                                    0x08060998   Section        8  libspace.o(.text)
    .text                                    0x080609a0   Section        8  rt_heap_descriptor_intlibspace.o(.text)
    .text                                    0x080609a8   Section        0  hguard.o(.text)
    .text                                    0x080609ac   Section        0  init_alloc.o(.text)
    .text                                    0x08060a36   Section        0  h1_alloc.o(.text)
    .text                                    0x08060a94   Section        0  fseek.o(.text)
    .text                                    0x08060b8c   Section        0  stdio.o(.text)
    .text                                    0x08060c7c   Section        0  defsig_exit.o(.text)
    .text                                    0x08060c88   Section        0  defsig_rtred_inner.o(.text)
    .text                                    0x08060cbc   Section        0  sys_exit.o(.text)
    .text                                    0x08060cc8   Section        0  h1_init.o(.text)
    .text                                    0x08060cd6   Section        0  h1_extend.o(.text)
    .text                                    0x08060d0a   Section        0  ftell.o(.text)
    .text                                    0x08060d4c   Section        0  defsig_general.o(.text)
    .text                                    0x08060d7e   Section        0  defsig_rtmem_outer.o(.text)
    .text                                    0x08060d8c   Section        0  sys_wrch.o(.text)
    .text                                    0x08060d9a   Section        2  use_no_semi.o(.text)
    .text                                    0x08060d9c   Section        0  indicate_semi.o(.text)
    .text                                    0x08060d9c   Section        8  rt_errno_addr_intlibspace.o(.text)
    .text                                    0x08060da4   Section        0  defsig_rtmem_inner.o(.text)
    i.ADC_IRQHandler                         0x08060df4   Section        0  ivt_test.o(i.ADC_IRQHandler)
    i.CAN1_RX0_IRQHandler                    0x08060e10   Section        0  ivt_test.o(i.CAN1_RX0_IRQHandler)
    i.CAN1_RX1_IRQHandler                    0x08060e30   Section        0  ivt_test.o(i.CAN1_RX1_IRQHandler)
    i.CAN1_SCE_IRQHandler                    0x08060e50   Section        0  ivt_test.o(i.CAN1_SCE_IRQHandler)
    i.CAN1_TX_IRQHandler                     0x08060e70   Section        0  ivt_test.o(i.CAN1_TX_IRQHandler)
    i.CAN2_RX0_IRQHandler                    0x08060e90   Section        0  ivt_test.o(i.CAN2_RX0_IRQHandler)
    i.CAN2_RX1_IRQHandler                    0x08060eb0   Section        0  ivt_test.o(i.CAN2_RX1_IRQHandler)
    i.CAN2_SCE_IRQHandler                    0x08060ed0   Section        0  ivt_test.o(i.CAN2_SCE_IRQHandler)
    i.CAN2_TX_IRQHandler                     0x08060ef0   Section        0  ivt_test.o(i.CAN2_TX_IRQHandler)
    i.DCMI_IRQHandler                        0x08060f10   Section        0  ivt_test.o(i.DCMI_IRQHandler)
    i.DMA1_Stream0_IRQHandler                0x08060f2c   Section        0  ivt_test.o(i.DMA1_Stream0_IRQHandler)
    i.DMA1_Stream1_IRQHandler                0x08060f50   Section        0  ivt_test.o(i.DMA1_Stream1_IRQHandler)
    i.DMA1_Stream2_IRQHandler                0x08060f74   Section        0  ivt_test.o(i.DMA1_Stream2_IRQHandler)
    i.DMA1_Stream3_IRQHandler                0x08060f98   Section        0  ivt_test.o(i.DMA1_Stream3_IRQHandler)
    i.DMA1_Stream4_IRQHandler                0x08060fbc   Section        0  ivt_test.o(i.DMA1_Stream4_IRQHandler)
    i.DMA1_Stream5_IRQHandler                0x08060fe0   Section        0  ivt_test.o(i.DMA1_Stream5_IRQHandler)
    i.DMA1_Stream6_IRQHandler                0x08061004   Section        0  ivt_test.o(i.DMA1_Stream6_IRQHandler)
    i.DMA1_Stream7_IRQHandler                0x08061028   Section        0  ivt_test.o(i.DMA1_Stream7_IRQHandler)
    i.DMA2_Stream0_IRQHandler                0x0806104c   Section        0  ivt_test.o(i.DMA2_Stream0_IRQHandler)
    i.DMA2_Stream1_IRQHandler                0x08061070   Section        0  ivt_test.o(i.DMA2_Stream1_IRQHandler)
    i.DMA2_Stream2_IRQHandler                0x08061094   Section        0  ivt_test.o(i.DMA2_Stream2_IRQHandler)
    i.DMA2_Stream3_IRQHandler                0x080610b8   Section        0  ivt_test.o(i.DMA2_Stream3_IRQHandler)
    i.DMA2_Stream4_IRQHandler                0x080610dc   Section        0  ivt_test.o(i.DMA2_Stream4_IRQHandler)
    i.DMA2_Stream5_IRQHandler                0x08061100   Section        0  ivt_test.o(i.DMA2_Stream5_IRQHandler)
    i.DMA2_Stream6_IRQHandler                0x08061124   Section        0  ivt_test.o(i.DMA2_Stream6_IRQHandler)
    i.DMA2_Stream7_IRQHandler                0x08061148   Section        0  ivt_test.o(i.DMA2_Stream7_IRQHandler)
    i.ETH_IRQHandler                         0x0806116c   Section        0  ivt_test.o(i.ETH_IRQHandler)
    i.ETH_WKUP_IRQHandler                    0x08061188   Section        0  ivt_test.o(i.ETH_WKUP_IRQHandler)
    i.EXTI0_IRQHandler                       0x080611a8   Section        0  ivt_test.o(i.EXTI0_IRQHandler)
    i.EXTI15_10_IRQHandler                   0x080611c8   Section        0  ivt_test.o(i.EXTI15_10_IRQHandler)
    i.EXTI1_IRQHandler                       0x080611ec   Section        0  ivt_test.o(i.EXTI1_IRQHandler)
    i.EXTI2_IRQHandler                       0x0806120c   Section        0  ivt_test.o(i.EXTI2_IRQHandler)
    i.EXTI3_IRQHandler                       0x0806122c   Section        0  ivt_test.o(i.EXTI3_IRQHandler)
    i.EXTI4_IRQHandler                       0x0806124c   Section        0  ivt_test.o(i.EXTI4_IRQHandler)
    i.EXTI9_5_IRQHandler                     0x0806126c   Section        0  ivt_test.o(i.EXTI9_5_IRQHandler)
    i.Error_Handler                          0x0806128c   Section        0  system_config.o(i.Error_Handler)
    Error_Handler                            0x0806128d   Thumb Code    10  system_config.o(i.Error_Handler)
    i.FLASH_IRQHandler                       0x080612a4   Section        0  ivt_test.o(i.FLASH_IRQHandler)
    i.FSMC_IRQHandler                        0x080612c4   Section        0  ivt_test.o(i.FSMC_IRQHandler)
    i.HAL_GetTick                            0x080612e0   Section        0  stm32f2xx_hal.o(i.HAL_GetTick)
    i.HAL_InitTick                           0x080612ec   Section        0  stm32f2xx_hal.o(i.HAL_InitTick)
    i.HAL_NVIC_SetPriority                   0x08061338   Section        0  stm32f2xx_hal_cortex.o(i.HAL_NVIC_SetPriority)
    i.HAL_RCC_ClockConfig                    0x080613b4   Section        0  stm32f2xx_hal_rcc.o(i.HAL_RCC_ClockConfig)
    i.HAL_RCC_GetSysClockFreq                0x08061540   Section        0  stm32f2xx_hal_rcc.o(i.HAL_RCC_GetSysClockFreq)
    i.HAL_RCC_OscConfig                      0x080615f0   Section        0  stm32f2xx_hal_rcc.o(i.HAL_RCC_OscConfig)
    i.HAL_SYSTICK_Config                     0x080619f8   Section        0  stm32f2xx_hal_cortex.o(i.HAL_SYSTICK_Config)
    i.HASH_RNG_IRQHandler                    0x08061a2c   Section        0  ivt_test.o(i.HASH_RNG_IRQHandler)
    i.HardFault_Handler                      0x08061a4c   Section        0  main.o(i.HardFault_Handler)
    i.I2C1_ER_IRQHandler                     0x08061a50   Section        0  ivt_test.o(i.I2C1_ER_IRQHandler)
    i.I2C1_EV_IRQHandler                     0x08061a70   Section        0  ivt_test.o(i.I2C1_EV_IRQHandler)
    i.I2C2_ER_IRQHandler                     0x08061a90   Section        0  ivt_test.o(i.I2C2_ER_IRQHandler)
    i.I2C2_EV_IRQHandler                     0x08061ab0   Section        0  ivt_test.o(i.I2C2_EV_IRQHandler)
    i.I2C3_ER_IRQHandler                     0x08061ad0   Section        0  ivt_test.o(i.I2C3_ER_IRQHandler)
    i.I2C3_EV_IRQHandler                     0x08061af0   Section        0  ivt_test.o(i.I2C3_EV_IRQHandler)
    i.ISP_Handler                            0x08061b10   Section        0  main.o(i.ISP_Handler)
    i.ITM_SendChar                           0x08061b94   Section        0  retarget_io.o(i.ITM_SendChar)
    i.OTG_FS_IRQHandler                      0x08061bc4   Section        0  ivt_test.o(i.OTG_FS_IRQHandler)
    i.OTG_FS_WKUP_IRQHandler                 0x08061be4   Section        0  ivt_test.o(i.OTG_FS_WKUP_IRQHandler)
    i.OTG_HS_EP1_IN_IRQHandler               0x08061c08   Section        0  ivt_test.o(i.OTG_HS_EP1_IN_IRQHandler)
    i.OTG_HS_EP1_OUT_IRQHandler              0x08061c30   Section        0  ivt_test.o(i.OTG_HS_EP1_OUT_IRQHandler)
    i.OTG_HS_IRQHandler                      0x08061c58   Section        0  ivt_test.o(i.OTG_HS_IRQHandler)
    i.OTG_HS_WKUP_IRQHandler                 0x08061c78   Section        0  ivt_test.o(i.OTG_HS_WKUP_IRQHandler)
    i.PVD_IRQHandler                         0x08061c9c   Section        0  ivt_test.o(i.PVD_IRQHandler)
    i.RCC_IRQHandler                         0x08061cb8   Section        0  ivt_test.o(i.RCC_IRQHandler)
    i.RTC_Alarm_IRQHandler                   0x08061cd4   Section        0  ivt_test.o(i.RTC_Alarm_IRQHandler)
    i.RTC_WKUP_IRQHandler                    0x08061cf8   Section        0  ivt_test.o(i.RTC_WKUP_IRQHandler)
    i.SDIO_IRQHandler                        0x08061d18   Section        0  ivt_test.o(i.SDIO_IRQHandler)
    i.SPI1_IRQHandler                        0x08061d34   Section        0  ivt_test.o(i.SPI1_IRQHandler)
    i.SPI2_IRQHandler                        0x08061d54   Section        0  ivt_test.o(i.SPI2_IRQHandler)
    i.SPI3_IRQHandler                        0x08061d70   Section        0  ivt_test.o(i.SPI3_IRQHandler)
    i.SysTick_Handler                        0x08061d8c   Section        0  main.o(i.SysTick_Handler)
    i.SystemClock_Config                     0x08061d90   Section        0  system_config.o(i.SystemClock_Config)
    i.SystemInit                             0x08061e10   Section        0  system_stm32f2xx_isp.o(i.SystemInit)
    i.TAMP_STAMP_IRQHandler                  0x08061e14   Section        0  ivt_test.o(i.TAMP_STAMP_IRQHandler)
    i.TIM1_BRK_TIM9_IRQHandler               0x08061e38   Section        0  ivt_test.o(i.TIM1_BRK_TIM9_IRQHandler)
    i.TIM1_CC_IRQHandler                     0x08061e60   Section        0  ivt_test.o(i.TIM1_CC_IRQHandler)
    i.TIM1_TRG_COM_TIM11_IRQHandler          0x08061e80   Section        0  ivt_test.o(i.TIM1_TRG_COM_TIM11_IRQHandler)
    i.TIM1_UP_TIM10_IRQHandler               0x08061eac   Section        0  ivt_test.o(i.TIM1_UP_TIM10_IRQHandler)
    i.TIM3_IRQHandler                        0x08061ed4   Section        0  ivt_test.o(i.TIM3_IRQHandler)
    i.TIM4_IRQHandler                        0x08061ef0   Section        0  ivt_test.o(i.TIM4_IRQHandler)
    i.TIM5_IRQHandler                        0x08061f0c   Section        0  ivt_test.o(i.TIM5_IRQHandler)
    i.TIM6_DAC_IRQHandler                    0x08061f28   Section        0  ivt_test.o(i.TIM6_DAC_IRQHandler)
    i.TIM7_IRQHandler                        0x08061f48   Section        0  ivt_test.o(i.TIM7_IRQHandler)
    i.TIM8_BRK_TIM12_IRQHandler              0x08061f64   Section        0  ivt_test.o(i.TIM8_BRK_TIM12_IRQHandler)
    i.TIM8_CC_IRQHandler                     0x08061f8c   Section        0  ivt_test.o(i.TIM8_CC_IRQHandler)
    i.TIM8_TRG_COM_TIM14_IRQHandler          0x08061fac   Section        0  ivt_test.o(i.TIM8_TRG_COM_TIM14_IRQHandler)
    i.TIM8_UP_TIM13_IRQHandler               0x08061fd8   Section        0  ivt_test.o(i.TIM8_UP_TIM13_IRQHandler)
    i.UART4_IRQHandler                       0x08062000   Section        0  ivt_test.o(i.UART4_IRQHandler)
    i.UART5_IRQHandler                       0x08062020   Section        0  ivt_test.o(i.UART5_IRQHandler)
    i.USART1_IRQHandler                      0x08062040   Section        0  ivt_test.o(i.USART1_IRQHandler)
    i.USART2_IRQHandler                      0x08062060   Section        0  ivt_test.o(i.USART2_IRQHandler)
    i.USART3_IRQHandler                      0x08062080   Section        0  ivt_test.o(i.USART3_IRQHandler)
    i.USART6_IRQHandler                      0x080620a0   Section        0  ivt_test.o(i.USART6_IRQHandler)
    i.WWDG_IRQHandler                        0x080620c0   Section        0  ivt_test.o(i.WWDG_IRQHandler)
    i.__NVIC_GetPriorityGrouping             0x080620dc   Section        0  stm32f2xx_hal_cortex.o(i.__NVIC_GetPriorityGrouping)
    __NVIC_GetPriorityGrouping               0x080620dd   Thumb Code    10  stm32f2xx_hal_cortex.o(i.__NVIC_GetPriorityGrouping)
    i.__NVIC_SetPriority                     0x080620ec   Section        0  stm32f2xx_hal_cortex.o(i.__NVIC_SetPriority)
    __NVIC_SetPriority                       0x080620ed   Thumb Code    32  stm32f2xx_hal_cortex.o(i.__NVIC_SetPriority)
    i._sys_close                             0x08062114   Section        0  retarget_io.o(i._sys_close)
    i._sys_flen                              0x0806213a   Section        0  retarget_io.o(i._sys_flen)
    i._sys_istty                             0x0806215e   Section        0  retarget_io.o(i._sys_istty)
    i._sys_open                              0x08062184   Section        0  retarget_io.o(i._sys_open)
    i._sys_seek                              0x080621ec   Section        0  retarget_io.o(i._sys_seek)
    i._sys_write                             0x08062218   Section        0  retarget_io.o(i._sys_write)
    i.delay                                  0x08062270   Section        0  main.o(i.delay)
    i.fputc                                  0x0806228a   Section        0  fputc.o(i.fputc)
    i.main                                   0x080622a4   Section        0  main.o(i.main)
    i.stderr_putchar                         0x08062328   Section        0  retarget_io.o(i.stderr_putchar)
    stderr_putchar                           0x08062329   Thumb Code    12  retarget_io.o(i.stderr_putchar)
    i.stdout_putchar                         0x08062334   Section        0  retarget_io.o(i.stdout_putchar)
    stdout_putchar                           0x08062335   Thumb Code    12  retarget_io.o(i.stdout_putchar)
    .constdata                               0x08062340   Section       24  system_stm32f2xx_isp.o(.constdata)
    .constdata                               0x08062358   Section       23  retarget_io.o(.constdata)
    .data                                    0x20000000   Section        4  system_stm32f2xx_isp.o(.data)
    .data                                    0x20000004   Section        9  stm32f2xx_hal.o(.data)
    .data                                    0x20000010   Section        4  stdio_streams.o(.data)
    .data                                    0x20000014   Section        4  stdio_streams.o(.data)
    .data                                    0x20000018   Section        4  stdio_streams.o(.data)
    .bss                                     0x2000001c   Section       84  stdio_streams.o(.bss)
    .bss                                     0x20000070   Section       84  stdio_streams.o(.bss)
    .bss                                     0x200000c4   Section       84  stdio_streams.o(.bss)
    .bss                                     0x20000118   Section       96  libspace.o(.bss)
    HEAP                                     0x20000178   Section      512  startup_stm32f207xx_isp.o(HEAP)
    Heap_Mem                                 0x20000178   Data         512  startup_stm32f207xx_isp.o(HEAP)
    STACK                                    0x20000378   Section     1024  startup_stm32f207xx_isp.o(STACK)
    Stack_Mem                                0x20000378   Data        1024  startup_stm32f207xx_isp.o(STACK)
    __initial_sp                             0x20000778   Data           0  startup_stm32f207xx_isp.o(STACK)

    Global Symbols

    Symbol Name                              Value     Ov Type        Size  Object(Section)

    BuildAttributes$$THM_ISAv4$P$D$K$B$S$PE$A:L22UL41UL21$X:L11$S22US41US21$IEEE1$IW$USESV6$~STKCKD$USESV7$~SHL$OTIME$ROPI$EBA8$UX$STANDARDLIB$REQ8$EABIv2 0x00000000   Number         0  anon$$obj.o ABSOLUTE
    __ARM_use_no_argv                        0x00000000   Number         0  main.o ABSOLUTE
    __ARM_exceptions_init                     - Undefined Weak Reference
    __alloca_initialize                       - Undefined Weak Reference
    __arm_preinit_                            - Undefined Weak Reference
    __cpp_initialize__aeabi_                  - Undefined Weak Reference
    __cxa_finalize                            - Undefined Weak Reference
    __rt_locale                               - Undefined Weak Reference
    __sigvec_lookup                           - Undefined Weak Reference
    __user_heap_extent                        - Undefined Weak Reference
    _atexit_init                              - Undefined Weak Reference
    _call_atexit_fns                          - Undefined Weak Reference
    _clock_init                               - Undefined Weak Reference
    _fp_trap_init                             - Undefined Weak Reference
    _fp_trap_shutdown                         - Undefined Weak Reference
    _get_lc_collate                           - Undefined Weak Reference
    _get_lc_ctype                             - Undefined Weak Reference
    _get_lc_monetary                          - Undefined Weak Reference
    _get_lc_numeric                           - Undefined Weak Reference
    _get_lc_time                              - Undefined Weak Reference
    _getenv_init                              - Undefined Weak Reference
    _handle_redirection                       - Undefined Weak Reference
    _mutex_acquire                            - Undefined Weak Reference
    _mutex_free                               - Undefined Weak Reference
    _mutex_release                            - Undefined Weak Reference
    _printf_post_padding                      - Undefined Weak Reference
    _printf_pre_padding                       - Undefined Weak Reference
    _printf_truncate_signed                   - Undefined Weak Reference
    _printf_truncate_unsigned                 - Undefined Weak Reference
    _rand_init                                - Undefined Weak Reference
    _signal_finish                            - Undefined Weak Reference
    _signal_init                              - Undefined Weak Reference
    __Vectors_Size                           0x00000184   Number         0  startup_stm32f207xx_isp.o ABSOLUTE
    __Vectors                                0x08000000   Data           4  startup_stm32f207xx_isp.o(RESET)
    __Vectors_End                            0x08000184   Data           0  startup_stm32f207xx_isp.o(RESET)
    __main                                   0x08000185   Thumb Code     8  __main.o(!!!main)
    __scatterload                            0x0800018d   Thumb Code     0  __scatter.o(!!!scatter)
    __scatterload_rt2                        0x0800018d   Thumb Code    44  __scatter.o(!!!scatter)
    __scatterload_rt2_thumb_only             0x0800018d   Thumb Code     0  __scatter.o(!!!scatter)
    __scatterload_null                       0x0800019b   Thumb Code     0  __scatter.o(!!!scatter)
    __scatterload_copy                       0x080001c1   Thumb Code    26  __scatter_copy.o(!!handler_copy)
    __scatterload_zeroinit                   0x080001dd   Thumb Code    28  __scatter_zi.o(!!handler_zi)
    Region$$Table$$Base                      0x080001f8   Number         0  anon$$obj.o(Region$$Table)
    Region$$Table$$Limit                     0x08000218   Number         0  anon$$obj.o(Region$$Table)
    _printf_d                                0x08060001   Thumb Code     0  _printf_d.o(.ARM.Collect$$_printf_percent$$00000009)
    _printf_percent                          0x08060001   Thumb Code     0  _printf_percent.o(.ARM.Collect$$_printf_percent$$00000000)
    _printf_percent_end                      0x08060007   Thumb Code     0  _printf_percent_end.o(.ARM.Collect$$_printf_percent$$00000017)
    __rt_lib_init                            0x0806000b   Thumb Code     0  libinit.o(.ARM.Collect$$libinit$$00000000)
    __rt_lib_init_fp_1                       0x0806000d   Thumb Code     0  libinit2.o(.ARM.Collect$$libinit$$00000002)
    __rt_lib_init_heap_2                     0x0806000d   Thumb Code     0  libinit2.o(.ARM.Collect$$libinit$$00000005)
    __rt_lib_init_preinit_1                  0x0806000d   Thumb Code     0  libinit2.o(.ARM.Collect$$libinit$$00000004)
    __rt_lib_init_atexit_1                   0x08060015   Thumb Code     0  libinit2.o(.ARM.Collect$$libinit$$0000001B)
    __rt_lib_init_clock_1                    0x08060015   Thumb Code     0  libinit2.o(.ARM.Collect$$libinit$$00000021)
    __rt_lib_init_fp_trap_1                  0x08060015   Thumb Code     0  libinit2.o(.ARM.Collect$$libinit$$0000001F)
    __rt_lib_init_getenv_1                   0x08060015   Thumb Code     0  libinit2.o(.ARM.Collect$$libinit$$00000023)
    __rt_lib_init_heap_1                     0x08060015   Thumb Code     0  libinit2.o(.ARM.Collect$$libinit$$0000000A)
    __rt_lib_init_lc_collate_1               0x08060015   Thumb Code     0  libinit2.o(.ARM.Collect$$libinit$$00000011)
    __rt_lib_init_lc_ctype_1                 0x08060015   Thumb Code     0  libinit2.o(.ARM.Collect$$libinit$$00000013)
    __rt_lib_init_lc_monetary_1              0x08060015   Thumb Code     0  libinit2.o(.ARM.Collect$$libinit$$00000015)
    __rt_lib_init_lc_numeric_1               0x08060015   Thumb Code     0  libinit2.o(.ARM.Collect$$libinit$$00000017)
    __rt_lib_init_lc_time_1                  0x08060015   Thumb Code     0  libinit2.o(.ARM.Collect$$libinit$$00000019)
    __rt_lib_init_rand_1                     0x08060015   Thumb Code     0  libinit2.o(.ARM.Collect$$libinit$$0000000E)
    __rt_lib_init_signal_1                   0x08060015   Thumb Code     0  libinit2.o(.ARM.Collect$$libinit$$0000001D)
    __rt_lib_init_stdio_2                    0x08060015   Thumb Code     0  libinit2.o(.ARM.Collect$$libinit$$00000024)
    __rt_lib_init_user_alloc_1               0x08060015   Thumb Code     0  libinit2.o(.ARM.Collect$$libinit$$0000000C)
    __rt_lib_init_alloca_1                   0x08060019   Thumb Code     0  libinit2.o(.ARM.Collect$$libinit$$0000002E)
    __rt_lib_init_argv_1                     0x08060019   Thumb Code     0  libinit2.o(.ARM.Collect$$libinit$$0000002C)
    __rt_lib_init_cpp_1                      0x08060019   Thumb Code     0  libinit2.o(.ARM.Collect$$libinit$$00000032)
    __rt_lib_init_exceptions_1               0x08060019   Thumb Code     0  libinit2.o(.ARM.Collect$$libinit$$00000030)
    __rt_lib_init_return                     0x08060019   Thumb Code     0  libinit2.o(.ARM.Collect$$libinit$$00000033)
    __rt_lib_init_stdio_1                    0x08060019   Thumb Code     0  libinit2.o(.ARM.Collect$$libinit$$00000025)
    __rt_lib_shutdown                        0x0806001b   Thumb Code     0  libshutdown.o(.ARM.Collect$$libshutdown$$00000000)
    __rt_lib_shutdown_cpp_1                  0x0806001d   Thumb Code     0  libshutdown2.o(.ARM.Collect$$libshutdown$$00000002)
    __rt_lib_shutdown_stdio_2                0x0806001d   Thumb Code     0  libshutdown2.o(.ARM.Collect$$libshutdown$$00000003)
    __rt_lib_shutdown_fp_trap_1              0x08060021   Thumb Code     0  libshutdown2.o(.ARM.Collect$$libshutdown$$00000007)
    __rt_lib_shutdown_heap_1                 0x08060021   Thumb Code     0  libshutdown2.o(.ARM.Collect$$libshutdown$$0000000F)
    __rt_lib_shutdown_return                 0x08060021   Thumb Code     0  libshutdown2.o(.ARM.Collect$$libshutdown$$00000010)
    __rt_lib_shutdown_signal_1               0x08060021   Thumb Code     0  libshutdown2.o(.ARM.Collect$$libshutdown$$0000000A)
    __rt_lib_shutdown_stdio_1                0x08060021   Thumb Code     0  libshutdown2.o(.ARM.Collect$$libshutdown$$00000004)
    __rt_lib_shutdown_user_alloc_1           0x08060021   Thumb Code     0  libshutdown2.o(.ARM.Collect$$libshutdown$$0000000C)
    __rt_entry                               0x08060023   Thumb Code     0  __rtentry.o(.ARM.Collect$$rtentry$$00000000)
    __rt_entry_presh_1                       0x08060023   Thumb Code     0  __rtentry2.o(.ARM.Collect$$rtentry$$00000002)
    __rt_entry_sh                            0x08060023   Thumb Code     0  __rtentry4.o(.ARM.Collect$$rtentry$$00000004)
    __rt_entry_li                            0x08060029   Thumb Code     0  __rtentry2.o(.ARM.Collect$$rtentry$$0000000A)
    __rt_entry_postsh_1                      0x08060029   Thumb Code     0  __rtentry2.o(.ARM.Collect$$rtentry$$00000009)
    __rt_entry_main                          0x0806002d   Thumb Code     0  __rtentry2.o(.ARM.Collect$$rtentry$$0000000D)
    __rt_entry_postli_1                      0x0806002d   Thumb Code     0  __rtentry2.o(.ARM.Collect$$rtentry$$0000000C)
    __rt_exit                                0x08060035   Thumb Code     0  rtexit.o(.ARM.Collect$$rtexit$$00000000)
    __rt_exit_ls                             0x08060037   Thumb Code     0  rtexit2.o(.ARM.Collect$$rtexit$$00000003)
    __rt_exit_prels_1                        0x08060037   Thumb Code     0  rtexit2.o(.ARM.Collect$$rtexit$$00000002)
    __rt_exit_exit                           0x0806003b   Thumb Code     0  rtexit2.o(.ARM.Collect$$rtexit$$00000004)
    ISP_GoToResetHandler                     0x08060041   Thumb Code     8  isp.o(.emb_text)
    Reset_Handler                            0x08060049   Thumb Code     8  startup_stm32f207xx_isp.o(.text)
    _maybe_terminate_alloc                   0x08060049   Thumb Code     0  maybetermalloc1.o(.emb_text)
    NMI_Handler                              0x08060051   Thumb Code     2  startup_stm32f207xx_isp.o(.text)
    MemManage_Handler                        0x08060055   Thumb Code     2  startup_stm32f207xx_isp.o(.text)
    BusFault_Handler                         0x08060057   Thumb Code     2  startup_stm32f207xx_isp.o(.text)
    UsageFault_Handler                       0x08060059   Thumb Code     2  startup_stm32f207xx_isp.o(.text)
    SVC_Handler                              0x0806005b   Thumb Code     2  startup_stm32f207xx_isp.o(.text)
    DebugMon_Handler                         0x0806005d   Thumb Code     2  startup_stm32f207xx_isp.o(.text)
    PendSV_Handler                           0x0806005f   Thumb Code     2  startup_stm32f207xx_isp.o(.text)
    TIM2_IRQHandler                          0x08060063   Thumb Code     0  startup_stm32f207xx_isp.o(.text)
    __user_initial_stackheap                 0x08060065   Thumb Code     0  startup_stm32f207xx_isp.o(.text)
    __aeabi_uldivmod                         0x08060089   Thumb Code     0  lludivv7m.o(.text)
    _ll_udiv                                 0x08060089   Thumb Code   238  lludivv7m.o(.text)
    __2printf                                0x08060179   Thumb Code    20  noretval__2printf.o(.text)
    __printf                                 0x08060191   Thumb Code   104  __printf.o(.text)
    _printf_int_dec                          0x080601f9   Thumb Code   104  _printf_dec.o(.text)
    __aeabi_memclr4                          0x08060271   Thumb Code     0  rt_memclr_w.o(.text)
    __aeabi_memclr8                          0x08060271   Thumb Code     0  rt_memclr_w.o(.text)
    __rt_memclr_w                            0x08060271   Thumb Code    78  rt_memclr_w.o(.text)
    _memset_w                                0x08060275   Thumb Code     0  rt_memclr_w.o(.text)
    strcmp                                   0x080602c1   Thumb Code   128  strcmpv7m.o(.text)
    __use_two_region_memory                  0x08060341   Thumb Code     2  heapauxi.o(.text)
    __rt_heap_escrow                         0x08060343   Thumb Code     2  heapauxi.o(.text)
    __rt_heap_expand                         0x08060345   Thumb Code     2  heapauxi.o(.text)
    _printf_int_common                       0x08060347   Thumb Code   178  _printf_intcommon.o(.text)
    _printf_char_file                        0x080603f9   Thumb Code    32  _printf_char_file.o(.text)
    _printf_char_common                      0x08060427   Thumb Code    32  _printf_char_common.o(.text)
    ferror                                   0x0806044d   Thumb Code     8  ferror.o(.text)
    _initio                                  0x08060455   Thumb Code   210  initio.o(.text)
    _terminateio                             0x08060527   Thumb Code    56  initio.o(.text)
    __user_setup_stackheap                   0x0806058d   Thumb Code    74  sys_stackheap_outer.o(.text)
    free                                     0x080605d7   Thumb Code    78  h1_free.o(.text)
    __flsbuf                                 0x08060625   Thumb Code   470  flsbuf.o(.text)
    __flsbuf_byte                            0x08060625   Thumb Code     0  flsbuf.o(.text)
    __flsbuf_wide                            0x08060625   Thumb Code     0  flsbuf.o(.text)
    setvbuf                                  0x080607fb   Thumb Code    70  setvbuf.o(.text)
    freopen                                  0x08060841   Thumb Code   158  fopen.o(.text)
    fopen                                    0x080608df   Thumb Code    74  fopen.o(.text)
    _fclose_internal                         0x0806092d   Thumb Code    76  fclose.o(.text)
    fclose                                   0x0806092d   Thumb Code     0  fclose.o(.text)
    exit                                     0x08060979   Thumb Code    18  exit.o(.text)
    __rt_SIGRTRED                            0x0806098b   Thumb Code    14  defsig_rtred_outer.o(.text)
    __user_libspace                          0x08060999   Thumb Code     8  libspace.o(.text)
    __user_perproc_libspace                  0x08060999   Thumb Code     0  libspace.o(.text)
    __user_perthread_libspace                0x08060999   Thumb Code     0  libspace.o(.text)
    __rt_heap_descriptor                     0x080609a1   Thumb Code     8  rt_heap_descriptor_intlibspace.o(.text)
    __use_no_heap                            0x080609a9   Thumb Code     2  hguard.o(.text)
    __heap$guard                             0x080609ab   Thumb Code     2  hguard.o(.text)
    _terminate_user_alloc                    0x080609ad   Thumb Code     2  init_alloc.o(.text)
    _init_user_alloc                         0x080609af   Thumb Code     2  init_alloc.o(.text)
    __Heap_Full                              0x080609b1   Thumb Code    34  init_alloc.o(.text)
    __Heap_Broken                            0x080609d3   Thumb Code     6  init_alloc.o(.text)
    _init_alloc                              0x080609d9   Thumb Code    94  init_alloc.o(.text)
    malloc                                   0x08060a37   Thumb Code    94  h1_alloc.o(.text)
    _fseek                                   0x08060a95   Thumb Code   242  fseek.o(.text)
    fseek                                    0x08060a95   Thumb Code     0  fseek.o(.text)
    _seterr                                  0x08060b8d   Thumb Code    20  stdio.o(.text)
    _writebuf                                0x08060ba1   Thumb Code    84  stdio.o(.text)
    _fflush                                  0x08060bf5   Thumb Code    70  stdio.o(.text)
    _deferredlazyseek                        0x08060c3b   Thumb Code    60  stdio.o(.text)
    __sig_exit                               0x08060c7d   Thumb Code    10  defsig_exit.o(.text)
    __rt_SIGRTRED_inner                      0x08060c89   Thumb Code    14  defsig_rtred_inner.o(.text)
    _sys_exit                                0x08060cbd   Thumb Code     8  sys_exit.o(.text)
    __Heap_Initialize                        0x08060cc9   Thumb Code    10  h1_init.o(.text)
    __Heap_DescSize                          0x08060cd3   Thumb Code     4  h1_init.o(.text)
    __Heap_ProvideMemory                     0x08060cd7   Thumb Code    52  h1_extend.o(.text)
    _ftell_internal                          0x08060d0b   Thumb Code    66  ftell.o(.text)
    ftell                                    0x08060d0b   Thumb Code     0  ftell.o(.text)
    __default_signal_display                 0x08060d4d   Thumb Code    50  defsig_general.o(.text)
    __rt_SIGRTMEM                            0x08060d7f   Thumb Code    14  defsig_rtmem_outer.o(.text)
    _ttywrch                                 0x08060d8d   Thumb Code    14  sys_wrch.o(.text)
    __I$use$semihosting                      0x08060d9b   Thumb Code     0  use_no_semi.o(.text)
    __use_no_semihosting_swi                 0x08060d9b   Thumb Code     2  use_no_semi.o(.text)
    __aeabi_errno_addr                       0x08060d9d   Thumb Code     8  rt_errno_addr_intlibspace.o(.text)
    __errno$intlibspace                      0x08060d9d   Thumb Code     0  rt_errno_addr_intlibspace.o(.text)
    __rt_errno_addr$intlibspace              0x08060d9d   Thumb Code     0  rt_errno_addr_intlibspace.o(.text)
    __semihosting_library_function           0x08060d9d   Thumb Code     0  indicate_semi.o(.text)
    __rt_SIGRTMEM_inner                      0x08060da5   Thumb Code    22  defsig_rtmem_inner.o(.text)
    ADC_IRQHandler                           0x08060df5   Thumb Code    10  ivt_test.o(i.ADC_IRQHandler)
    CAN1_RX0_IRQHandler                      0x08060e11   Thumb Code    10  ivt_test.o(i.CAN1_RX0_IRQHandler)
    CAN1_RX1_IRQHandler                      0x08060e31   Thumb Code    10  ivt_test.o(i.CAN1_RX1_IRQHandler)
    CAN1_SCE_IRQHandler                      0x08060e51   Thumb Code    10  ivt_test.o(i.CAN1_SCE_IRQHandler)
    CAN1_TX_IRQHandler                       0x08060e71   Thumb Code    10  ivt_test.o(i.CAN1_TX_IRQHandler)
    CAN2_RX0_IRQHandler                      0x08060e91   Thumb Code    10  ivt_test.o(i.CAN2_RX0_IRQHandler)
    CAN2_RX1_IRQHandler                      0x08060eb1   Thumb Code    10  ivt_test.o(i.CAN2_RX1_IRQHandler)
    CAN2_SCE_IRQHandler                      0x08060ed1   Thumb Code    10  ivt_test.o(i.CAN2_SCE_IRQHandler)
    CAN2_TX_IRQHandler                       0x08060ef1   Thumb Code    10  ivt_test.o(i.CAN2_TX_IRQHandler)
    DCMI_IRQHandler                          0x08060f11   Thumb Code    10  ivt_test.o(i.DCMI_IRQHandler)
    DMA1_Stream0_IRQHandler                  0x08060f2d   Thumb Code    10  ivt_test.o(i.DMA1_Stream0_IRQHandler)
    DMA1_Stream1_IRQHandler                  0x08060f51   Thumb Code    10  ivt_test.o(i.DMA1_Stream1_IRQHandler)
    DMA1_Stream2_IRQHandler                  0x08060f75   Thumb Code    10  ivt_test.o(i.DMA1_Stream2_IRQHandler)
    DMA1_Stream3_IRQHandler                  0x08060f99   Thumb Code    10  ivt_test.o(i.DMA1_Stream3_IRQHandler)
    DMA1_Stream4_IRQHandler                  0x08060fbd   Thumb Code    10  ivt_test.o(i.DMA1_Stream4_IRQHandler)
    DMA1_Stream5_IRQHandler                  0x08060fe1   Thumb Code    10  ivt_test.o(i.DMA1_Stream5_IRQHandler)
    DMA1_Stream6_IRQHandler                  0x08061005   Thumb Code    10  ivt_test.o(i.DMA1_Stream6_IRQHandler)
    DMA1_Stream7_IRQHandler                  0x08061029   Thumb Code    10  ivt_test.o(i.DMA1_Stream7_IRQHandler)
    DMA2_Stream0_IRQHandler                  0x0806104d   Thumb Code    10  ivt_test.o(i.DMA2_Stream0_IRQHandler)
    DMA2_Stream1_IRQHandler                  0x08061071   Thumb Code    10  ivt_test.o(i.DMA2_Stream1_IRQHandler)
    DMA2_Stream2_IRQHandler                  0x08061095   Thumb Code    10  ivt_test.o(i.DMA2_Stream2_IRQHandler)
    DMA2_Stream3_IRQHandler                  0x080610b9   Thumb Code    10  ivt_test.o(i.DMA2_Stream3_IRQHandler)
    DMA2_Stream4_IRQHandler                  0x080610dd   Thumb Code    10  ivt_test.o(i.DMA2_Stream4_IRQHandler)
    DMA2_Stream5_IRQHandler                  0x08061101   Thumb Code    10  ivt_test.o(i.DMA2_Stream5_IRQHandler)
    DMA2_Stream6_IRQHandler                  0x08061125   Thumb Code    10  ivt_test.o(i.DMA2_Stream6_IRQHandler)
    DMA2_Stream7_IRQHandler                  0x08061149   Thumb Code    10  ivt_test.o(i.DMA2_Stream7_IRQHandler)
    ETH_IRQHandler                           0x0806116d   Thumb Code    10  ivt_test.o(i.ETH_IRQHandler)
    ETH_WKUP_IRQHandler                      0x08061189   Thumb Code    10  ivt_test.o(i.ETH_WKUP_IRQHandler)
    EXTI0_IRQHandler                         0x080611a9   Thumb Code    10  ivt_test.o(i.EXTI0_IRQHandler)
    EXTI15_10_IRQHandler                     0x080611c9   Thumb Code    10  ivt_test.o(i.EXTI15_10_IRQHandler)
    EXTI1_IRQHandler                         0x080611ed   Thumb Code    10  ivt_test.o(i.EXTI1_IRQHandler)
    EXTI2_IRQHandler                         0x0806120d   Thumb Code    10  ivt_test.o(i.EXTI2_IRQHandler)
    EXTI3_IRQHandler                         0x0806122d   Thumb Code    10  ivt_test.o(i.EXTI3_IRQHandler)
    EXTI4_IRQHandler                         0x0806124d   Thumb Code    10  ivt_test.o(i.EXTI4_IRQHandler)
    EXTI9_5_IRQHandler                       0x0806126d   Thumb Code    10  ivt_test.o(i.EXTI9_5_IRQHandler)
    FLASH_IRQHandler                         0x080612a5   Thumb Code    10  ivt_test.o(i.FLASH_IRQHandler)
    FSMC_IRQHandler                          0x080612c5   Thumb Code    10  ivt_test.o(i.FSMC_IRQHandler)
    HAL_GetTick                              0x080612e1   Thumb Code     6  stm32f2xx_hal.o(i.HAL_GetTick)
    HAL_InitTick                             0x080612ed   Thumb Code    64  stm32f2xx_hal.o(i.HAL_InitTick)
    HAL_NVIC_SetPriority                     0x08061339   Thumb Code   124  stm32f2xx_hal_cortex.o(i.HAL_NVIC_SetPriority)
    HAL_RCC_ClockConfig                      0x080613b5   Thumb Code   374  stm32f2xx_hal_rcc.o(i.HAL_RCC_ClockConfig)
    HAL_RCC_GetSysClockFreq                  0x08061541   Thumb Code   162  stm32f2xx_hal_rcc.o(i.HAL_RCC_GetSysClockFreq)
    HAL_RCC_OscConfig                        0x080615f1   Thumb Code  1032  stm32f2xx_hal_rcc.o(i.HAL_RCC_OscConfig)
    HAL_SYSTICK_Config                       0x080619f9   Thumb Code    52  stm32f2xx_hal_cortex.o(i.HAL_SYSTICK_Config)
    HASH_RNG_IRQHandler                      0x08061a2d   Thumb Code    10  ivt_test.o(i.HASH_RNG_IRQHandler)
    HardFault_Handler                        0x08061a4d   Thumb Code     4  main.o(i.HardFault_Handler)
    I2C1_ER_IRQHandler                       0x08061a51   Thumb Code    10  ivt_test.o(i.I2C1_ER_IRQHandler)
    I2C1_EV_IRQHandler                       0x08061a71   Thumb Code    10  ivt_test.o(i.I2C1_EV_IRQHandler)
    I2C2_ER_IRQHandler                       0x08061a91   Thumb Code    10  ivt_test.o(i.I2C2_ER_IRQHandler)
    I2C2_EV_IRQHandler                       0x08061ab1   Thumb Code    10  ivt_test.o(i.I2C2_EV_IRQHandler)
    I2C3_ER_IRQHandler                       0x08061ad1   Thumb Code    10  ivt_test.o(i.I2C3_ER_IRQHandler)
    I2C3_EV_IRQHandler                       0x08061af1   Thumb Code    10  ivt_test.o(i.I2C3_EV_IRQHandler)
    ISP_Handler                              0x08061b11   Thumb Code    62  main.o(i.ISP_Handler)
    ITM_SendChar                             0x08061b95   Thumb Code    42  retarget_io.o(i.ITM_SendChar)
    OTG_FS_IRQHandler                        0x08061bc5   Thumb Code    10  ivt_test.o(i.OTG_FS_IRQHandler)
    OTG_FS_WKUP_IRQHandler                   0x08061be5   Thumb Code    10  ivt_test.o(i.OTG_FS_WKUP_IRQHandler)
    OTG_HS_EP1_IN_IRQHandler                 0x08061c09   Thumb Code    10  ivt_test.o(i.OTG_HS_EP1_IN_IRQHandler)
    OTG_HS_EP1_OUT_IRQHandler                0x08061c31   Thumb Code    10  ivt_test.o(i.OTG_HS_EP1_OUT_IRQHandler)
    OTG_HS_IRQHandler                        0x08061c59   Thumb Code    10  ivt_test.o(i.OTG_HS_IRQHandler)
    OTG_HS_WKUP_IRQHandler                   0x08061c79   Thumb Code    10  ivt_test.o(i.OTG_HS_WKUP_IRQHandler)
    PVD_IRQHandler                           0x08061c9d   Thumb Code    10  ivt_test.o(i.PVD_IRQHandler)
    RCC_IRQHandler                           0x08061cb9   Thumb Code    10  ivt_test.o(i.RCC_IRQHandler)
    RTC_Alarm_IRQHandler                     0x08061cd5   Thumb Code    10  ivt_test.o(i.RTC_Alarm_IRQHandler)
    RTC_WKUP_IRQHandler                      0x08061cf9   Thumb Code    10  ivt_test.o(i.RTC_WKUP_IRQHandler)
    SDIO_IRQHandler                          0x08061d19   Thumb Code    10  ivt_test.o(i.SDIO_IRQHandler)
    SPI1_IRQHandler                          0x08061d35   Thumb Code    10  ivt_test.o(i.SPI1_IRQHandler)
    SPI2_IRQHandler                          0x08061d55   Thumb Code    10  ivt_test.o(i.SPI2_IRQHandler)
    SPI3_IRQHandler                          0x08061d71   Thumb Code    10  ivt_test.o(i.SPI3_IRQHandler)
    SysTick_Handler                          0x08061d8d   Thumb Code     2  main.o(i.SysTick_Handler)
    SystemClock_Config                       0x08061d91   Thumb Code   120  system_config.o(i.SystemClock_Config)
    SystemInit                               0x08061e11   Thumb Code     2  system_stm32f2xx_isp.o(i.SystemInit)
    TAMP_STAMP_IRQHandler                    0x08061e15   Thumb Code    10  ivt_test.o(i.TAMP_STAMP_IRQHandler)
    TIM1_BRK_TIM9_IRQHandler                 0x08061e39   Thumb Code    10  ivt_test.o(i.TIM1_BRK_TIM9_IRQHandler)
    TIM1_CC_IRQHandler                       0x08061e61   Thumb Code    10  ivt_test.o(i.TIM1_CC_IRQHandler)
    TIM1_TRG_COM_TIM11_IRQHandler            0x08061e81   Thumb Code    10  ivt_test.o(i.TIM1_TRG_COM_TIM11_IRQHandler)
    TIM1_UP_TIM10_IRQHandler                 0x08061ead   Thumb Code    10  ivt_test.o(i.TIM1_UP_TIM10_IRQHandler)
    TIM3_IRQHandler                          0x08061ed5   Thumb Code    10  ivt_test.o(i.TIM3_IRQHandler)
    TIM4_IRQHandler                          0x08061ef1   Thumb Code    10  ivt_test.o(i.TIM4_IRQHandler)
    TIM5_IRQHandler                          0x08061f0d   Thumb Code    10  ivt_test.o(i.TIM5_IRQHandler)
    TIM6_DAC_IRQHandler                      0x08061f29   Thumb Code    10  ivt_test.o(i.TIM6_DAC_IRQHandler)
    TIM7_IRQHandler                          0x08061f49   Thumb Code    10  ivt_test.o(i.TIM7_IRQHandler)
    TIM8_BRK_TIM12_IRQHandler                0x08061f65   Thumb Code    10  ivt_test.o(i.TIM8_BRK_TIM12_IRQHandler)
    TIM8_CC_IRQHandler                       0x08061f8d   Thumb Code    10  ivt_test.o(i.TIM8_CC_IRQHandler)
    TIM8_TRG_COM_TIM14_IRQHandler            0x08061fad   Thumb Code    10  ivt_test.o(i.TIM8_TRG_COM_TIM14_IRQHandler)
    TIM8_UP_TIM13_IRQHandler                 0x08061fd9   Thumb Code    10  ivt_test.o(i.TIM8_UP_TIM13_IRQHandler)
    UART4_IRQHandler                         0x08062001   Thumb Code    10  ivt_test.o(i.UART4_IRQHandler)
    UART5_IRQHandler                         0x08062021   Thumb Code    10  ivt_test.o(i.UART5_IRQHandler)
    USART1_IRQHandler                        0x08062041   Thumb Code    10  ivt_test.o(i.USART1_IRQHandler)
    USART2_IRQHandler                        0x08062061   Thumb Code    10  ivt_test.o(i.USART2_IRQHandler)
    USART3_IRQHandler                        0x08062081   Thumb Code    10  ivt_test.o(i.USART3_IRQHandler)
    USART6_IRQHandler                        0x080620a1   Thumb Code    10  ivt_test.o(i.USART6_IRQHandler)
    WWDG_IRQHandler                          0x080620c1   Thumb Code    10  ivt_test.o(i.WWDG_IRQHandler)
    _sys_close                               0x08062115   Thumb Code    38  retarget_io.o(i._sys_close)
    _sys_flen                                0x0806213b   Thumb Code    36  retarget_io.o(i._sys_flen)
    _sys_istty                               0x0806215f   Thumb Code    36  retarget_io.o(i._sys_istty)
    _sys_open                                0x08062185   Thumb Code    80  retarget_io.o(i._sys_open)
    _sys_seek                                0x080621ed   Thumb Code    44  retarget_io.o(i._sys_seek)
    _sys_write                               0x08062219   Thumb Code    88  retarget_io.o(i._sys_write)
    delay                                    0x08062271   Thumb Code    26  main.o(i.delay)
    fputc                                    0x0806228b   Thumb Code    26  fputc.o(i.fputc)
    main                                     0x080622a5   Thumb Code    76  main.o(i.main)
    AHBPrescTable                            0x08062340   Data          16  system_stm32f2xx_isp.o(.constdata)
    APBPrescTable                            0x08062350   Data           8  system_stm32f2xx_isp.o(.constdata)
    __stdin_name                             0x08062358   Data           7  retarget_io.o(.constdata)
    __stdout_name                            0x0806235f   Data           8  retarget_io.o(.constdata)
    __stderr_name                            0x08062367   Data           8  retarget_io.o(.constdata)
    SystemCoreClock                          0x20000000   Data           4  system_stm32f2xx_isp.o(.data)
    uwTick                                   0x20000004   Data           4  stm32f2xx_hal.o(.data)
    uwTickPrio                               0x20000008   Data           4  stm32f2xx_hal.o(.data)
    uwTickFreq                               0x2000000c   Data           1  stm32f2xx_hal.o(.data)
    __aeabi_stdin                            0x20000010   Data           4  stdio_streams.o(.data)
    __aeabi_stdout                           0x20000014   Data           4  stdio_streams.o(.data)
    __aeabi_stderr                           0x20000018   Data           4  stdio_streams.o(.data)
    __stdin                                  0x2000001c   Data          84  stdio_streams.o(.bss)
    __stdout                                 0x20000070   Data          84  stdio_streams.o(.bss)
    __stderr                                 0x200000c4   Data          84  stdio_streams.o(.bss)
    __libspace_start                         0x20000118   Data          96  libspace.o(.bss)
    __temporary_stack_top$libspace           0x20000178   Data           0  libspace.o(.bss)



==============================================================================

Memory Map of the image

  Image Entry point : 0x08060049

  Load Region ISP_IROM1 (Base: 0x08000000, Size: 0x00000218, Max: 0x00004000, ABSOLUTE)

    Execution Region ISP_ER_IROM1 (Exec base: 0x08000000, Load base: 0x08000000, Size: 0x00000218, Max: 0x00004000, ABSOLUTE)

    Exec Addr    Load Addr    Size         Type   Attr      Idx    E Section Name        Object

    0x08000000   0x08000000   0x00000184   Data   RO          697    RESET               startup_stm32f207xx_isp.o
    0x08000184   0x08000184   0x00000008   Code   RO         1374  * !!!main             c_w.l(__main.o)
    0x0800018c   0x0800018c   0x00000034   Code   RO         1726    !!!scatter          c_w.l(__scatter.o)
    0x080001c0   0x080001c0   0x0000001a   Code   RO         1728    !!handler_copy      c_w.l(__scatter_copy.o)
    0x080001da   0x080001da   0x00000002   PAD
    0x080001dc   0x080001dc   0x0000001c   Code   RO         1730    !!handler_zi        c_w.l(__scatter_zi.o)
    0x080001f8   0x080001f8   0x00000020   Data   RO         1724    Region$$Table       anon$$obj.o



  Load Region APP_IROM (Base: 0x0800c000, Size: 0x00000f1c, Max: 0x00054000, ABSOLUTE)

    Execution Region APP_ER_IROM (Exec base: 0x0800c000, Load base: 0x0800c000, Size: 0x00000f1c, Max: 0x00054000, ABSOLUTE)

    Exec Addr    Load Addr    Size         Type   Attr      Idx    E Section Name        Object

    0x0800c000   0x0800c000   0x00000f1c   Code   RO          692    APP_IROM            app_bin.o



  Load Region ISP_IROM2 (Base: 0x08060000, Size: 0x0000238c, Max: 0x00020000, ABSOLUTE)

    Execution Region ISP_ER_IROM2 (Exec base: 0x08060000, Load base: 0x08060000, Size: 0x00002370, Max: 0x00020000, ABSOLUTE)

    Exec Addr    Load Addr    Size         Type   Attr      Idx    E Section Name        Object

    0x08060000   0x08060000   0x00000000   Code   RO         1367    .ARM.Collect$$_printf_percent$$00000000  c_w.l(_printf_percent.o)
    0x08060000   0x08060000   0x00000006   Code   RO         1366    .ARM.Collect$$_printf_percent$$00000009  c_w.l(_printf_d.o)
    0x08060006   0x08060006   0x00000004   Code   RO         1385    .ARM.Collect$$_printf_percent$$00000017  c_w.l(_printf_percent_end.o)
    0x0806000a   0x0806000a   0x00000002   Code   RO         1515    .ARM.Collect$$libinit$$00000000  c_w.l(libinit.o)
    0x0806000c   0x0806000c   0x00000000   Code   RO         1517    .ARM.Collect$$libinit$$00000002  c_w.l(libinit2.o)
    0x0806000c   0x0806000c   0x00000000   Code   RO         1519    .ARM.Collect$$libinit$$00000004  c_w.l(libinit2.o)
    0x0806000c   0x0806000c   0x00000008   Code   RO         1520    .ARM.Collect$$libinit$$00000005  c_w.l(libinit2.o)
    0x08060014   0x08060014   0x00000000   Code   RO         1522    .ARM.Collect$$libinit$$0000000A  c_w.l(libinit2.o)
    0x08060014   0x08060014   0x00000000   Code   RO         1524    .ARM.Collect$$libinit$$0000000C  c_w.l(libinit2.o)
    0x08060014   0x08060014   0x00000000   Code   RO         1526    .ARM.Collect$$libinit$$0000000E  c_w.l(libinit2.o)
    0x08060014   0x08060014   0x00000000   Code   RO         1529    .ARM.Collect$$libinit$$00000011  c_w.l(libinit2.o)
    0x08060014   0x08060014   0x00000000   Code   RO         1531    .ARM.Collect$$libinit$$00000013  c_w.l(libinit2.o)
    0x08060014   0x08060014   0x00000000   Code   RO         1533    .ARM.Collect$$libinit$$00000015  c_w.l(libinit2.o)
    0x08060014   0x08060014   0x00000000   Code   RO         1535    .ARM.Collect$$libinit$$00000017  c_w.l(libinit2.o)
    0x08060014   0x08060014   0x00000000   Code   RO         1537    .ARM.Collect$$libinit$$00000019  c_w.l(libinit2.o)
    0x08060014   0x08060014   0x00000000   Code   RO         1539    .ARM.Collect$$libinit$$0000001B  c_w.l(libinit2.o)
    0x08060014   0x08060014   0x00000000   Code   RO         1541    .ARM.Collect$$libinit$$0000001D  c_w.l(libinit2.o)
    0x08060014   0x08060014   0x00000000   Code   RO         1543    .ARM.Collect$$libinit$$0000001F  c_w.l(libinit2.o)
    0x08060014   0x08060014   0x00000000   Code   RO         1545    .ARM.Collect$$libinit$$00000021  c_w.l(libinit2.o)
    0x08060014   0x08060014   0x00000000   Code   RO         1547    .ARM.Collect$$libinit$$00000023  c_w.l(libinit2.o)
    0x08060014   0x08060014   0x00000004   Code   RO         1548    .ARM.Collect$$libinit$$00000024  c_w.l(libinit2.o)
    0x08060018   0x08060018   0x00000000   Code   RO         1549    .ARM.Collect$$libinit$$00000025  c_w.l(libinit2.o)
    0x08060018   0x08060018   0x00000000   Code   RO         1553    .ARM.Collect$$libinit$$0000002C  c_w.l(libinit2.o)
    0x08060018   0x08060018   0x00000000   Code   RO         1555    .ARM.Collect$$libinit$$0000002E  c_w.l(libinit2.o)
    0x08060018   0x08060018   0x00000000   Code   RO         1557    .ARM.Collect$$libinit$$00000030  c_w.l(libinit2.o)
    0x08060018   0x08060018   0x00000000   Code   RO         1559    .ARM.Collect$$libinit$$00000032  c_w.l(libinit2.o)
    0x08060018   0x08060018   0x00000002   Code   RO         1560    .ARM.Collect$$libinit$$00000033  c_w.l(libinit2.o)
    0x0806001a   0x0806001a   0x00000002   Code   RO         1707    .ARM.Collect$$libshutdown$$00000000  c_w.l(libshutdown.o)
    0x0806001c   0x0806001c   0x00000000   Code   RO         1562    .ARM.Collect$$libshutdown$$00000002  c_w.l(libshutdown2.o)
    0x0806001c   0x0806001c   0x00000004   Code   RO         1563    .ARM.Collect$$libshutdown$$00000003  c_w.l(libshutdown2.o)
    0x08060020   0x08060020   0x00000000   Code   RO         1564    .ARM.Collect$$libshutdown$$00000004  c_w.l(libshutdown2.o)
    0x08060020   0x08060020   0x00000000   Code   RO         1567    .ARM.Collect$$libshutdown$$00000007  c_w.l(libshutdown2.o)
    0x08060020   0x08060020   0x00000000   Code   RO         1570    .ARM.Collect$$libshutdown$$0000000A  c_w.l(libshutdown2.o)
    0x08060020   0x08060020   0x00000000   Code   RO         1572    .ARM.Collect$$libshutdown$$0000000C  c_w.l(libshutdown2.o)
    0x08060020   0x08060020   0x00000000   Code   RO         1575    .ARM.Collect$$libshutdown$$0000000F  c_w.l(libshutdown2.o)
    0x08060020   0x08060020   0x00000002   Code   RO         1576    .ARM.Collect$$libshutdown$$00000010  c_w.l(libshutdown2.o)
    0x08060022   0x08060022   0x00000000   Code   RO         1376    .ARM.Collect$$rtentry$$00000000  c_w.l(__rtentry.o)
    0x08060022   0x08060022   0x00000000   Code   RO         1393    .ARM.Collect$$rtentry$$00000002  c_w.l(__rtentry2.o)
    0x08060022   0x08060022   0x00000006   Code   RO         1405    .ARM.Collect$$rtentry$$00000004  c_w.l(__rtentry4.o)
    0x08060028   0x08060028   0x00000000   Code   RO         1395    .ARM.Collect$$rtentry$$00000009  c_w.l(__rtentry2.o)
    0x08060028   0x08060028   0x00000004   Code   RO         1396    .ARM.Collect$$rtentry$$0000000A  c_w.l(__rtentry2.o)
    0x0806002c   0x0806002c   0x00000000   Code   RO         1398    .ARM.Collect$$rtentry$$0000000C  c_w.l(__rtentry2.o)
    0x0806002c   0x0806002c   0x00000008   Code   RO         1399    .ARM.Collect$$rtentry$$0000000D  c_w.l(__rtentry2.o)
    0x08060034   0x08060034   0x00000002   Code   RO         1582    .ARM.Collect$$rtexit$$00000000  c_w.l(rtexit.o)
    0x08060036   0x08060036   0x00000000   Code   RO         1640    .ARM.Collect$$rtexit$$00000002  c_w.l(rtexit2.o)
    0x08060036   0x08060036   0x00000004   Code   RO         1641    .ARM.Collect$$rtexit$$00000003  c_w.l(rtexit2.o)
    0x0806003a   0x0806003a   0x00000006   Code   RO         1642    .ARM.Collect$$rtexit$$00000004  c_w.l(rtexit2.o)
    0x08060040   0x08060040   0x00000008   Code   RO           94    .emb_text           isp.o
    0x08060048   0x08060048   0x00000000   Code   RO         1646    .emb_text           c_w.l(maybetermalloc1.o)
    0x08060048   0x08060048   0x00000040   Code   RO          698  * .text               startup_stm32f207xx_isp.o
    0x08060088   0x08060088   0x000000ee   Code   RO         1336    .text               c_w.l(lludivv7m.o)
    0x08060176   0x08060176   0x00000002   PAD
    0x08060178   0x08060178   0x00000018   Code   RO         1340    .text               c_w.l(noretval__2printf.o)
    0x08060190   0x08060190   0x00000068   Code   RO         1342    .text               c_w.l(__printf.o)
    0x080601f8   0x080601f8   0x00000078   Code   RO         1344    .text               c_w.l(_printf_dec.o)
    0x08060270   0x08060270   0x0000004e   Code   RO         1368    .text               c_w.l(rt_memclr_w.o)
    0x080602be   0x080602be   0x00000002   PAD
    0x080602c0   0x080602c0   0x00000080   Code   RO         1370    .text               c_w.l(strcmpv7m.o)
    0x08060340   0x08060340   0x00000006   Code   RO         1372    .text               c_w.l(heapauxi.o)
    0x08060346   0x08060346   0x000000b2   Code   RO         1381    .text               c_w.l(_printf_intcommon.o)
    0x080603f8   0x080603f8   0x00000024   Code   RO         1383    .text               c_w.l(_printf_char_file.o)
    0x0806041c   0x0806041c   0x00000030   Code   RO         1409    .text               c_w.l(_printf_char_common.o)
    0x0806044c   0x0806044c   0x00000008   Code   RO         1411    .text               c_w.l(ferror.o)
    0x08060454   0x08060454   0x00000138   Code   RO         1417    .text               c_w.l(initio.o)
    0x0806058c   0x0806058c   0x0000004a   Code   RO         1427    .text               c_w.l(sys_stackheap_outer.o)
    0x080605d6   0x080605d6   0x0000004e   Code   RO         1431    .text               c_w.l(h1_free.o)
    0x08060624   0x08060624   0x000001d6   Code   RO         1487    .text               c_w.l(flsbuf.o)
    0x080607fa   0x080607fa   0x00000046   Code   RO         1489    .text               c_w.l(setvbuf.o)
    0x08060840   0x08060840   0x000000ec   Code   RO         1492    .text               c_w.l(fopen.o)
    0x0806092c   0x0806092c   0x0000004c   Code   RO         1494    .text               c_w.l(fclose.o)
    0x08060978   0x08060978   0x00000012   Code   RO         1500    .text               c_w.l(exit.o)
    0x0806098a   0x0806098a   0x0000000e   Code   RO         1506    .text               c_w.l(defsig_rtred_outer.o)
    0x08060998   0x08060998   0x00000008   Code   RO         1579    .text               c_w.l(libspace.o)
    0x080609a0   0x080609a0   0x00000008   Code   RO         1589    .text               c_w.l(rt_heap_descriptor_intlibspace.o)
    0x080609a8   0x080609a8   0x00000004   Code   RO         1591    .text               c_w.l(hguard.o)
    0x080609ac   0x080609ac   0x0000008a   Code   RO         1593    .text               c_w.l(init_alloc.o)
    0x08060a36   0x08060a36   0x0000005e   Code   RO         1599    .text               c_w.l(h1_alloc.o)
    0x08060a94   0x08060a94   0x000000f8   Code   RO         1615    .text               c_w.l(fseek.o)
    0x08060b8c   0x08060b8c   0x000000f0   Code   RO         1617    .text               c_w.l(stdio.o)
    0x08060c7c   0x08060c7c   0x0000000a   Code   RO         1623    .text               c_w.l(defsig_exit.o)
    0x08060c86   0x08060c86   0x00000002   PAD
    0x08060c88   0x08060c88   0x00000034   Code   RO         1627    .text               c_w.l(defsig_rtred_inner.o)
    0x08060cbc   0x08060cbc   0x0000000c   Code   RO         1637    .text               c_w.l(sys_exit.o)
    0x08060cc8   0x08060cc8   0x0000000e   Code   RO         1648    .text               c_w.l(h1_init.o)
    0x08060cd6   0x08060cd6   0x00000034   Code   RO         1650    .text               c_w.l(h1_extend.o)
    0x08060d0a   0x08060d0a   0x00000042   Code   RO         1660    .text               c_w.l(ftell.o)
    0x08060d4c   0x08060d4c   0x00000032   Code   RO         1668    .text               c_w.l(defsig_general.o)
    0x08060d7e   0x08060d7e   0x0000000e   Code   RO         1670    .text               c_w.l(defsig_rtmem_outer.o)
    0x08060d8c   0x08060d8c   0x0000000e   Code   RO         1685    .text               c_w.l(sys_wrch.o)
    0x08060d9a   0x08060d9a   0x00000002   Code   RO         1689    .text               c_w.l(use_no_semi.o)
    0x08060d9c   0x08060d9c   0x00000000   Code   RO         1691    .text               c_w.l(indicate_semi.o)
    0x08060d9c   0x08060d9c   0x00000008   Code   RO         1695    .text               c_w.l(rt_errno_addr_intlibspace.o)
    0x08060da4   0x08060da4   0x00000050   Code   RO         1701    .text               c_w.l(defsig_rtmem_inner.o)
    0x08060df4   0x08060df4   0x0000001c   Code   RO          212    i.ADC_IRQHandler    ivt_test.o
    0x08060e10   0x08060e10   0x00000020   Code   RO          213    i.CAN1_RX0_IRQHandler  ivt_test.o
    0x08060e30   0x08060e30   0x00000020   Code   RO          214    i.CAN1_RX1_IRQHandler  ivt_test.o
    0x08060e50   0x08060e50   0x00000020   Code   RO          215    i.CAN1_SCE_IRQHandler  ivt_test.o
    0x08060e70   0x08060e70   0x00000020   Code   RO          216    i.CAN1_TX_IRQHandler  ivt_test.o
    0x08060e90   0x08060e90   0x00000020   Code   RO          217    i.CAN2_RX0_IRQHandler  ivt_test.o
    0x08060eb0   0x08060eb0   0x00000020   Code   RO          218    i.CAN2_RX1_IRQHandler  ivt_test.o
    0x08060ed0   0x08060ed0   0x00000020   Code   RO          219    i.CAN2_SCE_IRQHandler  ivt_test.o
    0x08060ef0   0x08060ef0   0x00000020   Code   RO          220    i.CAN2_TX_IRQHandler  ivt_test.o
    0x08060f10   0x08060f10   0x0000001c   Code   RO          221    i.DCMI_IRQHandler   ivt_test.o
    0x08060f2c   0x08060f2c   0x00000024   Code   RO          222    i.DMA1_Stream0_IRQHandler  ivt_test.o
    0x08060f50   0x08060f50   0x00000024   Code   RO          223    i.DMA1_Stream1_IRQHandler  ivt_test.o
    0x08060f74   0x08060f74   0x00000024   Code   RO          224    i.DMA1_Stream2_IRQHandler  ivt_test.o
    0x08060f98   0x08060f98   0x00000024   Code   RO          225    i.DMA1_Stream3_IRQHandler  ivt_test.o
    0x08060fbc   0x08060fbc   0x00000024   Code   RO          226    i.DMA1_Stream4_IRQHandler  ivt_test.o
    0x08060fe0   0x08060fe0   0x00000024   Code   RO          227    i.DMA1_Stream5_IRQHandler  ivt_test.o
    0x08061004   0x08061004   0x00000024   Code   RO          228    i.DMA1_Stream6_IRQHandler  ivt_test.o
    0x08061028   0x08061028   0x00000024   Code   RO          229    i.DMA1_Stream7_IRQHandler  ivt_test.o
    0x0806104c   0x0806104c   0x00000024   Code   RO          230    i.DMA2_Stream0_IRQHandler  ivt_test.o
    0x08061070   0x08061070   0x00000024   Code   RO          231    i.DMA2_Stream1_IRQHandler  ivt_test.o
    0x08061094   0x08061094   0x00000024   Code   RO          232    i.DMA2_Stream2_IRQHandler  ivt_test.o
    0x080610b8   0x080610b8   0x00000024   Code   RO          233    i.DMA2_Stream3_IRQHandler  ivt_test.o
    0x080610dc   0x080610dc   0x00000024   Code   RO          234    i.DMA2_Stream4_IRQHandler  ivt_test.o
    0x08061100   0x08061100   0x00000024   Code   RO          235    i.DMA2_Stream5_IRQHandler  ivt_test.o
    0x08061124   0x08061124   0x00000024   Code   RO          236    i.DMA2_Stream6_IRQHandler  ivt_test.o
    0x08061148   0x08061148   0x00000024   Code   RO          237    i.DMA2_Stream7_IRQHandler  ivt_test.o
    0x0806116c   0x0806116c   0x0000001c   Code   RO          238    i.ETH_IRQHandler    ivt_test.o
    0x08061188   0x08061188   0x00000020   Code   RO          239    i.ETH_WKUP_IRQHandler  ivt_test.o
    0x080611a8   0x080611a8   0x00000020   Code   RO          240    i.EXTI0_IRQHandler  ivt_test.o
    0x080611c8   0x080611c8   0x00000024   Code   RO          241    i.EXTI15_10_IRQHandler  ivt_test.o
    0x080611ec   0x080611ec   0x00000020   Code   RO          242    i.EXTI1_IRQHandler  ivt_test.o
    0x0806120c   0x0806120c   0x00000020   Code   RO          243    i.EXTI2_IRQHandler  ivt_test.o
    0x0806122c   0x0806122c   0x00000020   Code   RO          244    i.EXTI3_IRQHandler  ivt_test.o
    0x0806124c   0x0806124c   0x00000020   Code   RO          245    i.EXTI4_IRQHandler  ivt_test.o
    0x0806126c   0x0806126c   0x00000020   Code   RO          246    i.EXTI9_5_IRQHandler  ivt_test.o
    0x0806128c   0x0806128c   0x00000018   Code   RO          107    i.Error_Handler     system_config.o
    0x080612a4   0x080612a4   0x00000020   Code   RO          247    i.FLASH_IRQHandler  ivt_test.o
    0x080612c4   0x080612c4   0x0000001c   Code   RO          248    i.FSMC_IRQHandler   ivt_test.o
    0x080612e0   0x080612e0   0x0000000c   Code   RO          755    i.HAL_GetTick       stm32f2xx_hal.o
    0x080612ec   0x080612ec   0x0000004c   Code   RO          763    i.HAL_InitTick      stm32f2xx_hal.o
    0x08061338   0x08061338   0x0000007c   Code   RO          942    i.HAL_NVIC_SetPriority  stm32f2xx_hal_cortex.o
    0x080613b4   0x080613b4   0x0000018c   Code   RO         1138    i.HAL_RCC_ClockConfig  stm32f2xx_hal_rcc.o
    0x08061540   0x08061540   0x000000b0   Code   RO         1147    i.HAL_RCC_GetSysClockFreq  stm32f2xx_hal_rcc.o
    0x080615f0   0x080615f0   0x00000408   Code   RO         1150    i.HAL_RCC_OscConfig  stm32f2xx_hal_rcc.o
    0x080619f8   0x080619f8   0x00000034   Code   RO          947    i.HAL_SYSTICK_Config  stm32f2xx_hal_cortex.o
    0x08061a2c   0x08061a2c   0x00000020   Code   RO          249    i.HASH_RNG_IRQHandler  ivt_test.o
    0x08061a4c   0x08061a4c   0x00000004   Code   RO            4    i.HardFault_Handler  main.o
    0x08061a50   0x08061a50   0x00000020   Code   RO          250    i.I2C1_ER_IRQHandler  ivt_test.o
    0x08061a70   0x08061a70   0x00000020   Code   RO          251    i.I2C1_EV_IRQHandler  ivt_test.o
    0x08061a90   0x08061a90   0x00000020   Code   RO          252    i.I2C2_ER_IRQHandler  ivt_test.o
    0x08061ab0   0x08061ab0   0x00000020   Code   RO          253    i.I2C2_EV_IRQHandler  ivt_test.o
    0x08061ad0   0x08061ad0   0x00000020   Code   RO          254    i.I2C3_ER_IRQHandler  ivt_test.o
    0x08061af0   0x08061af0   0x00000020   Code   RO          255    i.I2C3_EV_IRQHandler  ivt_test.o
    0x08061b10   0x08061b10   0x00000084   Code   RO            5    i.ISP_Handler       main.o
    0x08061b94   0x08061b94   0x00000030   Code   RO         1237    i.ITM_SendChar      retarget_io.o
    0x08061bc4   0x08061bc4   0x00000020   Code   RO          256    i.OTG_FS_IRQHandler  ivt_test.o
    0x08061be4   0x08061be4   0x00000024   Code   RO          257    i.OTG_FS_WKUP_IRQHandler  ivt_test.o
    0x08061c08   0x08061c08   0x00000028   Code   RO          258    i.OTG_HS_EP1_IN_IRQHandler  ivt_test.o
    0x08061c30   0x08061c30   0x00000028   Code   RO          259    i.OTG_HS_EP1_OUT_IRQHandler  ivt_test.o
    0x08061c58   0x08061c58   0x00000020   Code   RO          260    i.OTG_HS_IRQHandler  ivt_test.o
    0x08061c78   0x08061c78   0x00000024   Code   RO          261    i.OTG_HS_WKUP_IRQHandler  ivt_test.o
    0x08061c9c   0x08061c9c   0x0000001c   Code   RO          262    i.PVD_IRQHandler    ivt_test.o
    0x08061cb8   0x08061cb8   0x0000001c   Code   RO          263    i.RCC_IRQHandler    ivt_test.o
    0x08061cd4   0x08061cd4   0x00000024   Code   RO          264    i.RTC_Alarm_IRQHandler  ivt_test.o
    0x08061cf8   0x08061cf8   0x00000020   Code   RO          265    i.RTC_WKUP_IRQHandler  ivt_test.o
    0x08061d18   0x08061d18   0x0000001c   Code   RO          266    i.SDIO_IRQHandler   ivt_test.o
    0x08061d34   0x08061d34   0x00000020   Code   RO          267    i.SPI1_IRQHandler   ivt_test.o
    0x08061d54   0x08061d54   0x0000001c   Code   RO          268    i.SPI2_IRQHandler   ivt_test.o
    0x08061d70   0x08061d70   0x0000001c   Code   RO          269    i.SPI3_IRQHandler   ivt_test.o
    0x08061d8c   0x08061d8c   0x00000002   Code   RO            6    i.SysTick_Handler   main.o
    0x08061d8e   0x08061d8e   0x00000002   PAD
    0x08061d90   0x08061d90   0x00000080   Code   RO          108    i.SystemClock_Config  system_config.o
    0x08061e10   0x08061e10   0x00000002   Code   RO          706    i.SystemInit        system_stm32f2xx_isp.o
    0x08061e12   0x08061e12   0x00000002   PAD
    0x08061e14   0x08061e14   0x00000024   Code   RO          270    i.TAMP_STAMP_IRQHandler  ivt_test.o
    0x08061e38   0x08061e38   0x00000028   Code   RO          271    i.TIM1_BRK_TIM9_IRQHandler  ivt_test.o
    0x08061e60   0x08061e60   0x00000020   Code   RO          272    i.TIM1_CC_IRQHandler  ivt_test.o
    0x08061e80   0x08061e80   0x0000002c   Code   RO          273    i.TIM1_TRG_COM_TIM11_IRQHandler  ivt_test.o
    0x08061eac   0x08061eac   0x00000028   Code   RO          274    i.TIM1_UP_TIM10_IRQHandler  ivt_test.o
    0x08061ed4   0x08061ed4   0x0000001c   Code   RO          275    i.TIM3_IRQHandler   ivt_test.o
    0x08061ef0   0x08061ef0   0x0000001c   Code   RO          276    i.TIM4_IRQHandler   ivt_test.o
    0x08061f0c   0x08061f0c   0x0000001c   Code   RO          277    i.TIM5_IRQHandler   ivt_test.o
    0x08061f28   0x08061f28   0x00000020   Code   RO          278    i.TIM6_DAC_IRQHandler  ivt_test.o
    0x08061f48   0x08061f48   0x0000001c   Code   RO          279    i.TIM7_IRQHandler   ivt_test.o
    0x08061f64   0x08061f64   0x00000028   Code   RO          280    i.TIM8_BRK_TIM12_IRQHandler  ivt_test.o
    0x08061f8c   0x08061f8c   0x00000020   Code   RO          281    i.TIM8_CC_IRQHandler  ivt_test.o
    0x08061fac   0x08061fac   0x0000002c   Code   RO          282    i.TIM8_TRG_COM_TIM14_IRQHandler  ivt_test.o
    0x08061fd8   0x08061fd8   0x00000028   Code   RO          283    i.TIM8_UP_TIM13_IRQHandler  ivt_test.o
    0x08062000   0x08062000   0x00000020   Code   RO          284    i.UART4_IRQHandler  ivt_test.o
    0x08062020   0x08062020   0x00000020   Code   RO          285    i.UART5_IRQHandler  ivt_test.o
    0x08062040   0x08062040   0x00000020   Code   RO          286    i.USART1_IRQHandler  ivt_test.o
    0x08062060   0x08062060   0x00000020   Code   RO          287    i.USART2_IRQHandler  ivt_test.o
    0x08062080   0x08062080   0x00000020   Code   RO          288    i.USART3_IRQHandler  ivt_test.o
    0x080620a0   0x080620a0   0x00000020   Code   RO          289    i.USART6_IRQHandler  ivt_test.o
    0x080620c0   0x080620c0   0x0000001c   Code   RO          290    i.WWDG_IRQHandler   ivt_test.o
    0x080620dc   0x080620dc   0x00000010   Code   RO          949    i.__NVIC_GetPriorityGrouping  stm32f2xx_hal_cortex.o
    0x080620ec   0x080620ec   0x00000028   Code   RO          950    i.__NVIC_SetPriority  stm32f2xx_hal_cortex.o
    0x08062114   0x08062114   0x00000026   Code   RO         1238    i._sys_close        retarget_io.o
    0x0806213a   0x0806213a   0x00000024   Code   RO         1239    i._sys_flen         retarget_io.o
    0x0806215e   0x0806215e   0x00000024   Code   RO         1240    i._sys_istty        retarget_io.o
    0x08062182   0x08062182   0x00000002   PAD
    0x08062184   0x08062184   0x00000068   Code   RO         1241    i._sys_open         retarget_io.o
    0x080621ec   0x080621ec   0x0000002c   Code   RO         1243    i._sys_seek         retarget_io.o
    0x08062218   0x08062218   0x00000058   Code   RO         1244    i._sys_write        retarget_io.o
    0x08062270   0x08062270   0x0000001a   Code   RO            7    i.delay             main.o
    0x0806228a   0x0806228a   0x0000001a   Code   RO         1414    i.fputc             c_w.l(fputc.o)
    0x080622a4   0x080622a4   0x00000084   Code   RO            8    i.main              main.o
    0x08062328   0x08062328   0x0000000c   Code   RO         1245    i.stderr_putchar    retarget_io.o
    0x08062334   0x08062334   0x0000000c   Code   RO         1247    i.stdout_putchar    retarget_io.o
    0x08062340   0x08062340   0x00000018   Data   RO          707    .constdata          system_stm32f2xx_isp.o
    0x08062358   0x08062358   0x00000017   Data   RO         1248    .constdata          retarget_io.o


    Execution Region RW_IRAM2 (Exec base: 0x20000000, Load base: 0x08062370, Size: 0x00000778, Max: 0x00020000, ABSOLUTE)

    Exec Addr    Load Addr    Size         Type   Attr      Idx    E Section Name        Object

    0x20000000   0x08062370   0x00000004   Data   RW          708    .data               system_stm32f2xx_isp.o
    0x20000004   0x08062374   0x00000009   Data   RW          769    .data               stm32f2xx_hal.o
    0x2000000d   0x0806237d   0x00000003   PAD
    0x20000010   0x08062380   0x00000004   Data   RW         1389    .data               c_w.l(stdio_streams.o)
    0x20000014   0x08062384   0x00000004   Data   RW         1390    .data               c_w.l(stdio_streams.o)
    0x20000018   0x08062388   0x00000004   Data   RW         1391    .data               c_w.l(stdio_streams.o)
    0x2000001c        -       0x00000054   Zero   RW         1386    .bss                c_w.l(stdio_streams.o)
    0x20000070        -       0x00000054   Zero   RW         1387    .bss                c_w.l(stdio_streams.o)
    0x200000c4        -       0x00000054   Zero   RW         1388    .bss                c_w.l(stdio_streams.o)
    0x20000118        -       0x00000060   Zero   RW         1580    .bss                c_w.l(libspace.o)
    0x20000178        -       0x00000200   Zero   RW          696    HEAP                startup_stm32f207xx_isp.o
    0x20000378        -       0x00000400   Zero   RW          695    STACK               startup_stm32f207xx_isp.o


==============================================================================

Image component sizes


      Code (inc. data)   RO Data    RW Data    ZI Data      Debug   Object Name

      3868       3868          0          0          0        208   app_bin.o
         8          0          0          0          0        340   isp.o
      2628       1838          0          0          0      35313   ivt_test.o
       296        126          0          0          0     540647   main.o
       418         30         23          0          0       6938   retarget_io.o
        64         26        388          0       1536        800   startup_stm32f207xx_isp.o
        88         18          0          9          0       7252   stm32f2xx_hal.o
       232         14          0          0          0      29667   stm32f2xx_hal_cortex.o
      1604         58          0          0          0       3596   stm32f2xx_hal_rcc.o
       152         22          0          0          0      59689   system_config.o
         2          0         24          4          0       1215   system_stm32f2xx_isp.o

    ----------------------------------------------------------------------
      9366       6000        468         16       1536     685665   Object Totals
         0          0         32          0          0          0   (incl. Generated)
         6          0          1          3          0          0   (incl. Padding)

    ----------------------------------------------------------------------

      Code (inc. data)   RO Data    RW Data    ZI Data      Debug   Library Member Name

         8          0          0          0          0         68   __main.o
       104          0          0          0          0         84   __printf.o
         0          0          0          0          0          0   __rtentry.o
        12          0          0          0          0          0   __rtentry2.o
         6          0          0          0          0          0   __rtentry4.o
        52          8          0          0          0          0   __scatter.o
        26          0          0          0          0          0   __scatter_copy.o
        28          0          0          0          0          0   __scatter_zi.o
        48          6          0          0          0         96   _printf_char_common.o
        36          4          0          0          0         80   _printf_char_file.o
         6          0          0          0          0          0   _printf_d.o
       120         16          0          0          0         92   _printf_dec.o
       178          0          0          0          0         88   _printf_intcommon.o
         0          0          0          0          0          0   _printf_percent.o
         4          0          0          0          0          0   _printf_percent_end.o
        10          0          0          0          0         68   defsig_exit.o
        50          0          0          0          0         88   defsig_general.o
        80         58          0          0          0         76   defsig_rtmem_inner.o
        14          0          0          0          0         80   defsig_rtmem_outer.o
        52         38          0          0          0         76   defsig_rtred_inner.o
        14          0          0          0          0         80   defsig_rtred_outer.o
        18          0          0          0          0         80   exit.o
        76          0          0          0          0         88   fclose.o
         8          0          0          0          0         68   ferror.o
       470          0          0          0          0         88   flsbuf.o
       236          4          0          0          0        128   fopen.o
        26          0          0          0          0         68   fputc.o
       248          6          0          0          0         84   fseek.o
        66          0          0          0          0         76   ftell.o
        94          0          0          0          0         80   h1_alloc.o
        52          0          0          0          0         68   h1_extend.o
        78          0          0          0          0         80   h1_free.o
        14          0          0          0          0         84   h1_init.o
         6          0          0          0          0        152   heapauxi.o
         4          0          0          0          0        136   hguard.o
         0          0          0          0          0          0   indicate_semi.o
       138          0          0          0          0        168   init_alloc.o
       312         46          0          0          0        112   initio.o
         2          0          0          0          0          0   libinit.o
        14          0          0          0          0          0   libinit2.o
         2          0          0          0          0          0   libshutdown.o
         6          0          0          0          0          0   libshutdown2.o
         8          4          0          0         96         68   libspace.o
       238          0          0          0          0        100   lludivv7m.o
         0          0          0          0          0          0   maybetermalloc1.o
        24          4          0          0          0         84   noretval__2printf.o
         8          4          0          0          0         68   rt_errno_addr_intlibspace.o
         8          4          0          0          0         68   rt_heap_descriptor_intlibspace.o
        78          0          0          0          0         80   rt_memclr_w.o
         2          0          0          0          0          0   rtexit.o
        10          0          0          0          0          0   rtexit2.o
        70          0          0          0          0         80   setvbuf.o
       240          6          0          0          0        156   stdio.o
         0          0          0         12        252          0   stdio_streams.o
       128          0          0          0          0         68   strcmpv7m.o
        12          4          0          0          0         68   sys_exit.o
        74          0          0          0          0         80   sys_stackheap_outer.o
        14          0          0          0          0         76   sys_wrch.o
         2          0          0          0          0         68   use_no_semi.o

    ----------------------------------------------------------------------
      3642        212          0         12        348       3600   Library Totals
         8          0          0          0          0          0   (incl. Padding)

    ----------------------------------------------------------------------

      Code (inc. data)   RO Data    RW Data    ZI Data      Debug   Library Name

      3634        212          0         12        348       3600   c_w.l

    ----------------------------------------------------------------------
      3642        212          0         12        348       3600   Library Totals

    ----------------------------------------------------------------------

==============================================================================


      Code (inc. data)   RO Data    RW Data    ZI Data      Debug   

     13008       6212        468         28       1884     681929   Grand Totals
     13008       6212        468         28       1884     681929   ELF Image Totals
     13008       6212        468         28          0          0   ROM Totals

==============================================================================

    Total RO  Size (Code + RO Data)                13476 (  13.16kB)
    Total RW  Size (RW Data + ZI Data)              1912 (   1.87kB)
    Total ROM Size (Code + RO Data + RW Data)      13504 (  13.19kB)

==============================================================================

